Archive member included because of file (symbol)

../../../../BitCloud/lib/libBc_All_Atmega256rfr2_Atmega256rfr2_Gcc.a(aps.o)
                              All_MegaRf_Atmega256rfr2_8Mhz_Gcc/Obj/app.o (APS_RegisterEndpointReq)
../../../../BitCloud/lib/libBc_All_Atmega256rfr2_Atmega256rfr2_Gcc.a(macenvPib.o)
                              All_MegaRf_Atmega256rfr2_8Mhz_Gcc/Obj/sysUtils.o (MAC_GetExtAddr)
../../../../BitCloud/lib/libBc_All_Atmega256rfr2_Atmega256rfr2_Gcc.a(machwdManager.o)
                              All_MegaRf_Atmega256rfr2_8Mhz_Gcc/Obj/sysUtils.o (RF_RandomReq)
../../../../BitCloud/lib/libBc_All_Atmega256rfr2_Atmega256rfr2_Gcc.a(machwdRegAccessHandler.o)
                              ../../../../BitCloud/lib/libBc_All_Atmega256rfr2_Atmega256rfr2_Gcc.a(machwdManager.o) (machwdRegAccessReqHandler)
../../../../BitCloud/lib/libBc_All_Atmega256rfr2_Atmega256rfr2_Gcc.a(machwdResetHandler.o)
                              ../../../../BitCloud/lib/libBc_All_Atmega256rfr2_Atmega256rfr2_Gcc.a(machwdManager.o) (machwdReset)
../../../../BitCloud/lib/libBc_All_Atmega256rfr2_Atmega256rfr2_Gcc.a(machwdRndHandler.o)
                              ../../../../BitCloud/lib/libBc_All_Atmega256rfr2_Atmega256rfr2_Gcc.a(machwdManager.o) (machwdRndReqHandler)
../../../../BitCloud/lib/libBc_All_Atmega256rfr2_Atmega256rfr2_Gcc.a(machwdRxBuffer.o)
                              ../../../../BitCloud/lib/libBc_All_Atmega256rfr2_Atmega256rfr2_Gcc.a(machwdResetHandler.o) (machwdResetRxBuffers)
../../../../BitCloud/lib/libBc_All_Atmega256rfr2_Atmega256rfr2_Gcc.a(machwdRxFrameHandler.o)
                              ../../../../BitCloud/lib/libBc_All_Atmega256rfr2_Atmega256rfr2_Gcc.a(machwdManager.o) (machwdDataReqIndTaskHandler)
../../../../BitCloud/lib/libBc_All_Atmega256rfr2_Atmega256rfr2_Gcc.a(machwdSetHandler.o)
                              ../../../../BitCloud/lib/libBc_All_Atmega256rfr2_Atmega256rfr2_Gcc.a(machwdManager.o) (machwdSetReqHandler)
../../../../BitCloud/lib/libBc_All_Atmega256rfr2_Atmega256rfr2_Gcc.a(machwdTrxCtrl.o)
                              ../../../../BitCloud/lib/libBc_All_Atmega256rfr2_Atmega256rfr2_Gcc.a(machwdSetHandler.o) (machwdSendTrxCmd)
../../../../BitCloud/lib/libBc_All_Atmega256rfr2_Atmega256rfr2_Gcc.a(machwdTrxHandler.o)
                              ../../../../BitCloud/lib/libBc_All_Atmega256rfr2_Atmega256rfr2_Gcc.a(machwdManager.o) (machwdTrxReqHandler)
../../../../BitCloud/lib/libBc_All_Atmega256rfr2_Atmega256rfr2_Gcc.a(machwdTxFrameHandler.o)
                              ../../../../BitCloud/lib/libBc_All_Atmega256rfr2_Atmega256rfr2_Gcc.a(machwdManager.o) (machwdTxFrameHandlerSubState)
../../../../BitCloud/lib/libBc_All_Atmega256rfr2_Atmega256rfr2_Gcc.a(machwiManager.o)
                              All_MegaRf_Atmega256rfr2_8Mhz_Gcc/Obj/sysTaskManager.o (MAC_HWI_TaskHandler)
../../../../BitCloud/lib/libBc_All_Atmega256rfr2_Atmega256rfr2_Gcc.a(machwiOrphanHandler.o)
                              ../../../../BitCloud/lib/libBc_All_Atmega256rfr2_Atmega256rfr2_Gcc.a(machwiManager.o) (machwiOrphanRespHandler)
../../../../BitCloud/lib/libBc_All_Atmega256rfr2_Atmega256rfr2_Gcc.a(machwiPanServer.o)
                              ../../../../BitCloud/lib/libBc_All_Atmega256rfr2_Atmega256rfr2_Gcc.a(machwdRxFrameHandler.o) (MACHWD_DataInd)
../../../../BitCloud/lib/libBc_All_Atmega256rfr2_Atmega256rfr2_Gcc.a(machwiPollHandler.o)
                              ../../../../BitCloud/lib/libBc_All_Atmega256rfr2_Atmega256rfr2_Gcc.a(machwiPanServer.o) (machwiPollInd)
../../../../BitCloud/lib/libBc_All_Atmega256rfr2_Atmega256rfr2_Gcc.a(machwiPurgeHandler.o)
                              ../../../../BitCloud/lib/libBc_All_Atmega256rfr2_Atmega256rfr2_Gcc.a(machwiManager.o) (machwiPurgeReqHandler)
../../../../BitCloud/lib/libBc_All_Atmega256rfr2_Atmega256rfr2_Gcc.a(machwiResetHandler.o)
                              ../../../../BitCloud/lib/libBc_All_Atmega256rfr2_Atmega256rfr2_Gcc.a(machwiManager.o) (machwiResetReqHandler)
../../../../BitCloud/lib/libBc_All_Atmega256rfr2_Atmega256rfr2_Gcc.a(machwiRxEnableHandler.o)
                              ../../../../BitCloud/lib/libBc_All_Atmega256rfr2_Atmega256rfr2_Gcc.a(machwiManager.o) (machwiRxEnableReqHandler)
../../../../BitCloud/lib/libBc_All_Atmega256rfr2_Atmega256rfr2_Gcc.a(machwiScanHandler.o)
                              ../../../../BitCloud/lib/libBc_All_Atmega256rfr2_Atmega256rfr2_Gcc.a(machwiManager.o) (machwiScanReqHandler)
../../../../BitCloud/lib/libBc_All_Atmega256rfr2_Atmega256rfr2_Gcc.a(machwiSetGetHandler.o)
                              ../../../../BitCloud/lib/libBc_All_Atmega256rfr2_Atmega256rfr2_Gcc.a(machwiManager.o) (machwiGetReqHandler)
../../../../BitCloud/lib/libBc_All_Atmega256rfr2_Atmega256rfr2_Gcc.a(machwiStartHandler.o)
                              ../../../../BitCloud/lib/libBc_All_Atmega256rfr2_Atmega256rfr2_Gcc.a(machwiManager.o) (machwiStartReqHandler)
[...]
Memory Configuration

Name             Origin             Length             Attributes
text             0x00000000         0x00040000         xr
boot             0x0003f000         0x00001000         xr
access           0x0003fffe         0x00000002         xr
data             0x00800200         0x00007e0c         rw !x
eeprom           0x00810000         0x00002000         rw !x
*default*        0x00000000         0xffffffff

Linker script and memory map

Address of section .data set to 0x800200
LOAD c:/program files (x86)/atmel/atmel toolchain/avr8 gcc/native/3.4.1061/avr8-gnu-toolchain/bin/../lib/gcc/avr/4.8.1/../../../../avr/lib/avr6/crtm256rfr2.o

.text           0x00000000    0x1e81a
                0x00000000                PROVIDE (__text_start, .)
 *(.vectors)
 .vectors       0x00000000      0x134 c:/program files (x86)/atmel/atmel toolchain/avr8 gcc/native/3.4.1061/avr8-gnu-toolchain/bin/../lib/gcc/avr/4.8.1/../../../../avr/lib/avr6/crtm256rfr2.o
                0x00000000                __vector_default
                0x00000000                __vectors
 *(.vectors)
                0x00000400                . = ALIGN (0x400)
 *fill*         0x00000134      0x2cc 
                0x00000400                PROVIDE (__d_nv_mem_start, .)
                0x00004400                . = ALIGN (0x4400)
 *fill*         0x00000400     0x4000 
                0x00004400                PROVIDE (__d_nv_mem_end, .)
                0x00004400                PROVIDE (__pds_ff_start, .)
 *(.pds_ff)
 .pds_ff        0x00004400       0x96 All_MegaRf_Atmega256rfr2_8Mhz_Gcc/Obj/csPersistentMem.o
                0x00004400                pds_ff_CS_APS_BINDING_TABLE_MEM_ID
                0x00004406                pds_ff_CS_GROUP_TABLE_MEM_ID
                0x0000440c                pds_ff_CS_NEIB_TABLE_MEM_ID
                0x00004412                pds_ff_CS_NWK_LOGICAL_CHANNEL_MEM_ID
                0x00004418                pds_ff_CS_NWK_EXT_PANID_MEM_ID
                0x0000441e                pds_ff_CS_NWK_DEPTH_MEM_ID
                0x00004424                pds_ff_CS_NWK_PARENT_ADDR_MEM_ID
                0x0000442a                pds_ff_NWK_RREQ_IDENTIFIER_MEM_ID
                0x00004430                pds_ff_NWK_UPDATE_ID_MEM_ID
                0x00004436                pds_ff_CS_DTR_WAKEUP_MEM_ID
                0x0000443c                pds_ff_CS_NWK_LEAVE_REQ_ALLOWED_MEM_ID
                0x00004442                pds_ff_CS_NWK_UNIQUE_ADDR_MEM_ID
                0x00004448                pds_ff_CS_NWK_ADDR_MEM_ID
                0x0000444e                pds_ff_CS_NWK_PREDEFINED_PANID_MEM_ID
                0x00004454                pds_ff_CS_NWK_PANID_MEM_ID
                0x0000445a                pds_ff_CS_ZDP_USER_DESCRIPTOR_MEM_ID
                0x00004460                pds_ff_CS_USER_DESCRIPTOR_AVAILABLE_MEM_ID
                0x00004466                pds_ff_CS_COMPLEX_DESCRIPTOR_AVAILABLE_MEM_ID
                0x0000446c                pds_ff_CS_RX_ON_WHEN_IDLE_MEM_ID
                0x00004472                pds_ff_CS_DEVICE_TYPE_MEM_ID
                0x00004478                pds_ff_CS_CHANNEL_PAGE_MEM_ID
                0x0000447e                pds_ff_CS_CHANNEL_MASK_MEM_ID
                0x00004484                pds_ff_CS_EXT_PANID_MEM_ID
                0x0000448a                pds_ff_CS_RF_TX_POWER_MEM_ID
                0x00004490                pds_ff_CS_UID_MEM_ID
                0x00004496                PROVIDE (__pds_ff_end, .)
                0x00004496                PROVIDE (__pds_fd_start, .)
 *(.pds_fd)
 .pds_fd        0x00004496       0x1e All_MegaRf_Atmega256rfr2_8Mhz_Gcc/Obj/csPersistentMem.o
                0x00004496                BCRejoinParamsDirDescr
                0x0000449c                BCExtGenParamsDirDescr
                0x000044a2                BCSystemDirDescr
                0x000044a8                csExtendedParamsDirDescr
                0x000044ae                csGeneralParamsDirDescr
                0x000044b4                PROVIDE (__pds_fd_end, .)
 *(.progmem.gcc*)
 .progmem.gcc_sw_table.macenvSetPibAttr
                0x000044b4       0x98 ../../../../BitCloud/lib/libBc_All_Atmega256rfr2_Atmega256rfr2_Gcc.a(macenvPib.o)
 .progmem.gcc_sw_table.macenvGetPibAttr
                0x0000454c       0x98 ../../../../BitCloud/lib/libBc_All_Atmega256rfr2_Atmega256rfr2_Gcc.a(macenvPib.o)
 .progmem.gcc_sw_table.MAC_PHY_HWD_TaskHandler
                0x000045e4       0x2a ../../../../BitCloud/lib/libBc_All_Atmega256rfr2_Atmega256rfr2_Gcc.a(machwdManager.o)
 .progmem.gcc_sw_table.machwiSendConfToUpperLayer
                0x0000460e       0x20 ../../../../BitCloud/lib/libBc_All_Atmega256rfr2_Atmega256rfr2_Gcc.a(machwiManager.o)
 .progmem.gcc_sw_table.MAC_HWI_TaskHandler
                0x0000462e       0x1c ../../../../BitCloud/lib/libBc_All_Atmega256rfr2_Atmega256rfr2_Gcc.a(machwiManager.o)
 .progmem.gcc_sw_table.MACHWD_DataInd
                0x0000464a       0x16 ../../../../BitCloud/lib/libBc_All_Atmega256rfr2_Atmega256rfr2_Gcc.a(machwiPanServer.o)
 .progmem.gcc_sw_table.machwdSetConfirm
                0x00004660       0x20 ../../../../BitCloud/lib/libBc_All_Atmega256rfr2_Atmega256rfr2_Gcc.a(machwiScanHandler.o)
 .progmem.gcc_sw_table.nwkJoinReqMacSetConf
                0x00004680       0x24 ../../../../BitCloud/lib/libBc_All_Atmega256rfr2_Atmega256rfr2_Gcc.a(nwk.o)
 .progmem.gcc_sw_table.nwkTxDelayReq
                0x000046a4       0x1e ../../../../BitCloud/lib/libBc_All_Atmega256rfr2_Atmega256rfr2_Gcc.a(nwk.o)
 .progmem.gcc_sw_table.nwkTxTaskHandler
                0x000046c2       0x14 ../../../../BitCloud/lib/libBc_All_Atmega256rfr2_Atmega256rfr2_Gcc.a(nwk.o)
 .progmem.gcc_sw_table.zdoZdpReqHandler
                0x000046d6       0x2c ../../../../BitCloud/lib/libBc_All_Atmega256rfr2_Atmega256rfr2_Gcc.a(zdo.o)
 .progmem.gcc_sw_table.NWK_NwkStatusInd
                0x00004702       0x1c ../../../../BitCloud/lib/libBc_All_Atmega256rfr2_Atmega256rfr2_Gcc.a(zdo.o)
 .progmem.gcc_sw_table.APS_ZdoDataInd
                0x0000471e       0x2c ../../../../BitCloud/lib/libBc_All_Atmega256rfr2_Atmega256rfr2_Gcc.a(zdo.o)
 .progmem.gcc_sw_table.machwdParseFrame
                0x0000474a       0x10 ../../../../BitCloud/lib/libBc_All_Atmega256rfr2_Atmega256rfr2_Gcc.a(machwdFrameRoutine.o)
 .progmem.gcc_sw_table.machwdComposeFrame
                0x0000475a       0x16 ../../../../BitCloud/lib/libBc_All_Atmega256rfr2_Atmega256rfr2_Gcc.a(machwdFrameRoutine.o)
 *(.progmem*)
 .progmem.data  0x00004770       0xaa All_MegaRf_Atmega256rfr2_8Mhz_Gcc/Obj/csPersistentMem.o
                0x00004770                BCRejoinParamsMemoryIdsTable
                0x00004794                BCExtGenParamsMemoryIdsTable
                0x000047be                BCSystemMemoryIdsTable
                0x000047f0                CsExtendedMemoryIdsTable
                0x000047f8                CsGeneralMemoryIdsTable
 .progmem.data  0x0000481a      0x366 All_MegaRf_Atmega256rfr2_8Mhz_Gcc/Obj/csMem.o
                0x0000481a                csMemItems
                0x000048aa                csConstItems
                0x00004966                csVarItems
                0x00004a6a                csReadOnlyItems
                0x00004a9c                defaultSIB
                0x00004adf                defaultAIB
                0x00004ae2                defaultZIB
                0x00004af9                defaultNIB
 .progmem.data  0x00004b80       0x10 ../../../../BitCloud/lib/libBc_All_Atmega256rfr2_Atmega256rfr2_Gcc.a(aps.o)
 .progmem.data  0x00004b90      0x138 ../../../../BitCloud/lib/libBc_All_Atmega256rfr2_Atmega256rfr2_Gcc.a(nwk.o)
 .progmem.data  0x00004cc8        0xc ../../../../BitCloud/lib/libBc_All_Atmega256rfr2_Atmega256rfr2_Gcc.a(zdo.o)
 .progmem.data  0x00004cd4       0x20 ../../../../BitCloud/lib/libHAL_MegaRf_Atmega256rfr2_8Mhz_Gcc.a(halTaskManager.o)
                0x00004cd4                halHandlers
 .progmem.data  0x00004cf4        0xc ../../../../BitCloud/lib/libHAL_MegaRf_Atmega256rfr2_8Mhz_Gcc.a(usart.o)
                0x00004d00                . = ALIGN (0x2)
 *(.trampolines*)
 .trampolines   0x00004d00        0x0 linker stubs
 *(.jumptables*)
 *(.lowtext*)
 *(.init0)
 .init0         0x00004d00        0x0 c:/program files (x86)/atmel/atmel toolchain/avr8 gcc/native/3.4.1061/avr8-gnu-toolchain/bin/../lib/gcc/avr/4.8.1/../../../../avr/lib/avr6/crtm256rfr2.o
                0x00004d00                __init
 .init0         0x00004d00       0x36 ../../../../BitCloud/lib/WdtInitatmega256rfr2_Gcc.o
                0x00004d00                halWdtInit
 *(.init0)
 *(.init1)
 *(.init1)
 *(.init2)
 .init2         0x00004d36       0x10 c:/program files (x86)/atmel/atmel toolchain/avr8 gcc/native/3.4.1061/avr8-gnu-toolchain/bin/../lib/gcc/avr/4.8.1/../../../../avr/lib/avr6/crtm256rfr2.o
 *(.init2)
 *(.init3)
 *(.init3)
 *(.init4)
 .init4         0x00004d46       0x1a c:/program files (x86)/atmel/atmel toolchain/avr8 gcc/native/3.4.1061/avr8-gnu-toolchain/bin/../lib/gcc/avr/4.8.1/avr6\libgcc.a(_copy_data.o)
                0x00004d46                __do_copy_data
 .init4         0x00004d60       0x10 c:/program files (x86)/atmel/atmel toolchain/avr8 gcc/native/3.4.1061/avr8-gnu-toolchain/bin/../lib/gcc/avr/4.8.1/avr6\libgcc.a(_clear_bss.o)
                0x00004d60                __do_clear_bss
 *(.init4)
 *(.init5)
 *(.init5)
 *(.init6)
 *(.init6)
 *(.init7)
 *(.init7)
 *(.init8)
 *(.init8)
 *(.text.main)
 *(.text*main)
 .text.startup.main
                0x00004d70        0xa All_MegaRf_Atmega256rfr2_8Mhz_Gcc/Obj/app.o
                0x00004d70                main
 *(.text)
 .text          0x00004d7a        0x4 c:/program files (x86)/atmel/atmel toolchain/avr8 gcc/native/3.4.1061/avr8-gnu-toolchain/bin/../lib/gcc/avr/4.8.1/../../../../avr/lib/avr6/crtm256rfr2.o
                0x00004d7a                __vector_22
                0x00004d7a                __vector_28
                0x00004d7a                __vector_67
                0x00004d7a                __vector_32
                0x00004d7a                __vector_75
                0x00004d7a                __vector_34
                0x00004d7a                __vector_62
                0x00004d7a                __vector_12
                0x00004d7a                __vector_55
                0x00004d7a                __vector_69
                0x00004d7a                __vector_46
                0x00004d7a                __bad_interrupt
                0x00004d7a                __vector_72
                0x00004d7a                __vector_31
                0x00004d7a                __vector_35
                0x00004d7a                __vector_74
                0x00004d7a                __vector_23
                0x00004d7a                __vector_68
                0x00004d7a                __vector_73
                0x00004d7a                __vector_45
                0x00004d7a                __vector_61
                0x00004d7a                __vector_11
                0x00004d7a                __vector_54
                0x00004d7a                __vector_17
                0x00004d7a                __vector_19
                0x00004d7a                __vector_56
                0x00004d7a                __vector_49
                0x00004d7a                __vector_41
                0x00004d7a                __vector_64
                0x00004d7a                __vector_33
                0x00004d7a                __vector_76
                0x00004d7a                __vector_47
                0x00004d7a                __vector_52
                0x00004d7a                __vector_44
                0x00004d7a                __vector_51
                0x00004d7a                __vector_9
                0x00004d7a                __vector_21
                0x00004d7a                __vector_66
                0x00004d7a                __vector_58
                0x00004d7a                __vector_70
                0x00004d7a                __vector_40
                0x00004d7a                __vector_48
                0x00004d7a                __vector_14
                0x00004d7a                __vector_57
                0x00004d7a                __vector_53
                0x00004d7a                __vector_10
                0x00004d7a                __vector_50
                0x00004d7a                __vector_16
                0x00004d7a                __vector_59
                0x00004d7a                __vector_18
                0x00004d7a                __vector_20
                0x00004d7a                __vector_65
 .text          0x00004d7e       0xb8 ../../../../BitCloud/lib/libHAL_MegaRf_Atmega256rfr2_8Mhz_Gcc.a(halW1.o)
                0x00004d7e                halResetW1
                0x00004daa                halReadW1Bit
                0x00004dd4                halReadW1
                0x00004dee                halWriteW1bit
                0x00004e16                halWriteW1
                0x00004e26                __delay_us
 .text          0x00004e36       0x3a ../../../../BitCloud/lib/libHAL_MegaRf_Atmega256rfr2_8Mhz_Gcc.a(halCalibration.o)
                0x00004e36                halMeasurement
 *(.text.*)
 .text.holdGate
                0x00004e70        0x4 All_MegaRf_Atmega256rfr2_8Mhz_Gcc/Obj/app.o
 .text.ZDO_StartNetworkConf
                0x00004e74       0x4e All_MegaRf_Atmega256rfr2_8Mhz_Gcc/Obj/app.o
 .text.initPwm  0x00004ec2       0x34 All_MegaRf_Atmega256rfr2_8Mhz_Gcc/Obj/app.o
                0x00004ec2                initPwm
 .text.APL_TaskHandler
                0x00004ef6       0x9c All_MegaRf_Atmega256rfr2_8Mhz_Gcc/Obj/app.o
                0x00004ef6                APL_TaskHandler
 .text.delayedPost
                0x00004f92       0x24 All_MegaRf_Atmega256rfr2_8Mhz_Gcc/Obj/app.o
                0x00004f92                delayedPost
 .text.APS_DataInd
                0x00004fb6       0xd2 All_MegaRf_Atmega256rfr2_8Mhz_Gcc/Obj/app.o
                0x00004fb6                APS_DataInd
 .text.closeGate
                0x00005088       0x2a All_MegaRf_Atmega256rfr2_8Mhz_Gcc/Obj/app.o
 .text.ZDO_MgmtNwkUpdateNotf
                0x000050b2        0x2 All_MegaRf_Atmega256rfr2_8Mhz_Gcc/Obj/app.o
                0x000050b2                ZDO_MgmtNwkUpdateNotf
 .text.ZDO_WakeUpInd
                0x000050b4        0x2 All_MegaRf_Atmega256rfr2_8Mhz_Gcc/Obj/app.o
                0x000050b4                ZDO_WakeUpInd
 .text.ZDO_BindIndication
                0x000050b6        0x2 All_MegaRf_Atmega256rfr2_8Mhz_Gcc/Obj/app.o
                0x000050b6                ZDO_BindIndication
 .text.ZDO_UnbindIndication
                0x000050b8        0x2 All_MegaRf_Atmega256rfr2_8Mhz_Gcc/Obj/app.o
                0x000050b8                ZDO_UnbindIndication
 .text.copyStrToBuffer
                0x000050ba       0x80 All_MegaRf_Atmega256rfr2_8Mhz_Gcc/Obj/usartManager.o
 .text.usartWriteConf
                0x0000513a       0xac All_MegaRf_Atmega256rfr2_8Mhz_Gcc/Obj/usartManager.o
 .text.appInitUsartManager
                0x000051e6       0x5e All_MegaRf_Atmega256rfr2_8Mhz_Gcc/Obj/usartManager.o
                0x000051e6                appInitUsartManager
 .text.appWriteDataToUsart
                0x00005244       0x68 All_MegaRf_Atmega256rfr2_8Mhz_Gcc/Obj/usartManager.o
                0x00005244                appWriteDataToUsart
 .text.pdsGetFileDescrRec
                0x000052ac       0x62 All_MegaRf_Atmega256rfr2_8Mhz_Gcc/Obj/stdPdsMemAccess.o
                0x000052ac                pdsGetFileDescrRec
 .text.pdsGetFileOffset
                0x0000530e      0x11a All_MegaRf_Atmega256rfr2_8Mhz_Gcc/Obj/stdPdsMemAccess.o
                0x0000530e                pdsGetFileOffset
 .text.pdsPrepareMemoryAccess
                0x00005428       0xd0 All_MegaRf_Atmega256rfr2_8Mhz_Gcc/Obj/stdPdsMemAccess.o
                0x00005428                pdsPrepareMemoryAccess
 .text.pdsExpandWithDirContent
                0x000054f8      0x122 All_MegaRf_Atmega256rfr2_8Mhz_Gcc/Obj/stdPdsMemAccess.o
                0x000054f8                pdsExpandWithDirContent
 .text.pdsPrepareAccessContext
                0x0000561a       0x3a All_MegaRf_Atmega256rfr2_8Mhz_Gcc/Obj/stdPdsMemAccess.o
                0x0000561a                pdsPrepareAccessContext
 .text.pdsTimerFired
                0x00005654        0xc All_MegaRf_Atmega256rfr2_8Mhz_Gcc/Obj/stdPdsTimer.o
 .text.pdsTimerInit
                0x00005660       0x12 All_MegaRf_Atmega256rfr2_8Mhz_Gcc/Obj/stdPdsTimer.o
                0x00005660                pdsTimerInit
 .text.pdsDummyCallback
                0x00005672        0x2 All_MegaRf_Atmega256rfr2_8Mhz_Gcc/Obj/stdPdsWriteData.o
                0x00005672                pdsDummyCallback
 .text.pdsAddDataForCommitment
                0x00005674       0x24 All_MegaRf_Atmega256rfr2_8Mhz_Gcc/Obj/stdPdsWriteData.o
                0x00005674                pdsAddDataForCommitment
 .text.pdsWaitMemoryFree
                0x00005698        0xe All_MegaRf_Atmega256rfr2_8Mhz_Gcc/Obj/stdPdsWriteData.o
                0x00005698                pdsWaitMemoryFree
 .text.pdsWrite
                0x000056a6       0x3c All_MegaRf_Atmega256rfr2_8Mhz_Gcc/Obj/stdPdsWriteData.o
                0x000056a6                pdsWrite
 .text.pdsRead  0x000056e2       0x3c All_MegaRf_Atmega256rfr2_8Mhz_Gcc/Obj/stdPdsWriteData.o
                0x000056e2                pdsRead
 .text.pdsStartCommitment
                0x0000571e      0x176 All_MegaRf_Atmega256rfr2_8Mhz_Gcc/Obj/stdPdsWriteData.o
                0x0000571e                pdsStartCommitment
 .text.pdsCalculateRAMDataCrc
                0x00005894       0x14 All_MegaRf_Atmega256rfr2_8Mhz_Gcc/Obj/stdPdsCrcService.o
                0x00005894                pdsCalculateRAMDataCrc
 .text.PDS_Init
                0x000058a8      0x29a All_MegaRf_Atmega256rfr2_8Mhz_Gcc/Obj/stdPdsInit.o
                0x000058a8                PDS_Init
 .text.pdsMemMaskIsAnyBitSet
                0x00005b42       0x1a All_MegaRf_Atmega256rfr2_8Mhz_Gcc/Obj/stdPdsDataServer.o
 .text.pdsInitMemMask
                0x00005b5c       0x36 All_MegaRf_Atmega256rfr2_8Mhz_Gcc/Obj/stdPdsDataServer.o
 .text.pdsGetMemoryAllowed.part.0
                0x00005b92       0x1a All_MegaRf_Atmega256rfr2_8Mhz_Gcc/Obj/stdPdsDataServer.o
 .text.PDS_Store
                0x00005bac       0x3e All_MegaRf_Atmega256rfr2_8Mhz_Gcc/Obj/stdPdsDataServer.o
                0x00005bac                PDS_Store
 .text.PDS_TaskHandler
                0x00005bea        0x2 All_MegaRf_Atmega256rfr2_8Mhz_Gcc/Obj/stdPdsDataServer.o
                0x00005bea                PDS_TaskHandler
 .text.sysIdleHandlerSleepConf
                0x00005bec        0x2 All_MegaRf_Atmega256rfr2_8Mhz_Gcc/Obj/sysIdleHandler.o
 .text.SYS_IdleHandler
                0x00005bee       0x5a All_MegaRf_Atmega256rfr2_8Mhz_Gcc/Obj/sysIdleHandler.o
                0x00005bee                SYS_IdleHandler
 .text.SYS_IsSleepWhenIdleEnabled
                0x00005c48        0x6 All_MegaRf_Atmega256rfr2_8Mhz_Gcc/Obj/sysIdleHandler.o
                0x00005c48                SYS_IsSleepWhenIdleEnabled
 .text.SYS_Sleep
                0x00005c4e        0x6 All_MegaRf_Atmega256rfr2_8Mhz_Gcc/Obj/sysSleep.o
                0x00005c4e                SYS_Sleep
 .text.SYS_PostEvent
                0x00005c54       0x9c All_MegaRf_Atmega256rfr2_8Mhz_Gcc/Obj/sysEventsHandler.o
                0x00005c54                SYS_PostEvent
 .text.SYS_IsEventDeliverable
                0x00005cf0       0x34 All_MegaRf_Atmega256rfr2_8Mhz_Gcc/Obj/sysEventsHandler.o
                0x00005cf0                SYS_IsEventDeliverable
 .text.SYS_IsEventSubscriber
                0x00005d24       0x2e All_MegaRf_Atmega256rfr2_8Mhz_Gcc/Obj/sysEventsHandler.o
                0x00005d24                SYS_IsEventSubscriber
 .text.SYS_SubscribeToEvent
                0x00005d52       0x82 All_MegaRf_Atmega256rfr2_8Mhz_Gcc/Obj/sysEventsHandler.o
                0x00005d52                SYS_SubscribeToEvent
 .text.SYS_UnsubscribeFromEvent
                0x00005dd4       0x88 All_MegaRf_Atmega256rfr2_8Mhz_Gcc/Obj/sysEventsHandler.o
                0x00005dd4                SYS_UnsubscribeFromEvent
 .text.deleteHeadQueueElem
                0x00005e5c       0x18 All_MegaRf_Atmega256rfr2_8Mhz_Gcc/Obj/sysQueue.o
                0x00005e5c                deleteHeadQueueElem
 .text.deleteQueueElem
                0x00005e74       0x40 All_MegaRf_Atmega256rfr2_8Mhz_Gcc/Obj/sysQueue.o
                0x00005e74                deleteQueueElem
 .text.isQueueElem
                0x00005eb4       0x20 All_MegaRf_Atmega256rfr2_8Mhz_Gcc/Obj/sysQueue.o
                0x00005eb4                isQueueElem
 .text.putQueueElem
                0x00005ed4       0x56 All_MegaRf_Atmega256rfr2_8Mhz_Gcc/Obj/sysQueue.o
                0x00005ed4                putQueueElem
 .text.sysRndConfirm
                0x00005f2a       0x46 All_MegaRf_Atmega256rfr2_8Mhz_Gcc/Obj/sysUtils.o
 .text.sysUpdateRndSeedTimerFired
                0x00005f70        0xa All_MegaRf_Atmega256rfr2_8Mhz_Gcc/Obj/sysUtils.o
 .text.sysStartUpdatingRandSeed
                0x00005f7a       0x24 All_MegaRf_Atmega256rfr2_8Mhz_Gcc/Obj/sysUtils.o
                0x00005f7a                sysStartUpdatingRandSeed
 .text.sysStopUpdatingRandSeed
                0x00005f9e        0xa All_MegaRf_Atmega256rfr2_8Mhz_Gcc/Obj/sysUtils.o
                0x00005f9e                sysStopUpdatingRandSeed
 .text.SYS_DefAssertCallbackError
                0x00005fa8       0x30 All_MegaRf_Atmega256rfr2_8Mhz_Gcc/Obj/sysAssert.o
                0x00005fa8                SYS_DefAssertCallbackError
 .text.SYS_DefAssertCallbackFatal
                0x00005fd8       0x30 All_MegaRf_Atmega256rfr2_8Mhz_Gcc/Obj/sysAssert.o
                0x00005fd8                SYS_DefAssertCallbackFatal
 .text.SYS_DuplicateTableReset
                0x00006008       0x64 All_MegaRf_Atmega256rfr2_8Mhz_Gcc/Obj/sysDuplicateTable.o
                0x00006008                SYS_DuplicateTableReset
 .text.SYS_DuplicateTableCheck
                0x0000606c      0x110 All_MegaRf_Atmega256rfr2_8Mhz_Gcc/Obj/sysDuplicateTable.o
                0x0000606c                SYS_DuplicateTableCheck
 .text.SYS_InitZsiLayer
                0x0000617c        0x4 All_MegaRf_Atmega256rfr2_8Mhz_Gcc/Obj/sysInit.o
                0x0000617c                SYS_InitZsiLayer
 .text.SYS_InitZclLayer
                0x00006180        0x2 All_MegaRf_Atmega256rfr2_8Mhz_Gcc/Obj/sysInit.o
                0x00006180                SYS_InitZclLayer
 .text.processManagerTask
                0x00006182       0x88 All_MegaRf_Atmega256rfr2_8Mhz_Gcc/Obj/sysTaskManager.o
 .text.SYS_SysInit
                0x0000620a       0x2c All_MegaRf_Atmega256rfr2_8Mhz_Gcc/Obj/sysTaskManager.o
                0x0000620a                SYS_SysInit
 .text.SYS_RunTask
                0x00006236       0x2a All_MegaRf_Atmega256rfr2_8Mhz_Gcc/Obj/sysTaskManager.o
                0x00006236                SYS_RunTask
 .text.SYS_ForceRunTask
                0x00006260        0x4 All_MegaRf_Atmega256rfr2_8Mhz_Gcc/Obj/sysTaskManager.o
                0x00006260                SYS_ForceRunTask
 .text.SYS_StartTimer
                0x00006264       0x14 All_MegaRf_Atmega256rfr2_8Mhz_Gcc/Obj/sysTimer.o
                0x00006264                SYS_StartTimer
 .text.SYS_StopTimer
                0x00006278       0x12 All_MegaRf_Atmega256rfr2_8Mhz_Gcc/Obj/sysTimer.o
                0x00006278                SYS_StopTimer
 .text.SYS_InitTimer
                0x0000628a       0x3e All_MegaRf_Atmega256rfr2_8Mhz_Gcc/Obj/sysTimer.o
                0x0000628a                SYS_InitTimer
 .text.BSP_TaskHandler
                0x000062c8        0x2 All_MegaRf_Atmega256rfr2_8Mhz_Gcc/Obj/bspTaskManager.o
                0x000062c8                BSP_TaskHandler
 .text.BSP_OnLed
                0x000062ca       0x18 All_MegaRf_Atmega256rfr2_8Mhz_Gcc/Obj/leds.o
                0x000062ca                BSP_OnLed
 .text.BSP_OffLed
                0x000062e2       0x18 All_MegaRf_Atmega256rfr2_8Mhz_Gcc/Obj/leds.o
                0x000062e2                BSP_OffLed
 .text.BSP_OpenLeds
                0x000062fa       0x14 All_MegaRf_Atmega256rfr2_8Mhz_Gcc/Obj/leds.o
                0x000062fa                BSP_OpenLeds
 .text.BSP_ToggleLed
                0x0000630e       0x22 All_MegaRf_Atmega256rfr2_8Mhz_Gcc/Obj/leds.o
                0x0000630e                BSP_ToggleLed
 .text.csSetToDefault
                0x00006330       0x82 All_MegaRf_Atmega256rfr2_8Mhz_Gcc/Obj/csMem.o
                0x00006330                csSetToDefault
 .text.csGetItem
                0x000063b2       0x84 All_MegaRf_Atmega256rfr2_8Mhz_Gcc/Obj/configServer.o
 .text.CS_Init  0x00006436        0x6 All_MegaRf_Atmega256rfr2_8Mhz_Gcc/Obj/configServer.o
                0x00006436                CS_Init
 .text.CS_GetMemory
                0x0000643c       0x44 All_MegaRf_Atmega256rfr2_8Mhz_Gcc/Obj/configServer.o
                0x0000643c                CS_GetMemory
 .text.CS_ReadParameter
                0x00006480       0x70 All_MegaRf_Atmega256rfr2_8Mhz_Gcc/Obj/configServer.o
                0x00006480                CS_ReadParameter
 .text.CS_WriteParameter
                0x000064f0       0x52 All_MegaRf_Atmega256rfr2_8Mhz_Gcc/Obj/configServer.o
                0x000064f0                CS_WriteParameter
 .text.apsIsFragmentationDataReq
                0x00006542       0x34 ../../../../BitCloud/lib/libBc_All_Atmega256rfr2_Atmega256rfr2_Gcc.a(aps.o)
 .text.apsPostTask
                0x00006576       0x30 ../../../../BitCloud/lib/libBc_All_Atmega256rfr2_Atmega256rfr2_Gcc.a(aps.o)
 .text.apsFreeBuffer
                0x000065a6       0xce ../../../../BitCloud/lib/libBc_All_Atmega256rfr2_Atmega256rfr2_Gcc.a(aps.o)
 .text.apsMakeNwkDataResp
                0x00006674       0x2e ../../../../BitCloud/lib/libBc_All_Atmega256rfr2_Atmega256rfr2_Gcc.a(aps.o)
 .text.apsGetBuffer
                0x000066a2      0x10c ../../../../BitCloud/lib/libBc_All_Atmega256rfr2_Atmega256rfr2_Gcc.a(aps.o)
 .text.apsDataManagerNwkDataConf
                0x000067ae       0x16 ../../../../BitCloud/lib/libBc_All_Atmega256rfr2_Atmega256rfr2_Gcc.a(aps.o)
 .text.apsProcessEvent
                0x000067c4       0x50 ../../../../BitCloud/lib/libBc_All_Atmega256rfr2_Atmega256rfr2_Gcc.a(aps.o)
 .text.dataIndAddrResolvingConf
                0x00006814       0x10 ../../../../BitCloud/lib/libBc_All_Atmega256rfr2_Atmega256rfr2_Gcc.a(aps.o)
 .text.dataReqAddrResolvingConf
                0x00006824       0x10 ../../../../BitCloud/lib/libBc_All_Atmega256rfr2_Atmega256rfr2_Gcc.a(aps.o)
 .text.apsSendNwkDataReq
                0x00006834        0xe ../../../../BitCloud/lib/libBc_All_Atmega256rfr2_Atmega256rfr2_Gcc.a(aps.o)
 .text.apsProcessShortAddrModeDataReq
                0x00006842      0x286 ../../../../BitCloud/lib/libBc_All_Atmega256rfr2_Atmega256rfr2_Gcc.a(aps.o)
 .text.apsSendNextBlock
                0x00006ac8       0x10 ../../../../BitCloud/lib/libBc_All_Atmega256rfr2_Atmega256rfr2_Gcc.a(aps.o)
 .text.apsSendAckForFragmentedReceive
                0x00006ad8       0xc8 ../../../../BitCloud/lib/libBc_All_Atmega256rfr2_Atmega256rfr2_Gcc.a(aps.o)
 .text.apsCalculateApsAckTimeout
                0x00006ba0       0x4a ../../../../BitCloud/lib/libBc_All_Atmega256rfr2_Atmega256rfr2_Gcc.a(aps.o)
 .text.apsGroupNwkDataConf
                0x00006bea       0x4e ../../../../BitCloud/lib/libBc_All_Atmega256rfr2_Atmega256rfr2_Gcc.a(aps.o)
 .text.apsResetMemoryManager
                0x00006c38       0xe6 ../../../../BitCloud/lib/libBc_All_Atmega256rfr2_Atmega256rfr2_Gcc.a(aps.o)
 .text.apsResetBindingTable
                0x00006d1e       0x54 ../../../../BitCloud/lib/libBc_All_Atmega256rfr2_Atmega256rfr2_Gcc.a(aps.o)
 .text.apsStopConf
                0x00006d72       0x52 ../../../../BitCloud/lib/libBc_All_Atmega256rfr2_Atmega256rfr2_Gcc.a(aps.o)
 .text.apsStartAckTimer
                0x00006dc4      0x1e6 ../../../../BitCloud/lib/libBc_All_Atmega256rfr2_Atmega256rfr2_Gcc.a(aps.o)
 .text.apsAckForFragmentedReceiveConfirmHandler
                0x00006faa       0xa2 ../../../../BitCloud/lib/libBc_All_Atmega256rfr2_Atmega256rfr2_Gcc.a(aps.o)
 .text.apsAckOnTimerFired
                0x0000704c      0x166 ../../../../BitCloud/lib/libBc_All_Atmega256rfr2_Atmega256rfr2_Gcc.a(aps.o)
 .text.apsFindBindingEntry
                0x000071b2      0x106 ../../../../BitCloud/lib/libBc_All_Atmega256rfr2_Atmega256rfr2_Gcc.a(aps.o)
 .text.apsIsValidBindingParameters
                0x000072b8       0x7e ../../../../BitCloud/lib/libBc_All_Atmega256rfr2_Atmega256rfr2_Gcc.a(aps.o)
 .text.apsMakeApsDataConf
                0x00007336       0x68 ../../../../BitCloud/lib/libBc_All_Atmega256rfr2_Atmega256rfr2_Gcc.a(aps.o)
 .text.apsGetAckByDataBuffer.isra.5
                0x0000739e       0x82 ../../../../BitCloud/lib/libBc_All_Atmega256rfr2_Atmega256rfr2_Gcc.a(aps.o)
 .text.apsProcessGroupAddrModeDataReq
                0x00007420      0x1ac ../../../../BitCloud/lib/libBc_All_Atmega256rfr2_Atmega256rfr2_Gcc.a(aps.o)
 .text.apsPrepareFragmentedTransmission
                0x000075cc       0x74 ../../../../BitCloud/lib/libBc_All_Atmega256rfr2_Atmega256rfr2_Gcc.a(aps.o)
 .text.apsNextBind
                0x00007640       0xc0 ../../../../BitCloud/lib/libBc_All_Atmega256rfr2_Atmega256rfr2_Gcc.a(aps.o)
 .text.apsSendToNextBoundDevice
                0x00007700      0x140 ../../../../BitCloud/lib/libBc_All_Atmega256rfr2_Atmega256rfr2_Gcc.a(aps.o)
 .text.bindDataReqAddrResolvingConf
                0x00007840       0x7e ../../../../BitCloud/lib/libBc_All_Atmega256rfr2_Atmega256rfr2_Gcc.a(aps.o)
                0x00007840                bindDataReqAddrResolvingConf
 .text.apsProcessIndirectDataReq
                0x000078be       0x6c ../../../../BitCloud/lib/libBc_All_Atmega256rfr2_Atmega256rfr2_Gcc.a(aps.o)
 .text.apsHandleTransmittedData.constprop.13
                0x0000792a       0xc2 ../../../../BitCloud/lib/libBc_All_Atmega256rfr2_Atmega256rfr2_Gcc.a(aps.o)
 .text.APS_BindReq
                0x000079ec       0xbc ../../../../BitCloud/lib/libBc_All_Atmega256rfr2_Atmega256rfr2_Gcc.a(aps.o)
                0x000079ec                APS_BindReq
 .text.APS_FreeBindingEntry
                0x00007aa8       0x64 ../../../../BitCloud/lib/libBc_All_Atmega256rfr2_Atmega256rfr2_Gcc.a(aps.o)
                0x00007aa8                APS_FreeBindingEntry
 .text.APS_UnbindReq
                0x00007b0c       0x28 ../../../../BitCloud/lib/libBc_All_Atmega256rfr2_Atmega256rfr2_Gcc.a(aps.o)
                0x00007b0c                APS_UnbindReq
 .text.APS_NextBindingEntry
                0x00007b34       0x40 ../../../../BitCloud/lib/libBc_All_Atmega256rfr2_Atmega256rfr2_Gcc.a(aps.o)
                0x00007b34                APS_NextBindingEntry
 .text.APS_DataReq
                0x00007b74       0x20 ../../../../BitCloud/lib/libBc_All_Atmega256rfr2_Atmega256rfr2_Gcc.a(aps.o)
                0x00007b74                APS_DataReq
 .text.NWK_DataInd
                0x00007b94       0x20 ../../../../BitCloud/lib/libBc_All_Atmega256rfr2_Atmega256rfr2_Gcc.a(aps.o)
                0x00007b94                NWK_DataInd
 .text.APS_CalculateTimes
                0x00007bb4      0x1ca ../../../../BitCloud/lib/libBc_All_Atmega256rfr2_Atmega256rfr2_Gcc.a(aps.o)
                0x00007bb4                APS_CalculateTimes
 .text.apsResetDataManager
                0x00007d7e       0xee ../../../../BitCloud/lib/libBc_All_Atmega256rfr2_Atmega256rfr2_Gcc.a(aps.o)
 .text.apsNwkResetConf
                0x00007e6c      0x214 ../../../../BitCloud/lib/libBc_All_Atmega256rfr2_Atmega256rfr2_Gcc.a(aps.o)
 .text.apsStateMachineTaskHandler
                0x00008080      0x120 ../../../../BitCloud/lib/libBc_All_Atmega256rfr2_Atmega256rfr2_Gcc.a(aps.o)
 .text.APS_IsProfileIdMatched
                0x000081a0       0x74 ../../../../BitCloud/lib/libBc_All_Atmega256rfr2_Atmega256rfr2_Gcc.a(aps.o)
                0x000081a0                APS_IsProfileIdMatched
 .text.APS_NextEndpoint
                0x00008214       0x16 ../../../../BitCloud/lib/libBc_All_Atmega256rfr2_Atmega256rfr2_Gcc.a(aps.o)
                0x00008214                APS_NextEndpoint
 .text.apsFindEndpoint
                0x0000822a       0x28 ../../../../BitCloud/lib/libBc_All_Atmega256rfr2_Atmega256rfr2_Gcc.a(aps.o)
 .text.APS_RegisterEndpointReq
                0x00008252       0x46 ../../../../BitCloud/lib/libBc_All_Atmega256rfr2_Atmega256rfr2_Gcc.a(aps.o)
                0x00008252                APS_RegisterEndpointReq
 .text.apsGroupIndication
                0x00008298       0xa6 ../../../../BitCloud/lib/libBc_All_Atmega256rfr2_Atmega256rfr2_Gcc.a(aps.o)
 .text.apsUnicastDataInd
                0x0000833e      0x26a ../../../../BitCloud/lib/libBc_All_Atmega256rfr2_Atmega256rfr2_Gcc.a(aps.o)
 .text.apsApduUnicastHandler.constprop.11
                0x000085a8      0x596 ../../../../BitCloud/lib/libBc_All_Atmega256rfr2_Atmega256rfr2_Gcc.a(aps.o)
 .text.apsDataTaskHandler
                0x00008b3e      0xc04 ../../../../BitCloud/lib/libBc_All_Atmega256rfr2_Atmega256rfr2_Gcc.a(aps.o)
 .text.NWK_IntrpDataInd
                0x00009742      0x12e ../../../../BitCloud/lib/libBc_All_Atmega256rfr2_Atmega256rfr2_Gcc.a(aps.o)
                0x00009742                NWK_IntrpDataInd
 .text.APS_Init
                0x00009870       0x2c ../../../../BitCloud/lib/libBc_All_Atmega256rfr2_Atmega256rfr2_Gcc.a(aps.o)
                0x00009870                APS_Init
 .text.APS_ResetReq
                0x0000989c       0x40 ../../../../BitCloud/lib/libBc_All_Atmega256rfr2_Atmega256rfr2_Gcc.a(aps.o)
                0x0000989c                APS_ResetReq
 .text.APS_StartReq
                0x000098dc       0x1e ../../../../BitCloud/lib/libBc_All_Atmega256rfr2_Atmega256rfr2_Gcc.a(aps.o)
                0x000098dc                APS_StartReq
 .text.APS_StopReq
                0x000098fa       0x1e ../../../../BitCloud/lib/libBc_All_Atmega256rfr2_Atmega256rfr2_Gcc.a(aps.o)
                0x000098fa                APS_StopReq
 .text.APS_IsActiveTransaction
                0x00009918       0x7a ../../../../BitCloud/lib/libBc_All_Atmega256rfr2_Atmega256rfr2_Gcc.a(aps.o)
                0x00009918                APS_IsActiveTransaction
 .text.isApsBusyOrPollCheck
                0x00009992       0x60 ../../../../BitCloud/lib/libBc_All_Atmega256rfr2_Atmega256rfr2_Gcc.a(aps.o)
 .text.APS_HandleLeave
                0x000099f2        0xc ../../../../BitCloud/lib/libBc_All_Atmega256rfr2_Atmega256rfr2_Gcc.a(aps.o)
                0x000099f2                APS_HandleLeave
 .text.APS_TaskHandler
                0x000099fe       0xb4 ../../../../BitCloud/lib/libBc_All_Atmega256rfr2_Atmega256rfr2_Gcc.a(aps.o)
                0x000099fe                APS_TaskHandler
 .text.getSymbolsPerOctet
                0x00009ab2       0x30 ../../../../BitCloud/lib/libBc_All_Atmega256rfr2_Atmega256rfr2_Gcc.a(macenvPib.o)
 .text.storeTransmitPower
                0x00009ae2       0x44 ../../../../BitCloud/lib/libBc_All_Atmega256rfr2_Atmega256rfr2_Gcc.a(macenvPib.o)
 .text.calculateMaxFrameDuration
                0x00009b26       0x1c ../../../../BitCloud/lib/libBc_All_Atmega256rfr2_Atmega256rfr2_Gcc.a(macenvPib.o)
 .text.macenvGetPhySymbolDuration
                0x00009b42       0x46 ../../../../BitCloud/lib/libBc_All_Atmega256rfr2_Atmega256rfr2_Gcc.a(macenvPib.o)
                0x00009b42                macenvGetPhySymbolDuration
 .text.macenvConvertTransPersistTimeFromUnitsToMs
                0x00009b88       0x36 ../../../../BitCloud/lib/libBc_All_Atmega256rfr2_Atmega256rfr2_Gcc.a(macenvPib.o)
                0x00009b88                macenvConvertTransPersistTimeFromUnitsToMs
 .text.updateMaxFrameTxTime
                0x00009bbe       0x34 ../../../../BitCloud/lib/libBc_All_Atmega256rfr2_Atmega256rfr2_Gcc.a(macenvPib.o)
 .text.macenvResetPib
                0x00009bf2      0x10e ../../../../BitCloud/lib/libBc_All_Atmega256rfr2_Atmega256rfr2_Gcc.a(macenvPib.o)
                0x00009bf2                macenvResetPib
 .text.macenvSetPibAttr
                0x00009d00      0x26a ../../../../BitCloud/lib/libBc_All_Atmega256rfr2_Atmega256rfr2_Gcc.a(macenvPib.o)
                0x00009d00                macenvSetPibAttr
 .text.macenvCalculateMaxFrameTotalWaitTimeInMs
                0x00009f6a      0x12a ../../../../BitCloud/lib/libBc_All_Atmega256rfr2_Atmega256rfr2_Gcc.a(macenvPib.o)
                0x00009f6a                macenvCalculateMaxFrameTotalWaitTimeInMs
 .text.macenvCalculateResponceWaitTimeInMs
                0x0000a094       0x30 ../../../../BitCloud/lib/libBc_All_Atmega256rfr2_Atmega256rfr2_Gcc.a(macenvPib.o)
                0x0000a094                macenvCalculateResponceWaitTimeInMs
 .text.macenvGetPibAttr
                0x0000a0c4      0x1de ../../../../BitCloud/lib/libBc_All_Atmega256rfr2_Atmega256rfr2_Gcc.a(macenvPib.o)
                0x0000a0c4                macenvGetPibAttr
 .text.MAC_GetExtAddr
                0x0000a2a2        0x6 ../../../../BitCloud/lib/libBc_All_Atmega256rfr2_Atmega256rfr2_Gcc.a(macenvPib.o)
                0x0000a2a2                MAC_GetExtAddr
 .text.MAC_IsOwnExtAddr
                0x0000a2a8       0x1a ../../../../BitCloud/lib/libBc_All_Atmega256rfr2_Atmega256rfr2_Gcc.a(macenvPib.o)
                0x0000a2a8                MAC_IsOwnExtAddr
 .text.MAC_GetOctetsTransmissionTimeInMs
                0x0000a2c2       0x48 ../../../../BitCloud/lib/libBc_All_Atmega256rfr2_Atmega256rfr2_Gcc.a(macenvPib.o)
                0x0000a2c2                MAC_GetOctetsTransmissionTimeInMs
 .text.postNewMacRequest
                0x0000a30a       0x46 ../../../../BitCloud/lib/libBc_All_Atmega256rfr2_Atmega256rfr2_Gcc.a(machwdManager.o)
 .text.putReqInQueue
                0x0000a350       0x16 ../../../../BitCloud/lib/libBc_All_Atmega256rfr2_Atmega256rfr2_Gcc.a(machwdManager.o)
 .text.MACHWD_DataReq
                0x0000a366        0x6 ../../../../BitCloud/lib/libBc_All_Atmega256rfr2_Atmega256rfr2_Gcc.a(machwdManager.o)
                0x0000a366                MACHWD_DataReq
 .text.MACHWD_SetTrxStateReq
                0x0000a36c        0x8 ../../../../BitCloud/lib/libBc_All_Atmega256rfr2_Atmega256rfr2_Gcc.a(machwdManager.o)
                0x0000a36c                MACHWD_SetTrxStateReq
 .text.MACHWD_SetReq
                0x0000a374        0x8 ../../../../BitCloud/lib/libBc_All_Atmega256rfr2_Atmega256rfr2_Gcc.a(machwdManager.o)
                0x0000a374                MACHWD_SetReq
 .text.MACHWD_EdReq
                0x0000a37c        0x8 ../../../../BitCloud/lib/libBc_All_Atmega256rfr2_Atmega256rfr2_Gcc.a(machwdManager.o)
                0x0000a37c                MACHWD_EdReq
 .text.RF_RandomReq
                0x0000a384       0x10 ../../../../BitCloud/lib/libBc_All_Atmega256rfr2_Atmega256rfr2_Gcc.a(machwdManager.o)
                0x0000a384                RF_RandomReq
 .text.MACHWD_Reset
                0x0000a394       0x44 ../../../../BitCloud/lib/libBc_All_Atmega256rfr2_Atmega256rfr2_Gcc.a(machwdManager.o)
                0x0000a394                MACHWD_Reset
 .text.MAC_PHY_HWD_TaskHandler
                0x0000a3d8      0x1de ../../../../BitCloud/lib/libBc_All_Atmega256rfr2_Atmega256rfr2_Gcc.a(machwdManager.o)
                0x0000a3d8                MAC_PHY_HWD_TaskHandler
 .text.machwdRegAccessReqHandler
                0x0000a5b6       0x62 ../../../../BitCloud/lib/libBc_All_Atmega256rfr2_Atmega256rfr2_Gcc.a(machwdRegAccessHandler.o)
                0x0000a5b6                machwdRegAccessReqHandler
 .text.machwdRegAccessTaskHandler
                0x0000a618       0x46 ../../../../BitCloud/lib/libBc_All_Atmega256rfr2_Atmega256rfr2_Gcc.a(machwdRegAccessHandler.o)
                0x0000a618                machwdRegAccessTaskHandler
 .text.machwdReset
                0x0000a65e       0xa8 ../../../../BitCloud/lib/libBc_All_Atmega256rfr2_Atmega256rfr2_Gcc.a(machwdResetHandler.o)
                0x0000a65e                machwdReset
 .text.machwdRndReqHandler
                0x0000a706       0x38 ../../../../BitCloud/lib/libBc_All_Atmega256rfr2_Atmega256rfr2_Gcc.a(machwdRndHandler.o)
                0x0000a706                machwdRndReqHandler
 .text.machwdRndTaskHandler
                0x0000a73e       0x32 ../../../../BitCloud/lib/libBc_All_Atmega256rfr2_Atmega256rfr2_Gcc.a(machwdRndHandler.o)
                0x0000a73e                machwdRndTaskHandler
 .text.machwdResetRndHandler
                0x0000a770        0x6 ../../../../BitCloud/lib/libBc_All_Atmega256rfr2_Atmega256rfr2_Gcc.a(machwdRndHandler.o)
                0x0000a770                machwdResetRndHandler
 .text.machwdResetRxBuffers
                0x0000a776       0xb8 ../../../../BitCloud/lib/libBc_All_Atmega256rfr2_Atmega256rfr2_Gcc.a(machwdRxBuffer.o)
                0x0000a776                machwdResetRxBuffers
 .text.machwdNextBuffer
                0x0000a82e       0x14 ../../../../BitCloud/lib/libBc_All_Atmega256rfr2_Atmega256rfr2_Gcc.a(machwdRxBuffer.o)
                0x0000a82e                machwdNextBuffer
 .text.machwdReleaseBuffer
                0x0000a842       0x4a ../../../../BitCloud/lib/libBc_All_Atmega256rfr2_Atmega256rfr2_Gcc.a(machwdRxBuffer.o)
                0x0000a842                machwdReleaseBuffer
 .text.machwdNextBufferPresent
                0x0000a88c       0x26 ../../../../BitCloud/lib/libBc_All_Atmega256rfr2_Atmega256rfr2_Gcc.a(machwdRxBuffer.o)
                0x0000a88c                machwdNextBufferPresent
 .text.checkRxBuffer
                0x0000a8b2       0x8e ../../../../BitCloud/lib/libBc_All_Atmega256rfr2_Atmega256rfr2_Gcc.a(machwdRxFrameHandler.o)
 .text.machwdPerformIndicationFromBuffer.part.1
                0x0000a940       0xc4 ../../../../BitCloud/lib/libBc_All_Atmega256rfr2_Atmega256rfr2_Gcc.a(machwdRxFrameHandler.o)
 .text.machwdDataReqIndTaskHandler
                0x0000aa04       0x12 ../../../../BitCloud/lib/libBc_All_Atmega256rfr2_Atmega256rfr2_Gcc.a(machwdRxFrameHandler.o)
                0x0000aa04                machwdDataReqIndTaskHandler
 .text.machwdRxFrameIndTaskHandler
                0x0000aa16       0x12 ../../../../BitCloud/lib/libBc_All_Atmega256rfr2_Atmega256rfr2_Gcc.a(machwdRxFrameHandler.o)
                0x0000aa16                machwdRxFrameIndTaskHandler
 .text.executeSetReq
                0x0000aa28       0x6c ../../../../BitCloud/lib/libBc_All_Atmega256rfr2_Atmega256rfr2_Gcc.a(machwdSetHandler.o)
 .text.machwdSetReqHandler
                0x0000aa94       0xd4 ../../../../BitCloud/lib/libBc_All_Atmega256rfr2_Atmega256rfr2_Gcc.a(machwdSetHandler.o)
                0x0000aa94                machwdSetReqHandler
 .text.machwdSetTaskHandler
                0x0000ab68       0x38 ../../../../BitCloud/lib/libBc_All_Atmega256rfr2_Atmega256rfr2_Gcc.a(machwdSetHandler.o)
                0x0000ab68                machwdSetTaskHandler
 .text.machwdResetSetHandler
                0x0000aba0        0xe ../../../../BitCloud/lib/libBc_All_Atmega256rfr2_Atmega256rfr2_Gcc.a(machwdSetHandler.o)
                0x0000aba0                machwdResetSetHandler
 .text.machwdGetPhyTrxCmd
                0x0000abae       0x14 ../../../../BitCloud/lib/libBc_All_Atmega256rfr2_Atmega256rfr2_Gcc.a(machwdTrxCtrl.o)
                0x0000abae                machwdGetPhyTrxCmd
 .text.machwdSendTrxCmd
                0x0000abc2        0xa ../../../../BitCloud/lib/libBc_All_Atmega256rfr2_Atmega256rfr2_Gcc.a(machwdTrxCtrl.o)
                0x0000abc2                machwdSendTrxCmd
 .text.machwdConvertTrxCmdToTrxState
                0x0000abcc       0x14 ../../../../BitCloud/lib/libBc_All_Atmega256rfr2_Atmega256rfr2_Gcc.a(machwdTrxCtrl.o)
                0x0000abcc                machwdConvertTrxCmdToTrxState
 .text.machwdConvertTrxStateToTrxCmd
                0x0000abe0       0x16 ../../../../BitCloud/lib/libBc_All_Atmega256rfr2_Atmega256rfr2_Gcc.a(machwdTrxCtrl.o)
                0x0000abe0                machwdConvertTrxStateToTrxCmd
 .text.machwdTrxReqHandler
                0x0000abf6       0x3c ../../../../BitCloud/lib/libBc_All_Atmega256rfr2_Atmega256rfr2_Gcc.a(machwdTrxHandler.o)
                0x0000abf6                machwdTrxReqHandler
 .text.machwdTrxTaskHandler
                0x0000ac32       0x3e ../../../../BitCloud/lib/libBc_All_Atmega256rfr2_Atmega256rfr2_Gcc.a(machwdTrxHandler.o)
                0x0000ac32                machwdTrxTaskHandler
 .text.machwdResetTrxHandler
                0x0000ac70        0x6 ../../../../BitCloud/lib/libBc_All_Atmega256rfr2_Atmega256rfr2_Gcc.a(machwdTrxHandler.o)
                0x0000ac70                machwdResetTrxHandler
 .text.executeDataReq
                0x0000ac76       0x28 ../../../../BitCloud/lib/libBc_All_Atmega256rfr2_Atmega256rfr2_Gcc.a(machwdTxFrameHandler.o)
 .text.machwdTxFrameReqHandler
                0x0000ac9e       0x5a ../../../../BitCloud/lib/libBc_All_Atmega256rfr2_Atmega256rfr2_Gcc.a(machwdTxFrameHandler.o)
                0x0000ac9e                machwdTxFrameReqHandler
 .text.machwdTxFrameTaskHandler
                0x0000acf8       0x76 ../../../../BitCloud/lib/libBc_All_Atmega256rfr2_Atmega256rfr2_Gcc.a(machwdTxFrameHandler.o)
                0x0000acf8                machwdTxFrameTaskHandler
 .text.machwdResetTxFrameHandler
                0x0000ad6e        0xa ../../../../BitCloud/lib/libBc_All_Atmega256rfr2_Atmega256rfr2_Gcc.a(machwdTxFrameHandler.o)
                0x0000ad6e                machwdResetTxFrameHandler
 .text.machwdTxRetryHandler
                0x0000ad78       0x4e ../../../../BitCloud/lib/libBc_All_Atmega256rfr2_Atmega256rfr2_Gcc.a(machwdTxFrameHandler.o)
                0x0000ad78                machwdTxRetryHandler
 .text.postponeAction.part.0
                0x0000adc6       0x1a ../../../../BitCloud/lib/libBc_All_Atmega256rfr2_Atmega256rfr2_Gcc.a(machwiManager.o)
 .text.putReqInQueue
                0x0000ade0       0x2c ../../../../BitCloud/lib/libBc_All_Atmega256rfr2_Atmega256rfr2_Gcc.a(machwiManager.o)
 .text.machwiSendConfToUpperLayer
                0x0000ae0c       0xf4 ../../../../BitCloud/lib/libBc_All_Atmega256rfr2_Atmega256rfr2_Gcc.a(machwiManager.o)
                0x0000ae0c                machwiSendConfToUpperLayer
 .text.MAC_HWI_TaskHandler
                0x0000af00       0xec ../../../../BitCloud/lib/libBc_All_Atmega256rfr2_Atmega256rfr2_Gcc.a(machwiManager.o)
                0x0000af00                MAC_HWI_TaskHandler
 .text.MAC_AssociateReq
                0x0000afec        0x8 ../../../../BitCloud/lib/libBc_All_Atmega256rfr2_Atmega256rfr2_Gcc.a(machwiManager.o)
                0x0000afec                MAC_AssociateReq
 .text.MAC_AssociateResp
                0x0000aff4        0x8 ../../../../BitCloud/lib/libBc_All_Atmega256rfr2_Atmega256rfr2_Gcc.a(machwiManager.o)
                0x0000aff4                MAC_AssociateResp
 .text.MAC_OrphanResp
                0x0000affc        0x8 ../../../../BitCloud/lib/libBc_All_Atmega256rfr2_Atmega256rfr2_Gcc.a(machwiManager.o)
                0x0000affc                MAC_OrphanResp
 .text.MAC_GetReq
                0x0000b004        0x8 ../../../../BitCloud/lib/libBc_All_Atmega256rfr2_Atmega256rfr2_Gcc.a(machwiManager.o)
                0x0000b004                MAC_GetReq
 .text.MAC_ResetReq
                0x0000b00c       0x66 ../../../../BitCloud/lib/libBc_All_Atmega256rfr2_Atmega256rfr2_Gcc.a(machwiManager.o)
                0x0000b00c                MAC_ResetReq
 .text.MAC_RxEnableReq
                0x0000b072        0x8 ../../../../BitCloud/lib/libBc_All_Atmega256rfr2_Atmega256rfr2_Gcc.a(machwiManager.o)
                0x0000b072                MAC_RxEnableReq
 .text.MAC_ScanReq
                0x0000b07a        0x8 ../../../../BitCloud/lib/libBc_All_Atmega256rfr2_Atmega256rfr2_Gcc.a(machwiManager.o)
                0x0000b07a                MAC_ScanReq
 .text.MAC_SetReq
                0x0000b082        0x8 ../../../../BitCloud/lib/libBc_All_Atmega256rfr2_Atmega256rfr2_Gcc.a(machwiManager.o)
                0x0000b082                MAC_SetReq
 .text.MAC_StartReq
                0x0000b08a        0x8 ../../../../BitCloud/lib/libBc_All_Atmega256rfr2_Atmega256rfr2_Gcc.a(machwiManager.o)
                0x0000b08a                MAC_StartReq
 .text.MAC_PollReq
                0x0000b092        0x8 ../../../../BitCloud/lib/libBc_All_Atmega256rfr2_Atmega256rfr2_Gcc.a(machwiManager.o)
                0x0000b092                MAC_PollReq
 .text.MAC_DataReq
                0x0000b09a        0x8 ../../../../BitCloud/lib/libBc_All_Atmega256rfr2_Atmega256rfr2_Gcc.a(machwiManager.o)
                0x0000b09a                MAC_DataReq
 .text.machwiSendAssociateInd
                0x0000b0a2        0xe ../../../../BitCloud/lib/libBc_All_Atmega256rfr2_Atmega256rfr2_Gcc.a(machwiManager.o)
                0x0000b0a2                machwiSendAssociateInd
 .text.machwiSendDataInd
                0x0000b0b0        0xe ../../../../BitCloud/lib/libBc_All_Atmega256rfr2_Atmega256rfr2_Gcc.a(machwiManager.o)
                0x0000b0b0                machwiSendDataInd
 .text.machwiSendBeaconNotifyInd
                0x0000b0be        0xe ../../../../BitCloud/lib/libBc_All_Atmega256rfr2_Atmega256rfr2_Gcc.a(machwiManager.o)
                0x0000b0be                machwiSendBeaconNotifyInd
 .text.machwiSendSyncLossNotifyInd
                0x0000b0cc        0xe ../../../../BitCloud/lib/libBc_All_Atmega256rfr2_Atmega256rfr2_Gcc.a(machwiManager.o)
                0x0000b0cc                machwiSendSyncLossNotifyInd
 .text.machwiSendOrphanInd
                0x0000b0da        0xe ../../../../BitCloud/lib/libBc_All_Atmega256rfr2_Atmega256rfr2_Gcc.a(machwiManager.o)
                0x0000b0da                machwiSendOrphanInd
 .text.machwiSendPollInd
                0x0000b0e8        0xe ../../../../BitCloud/lib/libBc_All_Atmega256rfr2_Atmega256rfr2_Gcc.a(machwiManager.o)
                0x0000b0e8                machwiSendPollInd
 .text.machwiTxTransactionReq
                0x0000b0f6       0x16 ../../../../BitCloud/lib/libBc_All_Atmega256rfr2_Atmega256rfr2_Gcc.a(machwiManager.o)
                0x0000b0f6                machwiTxTransactionReq
 .text.machwiTxBeaconReq
                0x0000b10c       0x16 ../../../../BitCloud/lib/libBc_All_Atmega256rfr2_Atmega256rfr2_Gcc.a(machwiManager.o)
                0x0000b10c                machwiTxBeaconReq
 .text.machwiTxEmptyDataFrameReq
                0x0000b122       0x12 ../../../../BitCloud/lib/libBc_All_Atmega256rfr2_Atmega256rfr2_Gcc.a(machwiManager.o)
                0x0000b122                machwiTxEmptyDataFrameReq
 .text.MAC_IsActiveTransaction
                0x0000b134       0x18 ../../../../BitCloud/lib/libBc_All_Atmega256rfr2_Atmega256rfr2_Gcc.a(machwiManager.o)
                0x0000b134                MAC_IsActiveTransaction
 .text.isMacBusyRequest
                0x0000b14c       0x1c ../../../../BitCloud/lib/libBc_All_Atmega256rfr2_Atmega256rfr2_Gcc.a(machwiManager.o)
 .text.machwdDataConfirm
                0x0000b168       0x20 ../../../../BitCloud/lib/libBc_All_Atmega256rfr2_Atmega256rfr2_Gcc.a(machwiOrphanHandler.o)
 .text.machwiOrphanRespHandler
                0x0000b188      0x158 ../../../../BitCloud/lib/libBc_All_Atmega256rfr2_Atmega256rfr2_Gcc.a(machwiOrphanHandler.o)
                0x0000b188                machwiOrphanRespHandler
 .text.machwiOrphanNotificationInd
                0x0000b2e0       0x42 ../../../../BitCloud/lib/libBc_All_Atmega256rfr2_Atmega256rfr2_Gcc.a(machwiOrphanHandler.o)
                0x0000b2e0                machwiOrphanNotificationInd
 .text.MACHWD_DataInd
                0x0000b322       0xc0 ../../../../BitCloud/lib/libBc_All_Atmega256rfr2_Atmega256rfr2_Gcc.a(machwiPanServer.o)
                0x0000b322                MACHWD_DataInd
 .text.machwiEnableBeaconTransmission
                0x0000b3e2        0x8 ../../../../BitCloud/lib/libBc_All_Atmega256rfr2_Atmega256rfr2_Gcc.a(machwiPanServer.o)
                0x0000b3e2                machwiEnableBeaconTransmission
 .text.machwiResetPanServer
                0x0000b3ea        0x6 ../../../../BitCloud/lib/libBc_All_Atmega256rfr2_Atmega256rfr2_Gcc.a(machwiPanServer.o)
                0x0000b3ea                machwiResetPanServer
 .text.completeHandling
                0x0000b3f0       0x16 ../../../../BitCloud/lib/libBc_All_Atmega256rfr2_Atmega256rfr2_Gcc.a(machwiPollHandler.o)
 .text.halPollTimerFired
                0x0000b406        0x4 ../../../../BitCloud/lib/libBc_All_Atmega256rfr2_Atmega256rfr2_Gcc.a(machwiPollHandler.o)
 .text.switchingCompleted
                0x0000b40a       0x10 ../../../../BitCloud/lib/libBc_All_Atmega256rfr2_Atmega256rfr2_Gcc.a(machwiPollHandler.o)
 .text.machwdDataConfirmEmptyData
                0x0000b41a       0x1e ../../../../BitCloud/lib/libBc_All_Atmega256rfr2_Atmega256rfr2_Gcc.a(machwiPollHandler.o)
 .text.machwdDataConfirm
                0x0000b438       0x68 ../../../../BitCloud/lib/libBc_All_Atmega256rfr2_Atmega256rfr2_Gcc.a(machwiPollHandler.o)
 .text.machwiResetPollHandler
                0x0000b4a0        0x6 ../../../../BitCloud/lib/libBc_All_Atmega256rfr2_Atmega256rfr2_Gcc.a(machwiPollHandler.o)
                0x0000b4a0                machwiResetPollHandler
 .text.machwiPollInd
                0x0000b4a6       0x4e ../../../../BitCloud/lib/libBc_All_Atmega256rfr2_Atmega256rfr2_Gcc.a(machwiPollHandler.o)
                0x0000b4a6                machwiPollInd
 .text.machwiDataIndication
                0x0000b4f4      0x160 ../../../../BitCloud/lib/libBc_All_Atmega256rfr2_Atmega256rfr2_Gcc.a(machwiPollHandler.o)
                0x0000b4f4                machwiDataIndication
 .text.machwiPollReqHandler
                0x0000b654      0x118 ../../../../BitCloud/lib/libBc_All_Atmega256rfr2_Atmega256rfr2_Gcc.a(machwiPollHandler.o)
                0x0000b654                machwiPollReqHandler
 .text.machwiPollHandlerReplyWithEmptyDataFrame
                0x0000b76c       0x8a ../../../../BitCloud/lib/libBc_All_Atmega256rfr2_Atmega256rfr2_Gcc.a(machwiPollHandler.o)
                0x0000b76c                machwiPollHandlerReplyWithEmptyDataFrame
 .text.machwiPurgeReqHandler
                0x0000b7f6       0x2c ../../../../BitCloud/lib/libBc_All_Atmega256rfr2_Atmega256rfr2_Gcc.a(machwiPurgeHandler.o)
                0x0000b7f6                machwiPurgeReqHandler
 .text.machwdSetConfirm
                0x0000b822       0x1a ../../../../BitCloud/lib/libBc_All_Atmega256rfr2_Atmega256rfr2_Gcc.a(machwiResetHandler.o)
 .text.machwdSetTrxStateConfirm
                0x0000b83c        0xa ../../../../BitCloud/lib/libBc_All_Atmega256rfr2_Atmega256rfr2_Gcc.a(machwiResetHandler.o)
 .text.machwiResetReqHandler
                0x0000b846       0x96 ../../../../BitCloud/lib/libBc_All_Atmega256rfr2_Atmega256rfr2_Gcc.a(machwiResetHandler.o)
                0x0000b846                machwiResetReqHandler
 .text.machwdSetTrxStateConfirm
                0x0000b8dc        0xe ../../../../BitCloud/lib/libBc_All_Atmega256rfr2_Atmega256rfr2_Gcc.a(machwiRxEnableHandler.o)
 .text.machwiRxEnableReqHandler
                0x0000b8ea       0x3a ../../../../BitCloud/lib/libBc_All_Atmega256rfr2_Atmega256rfr2_Gcc.a(machwiRxEnableHandler.o)
                0x0000b8ea                machwiRxEnableReqHandler
 .text.switchToActiveChannel
                0x0000b924       0x2a ../../../../BitCloud/lib/libBc_All_Atmega256rfr2_Atmega256rfr2_Gcc.a(machwiScanHandler.o)
 .text.trxStateHandling
                0x0000b94e       0x18 ../../../../BitCloud/lib/libBc_All_Atmega256rfr2_Atmega256rfr2_Gcc.a(machwiScanHandler.o)
 .text.finishScan
                0x0000b966       0x18 ../../../../BitCloud/lib/libBc_All_Atmega256rfr2_Atmega256rfr2_Gcc.a(machwiScanHandler.o)
 .text.setNextChannel
                0x0000b97e       0x74 ../../../../BitCloud/lib/libBc_All_Atmega256rfr2_Atmega256rfr2_Gcc.a(machwiScanHandler.o)
 .text.machwdSetConfirm
                0x0000b9f2      0x2c4 ../../../../BitCloud/lib/libBc_All_Atmega256rfr2_Atmega256rfr2_Gcc.a(machwiScanHandler.o)
 .text.halScanTimerFired
                0x0000bcb6       0x24 ../../../../BitCloud/lib/libBc_All_Atmega256rfr2_Atmega256rfr2_Gcc.a(machwiScanHandler.o)
 .text.machwdDataConfirm
                0x0000bcda       0x6e ../../../../BitCloud/lib/libBc_All_Atmega256rfr2_Atmega256rfr2_Gcc.a(machwiScanHandler.o)
 .text.machwdEdConfirm
                0x0000bd48       0xde ../../../../BitCloud/lib/libBc_All_Atmega256rfr2_Atmega256rfr2_Gcc.a(machwiScanHandler.o)
 .text.machwdSetTrxStateConfirm
                0x0000be26       0xfa ../../../../BitCloud/lib/libBc_All_Atmega256rfr2_Atmega256rfr2_Gcc.a(machwiScanHandler.o)
 .text.machwiScanReqHandler
                0x0000bf20      0x18e ../../../../BitCloud/lib/libBc_All_Atmega256rfr2_Atmega256rfr2_Gcc.a(machwiScanHandler.o)
                0x0000bf20                machwiScanReqHandler
 .text.machwiBeaconInd
                0x0000c0ae      0x278 ../../../../BitCloud/lib/libBc_All_Atmega256rfr2_Atmega256rfr2_Gcc.a(machwiScanHandler.o)
                0x0000c0ae                machwiBeaconInd
 .text.machwiCoordRealignmentCommandInd
                0x0000c326      0x11c ../../../../BitCloud/lib/libBc_All_Atmega256rfr2_Atmega256rfr2_Gcc.a(machwiScanHandler.o)
                0x0000c326                machwiCoordRealignmentCommandInd
 .text.machwiResetScanHandler
                0x0000c442        0x6 ../../../../BitCloud/lib/libBc_All_Atmega256rfr2_Atmega256rfr2_Gcc.a(machwiScanHandler.o)
                0x0000c442                machwiResetScanHandler
 .text.machwdSetConfirm
                0x0000c448        0xc ../../../../BitCloud/lib/libBc_All_Atmega256rfr2_Atmega256rfr2_Gcc.a(machwiSetGetHandler.o)
 .text.machwiGetReqHandler
                0x0000c454       0x4c ../../../../BitCloud/lib/libBc_All_Atmega256rfr2_Atmega256rfr2_Gcc.a(machwiSetGetHandler.o)
                0x0000c454                machwiGetReqHandler
 .text.machwiSetReqHandler
                0x0000c4a0       0xcc ../../../../BitCloud/lib/libBc_All_Atmega256rfr2_Atmega256rfr2_Gcc.a(machwiSetGetHandler.o)
                0x0000c4a0                machwiSetReqHandler
 .text.setHandling
                0x0000c56c       0x64 ../../../../BitCloud/lib/libBc_All_Atmega256rfr2_Atmega256rfr2_Gcc.a(machwiStartHandler.o)
 .text.setStartReqParam
                0x0000c5d0       0xa2 ../../../../BitCloud/lib/libBc_All_Atmega256rfr2_Atmega256rfr2_Gcc.a(machwiStartHandler.o)
 .text.generateConfirm
                0x0000c672       0x38 ../../../../BitCloud/lib/libBc_All_Atmega256rfr2_Atmega256rfr2_Gcc.a(machwiStartHandler.o)
 .text.machwdSetConfirm
                0x0000c6aa      0x15e ../../../../BitCloud/lib/libBc_All_Atmega256rfr2_Atmega256rfr2_Gcc.a(machwiStartHandler.o)
 .text.machwdDataConfirm
                0x0000c808       0x32 ../../../../BitCloud/lib/libBc_All_Atmega256rfr2_Atmega256rfr2_Gcc.a(machwiStartHandler.o)
 .text.machwiStartReqHandler
                0x0000c83a       0x3c ../../../../BitCloud/lib/libBc_All_Atmega256rfr2_Atmega256rfr2_Gcc.a(machwiStartHandler.o)
                0x0000c83a                machwiStartReqHandler
 .text.machwiResetStartHandler
                0x0000c876        0xa ../../../../BitCloud/lib/libBc_All_Atmega256rfr2_Atmega256rfr2_Gcc.a(machwiStartHandler.o)
                0x0000c876                machwiResetStartHandler
 .text.machwdSetTrxStateConfirm
                0x0000c880        0xc ../../../../BitCloud/lib/libBc_All_Atmega256rfr2_Atmega256rfr2_Gcc.a(machwiSwitchRxCtrl.o)
 .text.machwiSwitchRxAccordToRxOnWhenIdle
                0x0000c88c       0x28 ../../../../BitCloud/lib/libBc_All_Atmega256rfr2_Atmega256rfr2_Gcc.a(machwiSwitchRxCtrl.o)
                0x0000c88c                machwiSwitchRxAccordToRxOnWhenIdle
 .text.machwiResetTransactionHandler
                0x0000c8b4        0xa ../../../../BitCloud/lib/libBc_All_Atmega256rfr2_Atmega256rfr2_Gcc.a(machwiTransactionHandler.o)
                0x0000c8b4                machwiResetTransactionHandler
 .text.machwiSendTransactionEvent
                0x0000c8be      0x190 ../../../../BitCloud/lib/libBc_All_Atmega256rfr2_Atmega256rfr2_Gcc.a(machwiTransactionHandler.o)
                0x0000c8be                machwiSendTransactionEvent
 .text.finishTransactionHandling
                0x0000ca4e       0xbe ../../../../BitCloud/lib/libBc_All_Atmega256rfr2_Atmega256rfr2_Gcc.a(machwiTransactionHandler.o)
 .text.machwdDataConfirm
                0x0000cb0c       0x54 ../../../../BitCloud/lib/libBc_All_Atmega256rfr2_Atmega256rfr2_Gcc.a(machwiTransactionHandler.o)
 .text.transactionTimerFired
                0x0000cb60       0x4e ../../../../BitCloud/lib/libBc_All_Atmega256rfr2_Atmega256rfr2_Gcc.a(machwiTransactionQueue.o)
 .text.machwiPutTransactionToQueue
                0x0000cbae       0x60 ../../../../BitCloud/lib/libBc_All_Atmega256rfr2_Atmega256rfr2_Gcc.a(machwiTransactionQueue.o)
                0x0000cbae                machwiPutTransactionToQueue
 .text.machwiGetActivatedTransactionFromQueue
                0x0000cc0e       0x1c ../../../../BitCloud/lib/libBc_All_Atmega256rfr2_Atmega256rfr2_Gcc.a(machwiTransactionQueue.o)
                0x0000cc0e                machwiGetActivatedTransactionFromQueue
 .text.machwiTestAndKickQueueTransactions
                0x0000cc2a      0x1ea ../../../../BitCloud/lib/libBc_All_Atmega256rfr2_Atmega256rfr2_Gcc.a(machwiTransactionQueue.o)
                0x0000cc2a                machwiTestAndKickQueueTransactions
 .text.machwiFillPendingAddrSpecAndList
                0x0000ce14        0xa ../../../../BitCloud/lib/libBc_All_Atmega256rfr2_Atmega256rfr2_Gcc.a(machwiTransactionQueue.o)
                0x0000ce14                machwiFillPendingAddrSpecAndList
 .text.machwiDeleteTransactionFromQueue
                0x0000ce1e       0x30 ../../../../BitCloud/lib/libBc_All_Atmega256rfr2_Atmega256rfr2_Gcc.a(machwiTransactionQueue.o)
                0x0000ce1e                machwiDeleteTransactionFromQueue
 .text.machwiPurgeTransactionFromQueue
                0x0000ce4e       0x36 ../../../../BitCloud/lib/libBc_All_Atmega256rfr2_Atmega256rfr2_Gcc.a(machwiTransactionQueue.o)
                0x0000ce4e                machwiPurgeTransactionFromQueue
 .text.machwiResetTransactionQueue
                0x0000ce84       0x60 ../../../../BitCloud/lib/libBc_All_Atmega256rfr2_Atmega256rfr2_Gcc.a(machwiTransactionQueue.o)
                0x0000ce84                machwiResetTransactionQueue
 .text.machwiTransactionQueueEmpty
                0x0000cee4       0x12 ../../../../BitCloud/lib/libBc_All_Atmega256rfr2_Atmega256rfr2_Gcc.a(machwiTransactionQueue.o)
                0x0000cee4                machwiTransactionQueueEmpty
 .text.nwkAddressConflictIsIdle
                0x0000cef6        0xe ../../../../BitCloud/lib/libBc_All_Atmega256rfr2_Atmega256rfr2_Gcc.a(nwk.o)
 .text.nwkFindAddressMapEntryByShortAddr
                0x0000cf04       0x32 ../../../../BitCloud/lib/libBc_All_Atmega256rfr2_Atmega256rfr2_Gcc.a(nwk.o)
 .text.unlikely.nwkClearBTR
                0x0000cf36       0x44 ../../../../BitCloud/lib/libBc_All_Atmega256rfr2_Atmega256rfr2_Gcc.a(nwk.o)
 .text.nwkDataReqIsIdle
                0x0000cf7a        0xe ../../../../BitCloud/lib/libBc_All_Atmega256rfr2_Atmega256rfr2_Gcc.a(nwk.o)
 .text.nwkDiscoveryIsIdle
                0x0000cf88        0xe ../../../../BitCloud/lib/libBc_All_Atmega256rfr2_Atmega256rfr2_Gcc.a(nwk.o)
 .text.nwkEDScanIsIdle
                0x0000cf96        0xe ../../../../BitCloud/lib/libBc_All_Atmega256rfr2_Atmega256rfr2_Gcc.a(nwk.o)
 .text.nwkFormationIsIdle
                0x0000cfa4        0xe ../../../../BitCloud/lib/libBc_All_Atmega256rfr2_Atmega256rfr2_Gcc.a(nwk.o)
 .text.unlikely.nwkParseHeader
                0x0000cfb2       0x9e ../../../../BitCloud/lib/libBc_All_Atmega256rfr2_Atmega256rfr2_Gcc.a(nwk.o)
 .text.nwkJoinIndIsIdle
                0x0000d050       0x32 ../../../../BitCloud/lib/libBc_All_Atmega256rfr2_Atmega256rfr2_Gcc.a(nwk.o)
 .text.nwkJoinReqIsIdle
                0x0000d082        0xe ../../../../BitCloud/lib/libBc_All_Atmega256rfr2_Atmega256rfr2_Gcc.a(nwk.o)
 .text.nwkJoinComplete
                0x0000d090        0x8 ../../../../BitCloud/lib/libBc_All_Atmega256rfr2_Atmega256rfr2_Gcc.a(nwk.o)
 .text.nwkLeaveReqIsIdle
                0x0000d098        0xe ../../../../BitCloud/lib/libBc_All_Atmega256rfr2_Atmega256rfr2_Gcc.a(nwk.o)
 .text.nwkLinkStatusIsIdle
                0x0000d0a6        0xe ../../../../BitCloud/lib/libBc_All_Atmega256rfr2_Atmega256rfr2_Gcc.a(nwk.o)
 .text.nwkLoopbackIsIdle
                0x0000d0b4        0xe ../../../../BitCloud/lib/libBc_All_Atmega256rfr2_Atmega256rfr2_Gcc.a(nwk.o)
 .text.nwkNextSleepingChildForIndirectTx
                0x0000d0c2       0x4a ../../../../BitCloud/lib/libBc_All_Atmega256rfr2_Atmega256rfr2_Gcc.a(nwk.o)
 .text.nwkGetOutgoingCost
                0x0000d10c       0x40 ../../../../BitCloud/lib/libBc_All_Atmega256rfr2_Atmega256rfr2_Gcc.a(nwk.o)
 .text.nwkClearNeighborTable
                0x0000d14c       0x64 ../../../../BitCloud/lib/libBc_All_Atmega256rfr2_Atmega256rfr2_Gcc.a(nwk.o)
 .text.nwkFreeNeighbor
                0x0000d1b0       0x24 ../../../../BitCloud/lib/libBc_All_Atmega256rfr2_Atmega256rfr2_Gcc.a(nwk.o)
 .text.nwkFindEndDeviceChild
                0x0000d1d4       0x3e ../../../../BitCloud/lib/libBc_All_Atmega256rfr2_Atmega256rfr2_Gcc.a(nwk.o)
 .text.nwkOrphanMacCommStatusInd
                0x0000d212        0x8 ../../../../BitCloud/lib/libBc_All_Atmega256rfr2_Atmega256rfr2_Gcc.a(nwk.o)
 .text.nwkFindPassiveAck
                0x0000d21a       0x2e ../../../../BitCloud/lib/libBc_All_Atmega256rfr2_Atmega256rfr2_Gcc.a(nwk.o)
 .text.nwkNewPassiveAck
                0x0000d248      0x104 ../../../../BitCloud/lib/libBc_All_Atmega256rfr2_Atmega256rfr2_Gcc.a(nwk.o)
 .text.nwkFreePassiveAck
                0x0000d34c       0x22 ../../../../BitCloud/lib/libBc_All_Atmega256rfr2_Atmega256rfr2_Gcc.a(nwk.o)
 .text.nwkPermitJoiningIsIdle
                0x0000d36e       0x10 ../../../../BitCloud/lib/libBc_All_Atmega256rfr2_Atmega256rfr2_Gcc.a(nwk.o)
 .text.nwkResetIsIdle
                0x0000d37e        0xe ../../../../BitCloud/lib/libBc_All_Atmega256rfr2_Atmega256rfr2_Gcc.a(nwk.o)
 .text.nwkRouteDiscoveryIsIdle
                0x0000d38c       0x12 ../../../../BitCloud/lib/libBc_All_Atmega256rfr2_Atmega256rfr2_Gcc.a(nwk.o)
 .text.nwkFindRouteDiscoveryEntry
                0x0000d39e       0x38 ../../../../BitCloud/lib/libBc_All_Atmega256rfr2_Atmega256rfr2_Gcc.a(nwk.o)
 .text.nwkFreeRouteDiscoveryEntry
                0x0000d3d6       0x3a ../../../../BitCloud/lib/libBc_All_Atmega256rfr2_Atmega256rfr2_Gcc.a(nwk.o)
 .text.nwkConfirmRouteRequestTx
                0x0000d410       0x5a ../../../../BitCloud/lib/libBc_All_Atmega256rfr2_Atmega256rfr2_Gcc.a(nwk.o)
 .text.nwkRouteDiscoveryTableIsIdle
                0x0000d46a        0xc ../../../../BitCloud/lib/libBc_All_Atmega256rfr2_Atmega256rfr2_Gcc.a(nwk.o)
 .text.nwkFindRoutingEntry
                0x0000d476       0x4a ../../../../BitCloud/lib/libBc_All_Atmega256rfr2_Atmega256rfr2_Gcc.a(nwk.o)
 .text.nwkFreeRoutingEntry
                0x0000d4c0       0x10 ../../../../BitCloud/lib/libBc_All_Atmega256rfr2_Atmega256rfr2_Gcc.a(nwk.o)
 .text.nwkUpdateNextHop
                0x0000d4d0       0xb6 ../../../../BitCloud/lib/libBc_All_Atmega256rfr2_Atmega256rfr2_Gcc.a(nwk.o)
 .text.nwkStartRouterIsIdle
                0x0000d586        0xe ../../../../BitCloud/lib/libBc_All_Atmega256rfr2_Atmega256rfr2_Gcc.a(nwk.o)
 .text.nwkSendRouteErrorConf
                0x0000d594        0x6 ../../../../BitCloud/lib/libBc_All_Atmega256rfr2_Atmega256rfr2_Gcc.a(nwk.o)
 .text.nwkSyncIsIdle
                0x0000d59a        0xe ../../../../BitCloud/lib/libBc_All_Atmega256rfr2_Atmega256rfr2_Gcc.a(nwk.o)
 .text.nwkPostTask
                0x0000d5a8       0x4c ../../../../BitCloud/lib/libBc_All_Atmega256rfr2_Atmega256rfr2_Gcc.a(nwk.o)
 .text.nwkStartRouterMacStartConf
                0x0000d5f4       0x18 ../../../../BitCloud/lib/libBc_All_Atmega256rfr2_Atmega256rfr2_Gcc.a(nwk.o)
 .text.nwkClearTaskBit
                0x0000d60c       0x2e ../../../../BitCloud/lib/libBc_All_Atmega256rfr2_Atmega256rfr2_Gcc.a(nwk.o)
 .text.nwkTxDelayIsIdle
                0x0000d63a       0x12 ../../../../BitCloud/lib/libBc_All_Atmega256rfr2_Atmega256rfr2_Gcc.a(nwk.o)
 .text.nwkPermitJoinTimerFired
                0x0000d64c       0x24 ../../../../BitCloud/lib/libBc_All_Atmega256rfr2_Atmega256rfr2_Gcc.a(nwk.o)
 .text.nwkStatusConf
                0x0000d670       0x2e ../../../../BitCloud/lib/libBc_All_Atmega256rfr2_Atmega256rfr2_Gcc.a(nwk.o)
 .text.nwkEDScanMacEDScanConf
                0x0000d69e       0x8e ../../../../BitCloud/lib/libBc_All_Atmega256rfr2_Atmega256rfr2_Gcc.a(nwk.o)
 .text.nwkFormationMacRxEnableConf
                0x0000d72c       0x72 ../../../../BitCloud/lib/libBc_All_Atmega256rfr2_Atmega256rfr2_Gcc.a(nwk.o)
 .text.nwkDiscoveryMacActiveScanConf
                0x0000d79e       0x7e ../../../../BitCloud/lib/libBc_All_Atmega256rfr2_Atmega256rfr2_Gcc.a(nwk.o)
 .text.NWK_JoinConf
                0x0000d81c       0x7c ../../../../BitCloud/lib/libBc_All_Atmega256rfr2_Atmega256rfr2_Gcc.a(nwk.o)
 .text.nwkFindAddressMapEntryByExtAddr
                0x0000d898       0x52 ../../../../BitCloud/lib/libBc_All_Atmega256rfr2_Atmega256rfr2_Gcc.a(nwk.o)
 .text.nwkAddToAddressMap
                0x0000d8ea      0x11a ../../../../BitCloud/lib/libBc_All_Atmega256rfr2_Atmega256rfr2_Gcc.a(nwk.o)
 .text.findFreeJoinIndObjFor
                0x0000da04       0xbc ../../../../BitCloud/lib/libBc_All_Atmega256rfr2_Atmega256rfr2_Gcc.a(nwk.o)
 .text.nwkTxReq
                0x0000dac0        0xe ../../../../BitCloud/lib/libBc_All_Atmega256rfr2_Atmega256rfr2_Gcc.a(nwk.o)
 .text.nwkResetTaskManager
                0x0000dace       0x18 ../../../../BitCloud/lib/libBc_All_Atmega256rfr2_Atmega256rfr2_Gcc.a(nwk.o)
 .text.getEnddeviceLifeTimeInMs
                0x0000dae6       0x60 ../../../../BitCloud/lib/libBc_All_Atmega256rfr2_Atmega256rfr2_Gcc.a(nwk.o)
 .text.nwkSetLifeTimeOfNeighbor
                0x0000db46       0xa2 ../../../../BitCloud/lib/libBc_All_Atmega256rfr2_Atmega256rfr2_Gcc.a(nwk.o)
 .text.nwkAddBTTEntry
                0x0000dbe8      0x1c8 ../../../../BitCloud/lib/libBc_All_Atmega256rfr2_Atmega256rfr2_Gcc.a(nwk.o)
 .text.nwkAddOwnBTR
                0x0000ddb0        0xc ../../../../BitCloud/lib/libBc_All_Atmega256rfr2_Atmega256rfr2_Gcc.a(nwk.o)
 .text.nwkPermitJoiningMacSetConf
                0x0000ddbc       0x52 ../../../../BitCloud/lib/libBc_All_Atmega256rfr2_Atmega256rfr2_Gcc.a(nwk.o)
 .text.nwkResetAddressMap
                0x0000de0e       0x86 ../../../../BitCloud/lib/libBc_All_Atmega256rfr2_Atmega256rfr2_Gcc.a(nwk.o)
 .text.nwkStopLinkStatusTimer
                0x0000de94        0xc ../../../../BitCloud/lib/libBc_All_Atmega256rfr2_Atmega256rfr2_Gcc.a(nwk.o)
 .text.nwkResetRouteDiscoveryTable
                0x0000dea0       0x98 ../../../../BitCloud/lib/libBc_All_Atmega256rfr2_Atmega256rfr2_Gcc.a(nwk.o)
 .text.nwkRouteDiscoveryTableTimerFired
                0x0000df38       0x54 ../../../../BitCloud/lib/libBc_All_Atmega256rfr2_Atmega256rfr2_Gcc.a(nwk.o)
 .text.nwkResetNeighborTable
                0x0000df8c       0x4e ../../../../BitCloud/lib/libBc_All_Atmega256rfr2_Atmega256rfr2_Gcc.a(nwk.o)
 .text.nwkAllocPacket
                0x0000dfda       0xb8 ../../../../BitCloud/lib/libBc_All_Atmega256rfr2_Atmega256rfr2_Gcc.a(nwk.o)
 .text.nwkAllocOutputPacket
                0x0000e092       0x56 ../../../../BitCloud/lib/libBc_All_Atmega256rfr2_Atmega256rfr2_Gcc.a(nwk.o)
 .text.nwkTryToProcessCommandReq
                0x0000e0e8       0x2a ../../../../BitCloud/lib/libBc_All_Atmega256rfr2_Atmega256rfr2_Gcc.a(nwk.o)
 .text.nwkCommandReq
                0x0000e112       0x54 ../../../../BitCloud/lib/libBc_All_Atmega256rfr2_Atmega256rfr2_Gcc.a(nwk.o)
 .text.nwkFreePacket
                0x0000e166       0x4e ../../../../BitCloud/lib/libBc_All_Atmega256rfr2_Atmega256rfr2_Gcc.a(nwk.o)
 .text.nwkAllocInputPacket
                0x0000e1b4       0x26 ../../../../BitCloud/lib/libBc_All_Atmega256rfr2_Atmega256rfr2_Gcc.a(nwk.o)
 .text.nwkStartLinkStatusTimer
                0x0000e1da        0xe ../../../../BitCloud/lib/libBc_All_Atmega256rfr2_Atmega256rfr2_Gcc.a(nwk.o)
 .text.nwkAllocRouteDiscoveryEntry
                0x0000e1e8       0x92 ../../../../BitCloud/lib/libBc_All_Atmega256rfr2_Atmega256rfr2_Gcc.a(nwk.o)
 .text.nwkStartAgeTimerOfNeighborTable
                0x0000e27a       0x30 ../../../../BitCloud/lib/libBc_All_Atmega256rfr2_Atmega256rfr2_Gcc.a(nwk.o)
 .text.nwkFormationMacStartConf
                0x0000e2aa       0x9e ../../../../BitCloud/lib/libBc_All_Atmega256rfr2_Atmega256rfr2_Gcc.a(nwk.o)
 .text.unlikely.nwkInitInputPacket
                0x0000e348       0xac ../../../../BitCloud/lib/libBc_All_Atmega256rfr2_Atmega256rfr2_Gcc.a(nwk.o)
 .text.nwkPerformMacDataReq
                0x0000e3f4       0x28 ../../../../BitCloud/lib/libBc_All_Atmega256rfr2_Atmega256rfr2_Gcc.a(nwk.o)
 .text.nwkConfirmLeaveItselfTx
                0x0000e41c       0x20 ../../../../BitCloud/lib/libBc_All_Atmega256rfr2_Atmega256rfr2_Gcc.a(nwk.o)
 .text.nwkConfirmNetworkStatusTx
                0x0000e43c       0x6a ../../../../BitCloud/lib/libBc_All_Atmega256rfr2_Atmega256rfr2_Gcc.a(nwk.o)
 .text.nwkOrphanTaskHandler
                0x0000e4a6       0x6c ../../../../BitCloud/lib/libBc_All_Atmega256rfr2_Atmega256rfr2_Gcc.a(nwk.o)
 .text.nwkLoopbackTaskHandler
                0x0000e512      0x124 ../../../../BitCloud/lib/libBc_All_Atmega256rfr2_Atmega256rfr2_Gcc.a(nwk.o)
 .text.nwkDiscoveryTaskHandler
                0x0000e636       0xfe ../../../../BitCloud/lib/libBc_All_Atmega256rfr2_Atmega256rfr2_Gcc.a(nwk.o)
 .text.nwkDataConfTaskHandler
                0x0000e734       0xa2 ../../../../BitCloud/lib/libBc_All_Atmega256rfr2_Atmega256rfr2_Gcc.a(nwk.o)
 .text.nwkBroadcastForMe
                0x0000e7d6       0x50 ../../../../BitCloud/lib/libBc_All_Atmega256rfr2_Atmega256rfr2_Gcc.a(nwk.o)
 .text.nwkMacEventHandler
                0x0000e826       0x1a ../../../../BitCloud/lib/libBc_All_Atmega256rfr2_Atmega256rfr2_Gcc.a(nwk.o)
 .text.nwkIsJoiningForbidden
                0x0000e840       0x4c ../../../../BitCloud/lib/libBc_All_Atmega256rfr2_Atmega256rfr2_Gcc.a(nwk.o)
 .text.unlikely.nwkIsPassiveAckDone.isra.6
                0x0000e88c       0x9e ../../../../BitCloud/lib/libBc_All_Atmega256rfr2_Atmega256rfr2_Gcc.a(nwk.o)
 .text.nwkRouteDiscoveryTaskHandler
                0x0000e92a      0x17c ../../../../BitCloud/lib/libBc_All_Atmega256rfr2_Atmega256rfr2_Gcc.a(nwk.o)
 .text.nwkOrphanConfirmRequest
                0x0000eaa6       0xb2 ../../../../BitCloud/lib/libBc_All_Atmega256rfr2_Atmega256rfr2_Gcc.a(nwk.o)
 .text.nwkOrphanMacScanConf
                0x0000eb58       0x3c ../../../../BitCloud/lib/libBc_All_Atmega256rfr2_Atmega256rfr2_Gcc.a(nwk.o)
 .text.nwkDataConf
                0x0000eb94       0x56 ../../../../BitCloud/lib/libBc_All_Atmega256rfr2_Atmega256rfr2_Gcc.a(nwk.o)
 .text.nwkConfirmDataTx
                0x0000ebea       0x34 ../../../../BitCloud/lib/libBc_All_Atmega256rfr2_Atmega256rfr2_Gcc.a(nwk.o)
 .text.freeJoinIndObj
                0x0000ec1e       0x3e ../../../../BitCloud/lib/libBc_All_Atmega256rfr2_Atmega256rfr2_Gcc.a(nwk.o)
 .text.nwkJoinIndTaskHandler
                0x0000ec5c      0x152 ../../../../BitCloud/lib/libBc_All_Atmega256rfr2_Atmega256rfr2_Gcc.a(nwk.o)
 .text.NWK_NetworkDiscoveryConf.part.20
                0x0000edae       0x2e ../../../../BitCloud/lib/libBc_All_Atmega256rfr2_Atmega256rfr2_Gcc.a(nwk.o)
 .text.NWK_NetworkDiscoveryConf
                0x0000eddc       0x22 ../../../../BitCloud/lib/libBc_All_Atmega256rfr2_Atmega256rfr2_Gcc.a(nwk.o)
 .text.nwkBTTTimerFired
                0x0000edfe       0xbe ../../../../BitCloud/lib/libBc_All_Atmega256rfr2_Atmega256rfr2_Gcc.a(nwk.o)
 .text.nwkLinkStatusTimerFired
                0x0000eebc       0x14 ../../../../BitCloud/lib/libBc_All_Atmega256rfr2_Atmega256rfr2_Gcc.a(nwk.o)
 .text.nwkConfirmLinkStatusTx
                0x0000eed0       0x8e ../../../../BitCloud/lib/libBc_All_Atmega256rfr2_Atmega256rfr2_Gcc.a(nwk.o)
 .text.nwkOrphanMacRxEnableConf
                0x0000ef5e       0x2a ../../../../BitCloud/lib/libBc_All_Atmega256rfr2_Atmega256rfr2_Gcc.a(nwk.o)
 .text.nwkSilentJoinConfirmRequest
                0x0000ef88       0x8e ../../../../BitCloud/lib/libBc_All_Atmega256rfr2_Atmega256rfr2_Gcc.a(nwk.o)
 .text.nwkSilentJoinMacSetConf
                0x0000f016       0xf0 ../../../../BitCloud/lib/libBc_All_Atmega256rfr2_Atmega256rfr2_Gcc.a(nwk.o)
 .text.nwkSilentJoinMacRxEnableConf
                0x0000f106       0x12 ../../../../BitCloud/lib/libBc_All_Atmega256rfr2_Atmega256rfr2_Gcc.a(nwk.o)
 .text.nwkResetTaskHandler
                0x0000f118       0x5e ../../../../BitCloud/lib/libBc_All_Atmega256rfr2_Atmega256rfr2_Gcc.a(nwk.o)
 .text.nwkOrphanMacSetConf
                0x0000f176       0xda ../../../../BitCloud/lib/libBc_All_Atmega256rfr2_Atmega256rfr2_Gcc.a(nwk.o)
 .text.nwkEDScanTaskHandler
                0x0000f250       0xf2 ../../../../BitCloud/lib/libBc_All_Atmega256rfr2_Atmega256rfr2_Gcc.a(nwk.o)
 .text.nwkStartRouterTaskHandler
                0x0000f342       0xc8 ../../../../BitCloud/lib/libBc_All_Atmega256rfr2_Atmega256rfr2_Gcc.a(nwk.o)
 .text.nwkSyncMacPollConf
                0x0000f40a       0x5a ../../../../BitCloud/lib/libBc_All_Atmega256rfr2_Atmega256rfr2_Gcc.a(nwk.o)
 .text.nwkRemoveItself.constprop.75
                0x0000f464       0x2a ../../../../BitCloud/lib/libBc_All_Atmega256rfr2_Atmega256rfr2_Gcc.a(nwk.o)
 .text.nwkPermitJoiningTaskHandler
                0x0000f48e      0x134 ../../../../BitCloud/lib/libBc_All_Atmega256rfr2_Atmega256rfr2_Gcc.a(nwk.o)
 .text.NWK_LeaveConf
                0x0000f5c2       0x4a ../../../../BitCloud/lib/libBc_All_Atmega256rfr2_Atmega256rfr2_Gcc.a(nwk.o)
 .text.nwkPrepareCommonFrame
                0x0000f60c       0x4a ../../../../BitCloud/lib/libBc_All_Atmega256rfr2_Atmega256rfr2_Gcc.a(nwk.o)
 .text.nwkPrepareLeaveChildTx
                0x0000f656       0xb0 ../../../../BitCloud/lib/libBc_All_Atmega256rfr2_Atmega256rfr2_Gcc.a(nwk.o)
 .text.nwkPrepareLeaveItselfTx
                0x0000f706       0x96 ../../../../BitCloud/lib/libBc_All_Atmega256rfr2_Atmega256rfr2_Gcc.a(nwk.o)
 .text.nwkPrepareJoinRespTx
                0x0000f79c       0xf6 ../../../../BitCloud/lib/libBc_All_Atmega256rfr2_Atmega256rfr2_Gcc.a(nwk.o)
 .text.nwkPrepareJoinReqTx
                0x0000f892       0x82 ../../../../BitCloud/lib/libBc_All_Atmega256rfr2_Atmega256rfr2_Gcc.a(nwk.o)
 .text.nwkPrepareLinkStatusTx
                0x0000f914      0x30a ../../../../BitCloud/lib/libBc_All_Atmega256rfr2_Atmega256rfr2_Gcc.a(nwk.o)
 .text.nwkStatusReq
                0x0000fc1e       0x42 ../../../../BitCloud/lib/libBc_All_Atmega256rfr2_Atmega256rfr2_Gcc.a(nwk.o)
 .text.nwkSendRouteErrorStatus.constprop.65
                0x0000fc60       0x3a ../../../../BitCloud/lib/libBc_All_Atmega256rfr2_Atmega256rfr2_Gcc.a(nwk.o)
 .text.nwkLinkFrameFragmentationTimerFired
                0x0000fc9a       0x22 ../../../../BitCloud/lib/libBc_All_Atmega256rfr2_Atmega256rfr2_Gcc.a(nwk.o)
 .text.nwkSyncTaskHandler
                0x0000fcbc       0xa6 ../../../../BitCloud/lib/libBc_All_Atmega256rfr2_Atmega256rfr2_Gcc.a(nwk.o)
 .text.nwkUpdateCapacityBits
                0x0000fd62       0x62 ../../../../BitCloud/lib/libBc_All_Atmega256rfr2_Atmega256rfr2_Gcc.a(nwk.o)
 .text.nwkUpdateCapacityBitsInBeacon
                0x0000fdc4       0x36 ../../../../BitCloud/lib/libBc_All_Atmega256rfr2_Atmega256rfr2_Gcc.a(nwk.o)
 .text.nwkUpdateBeaconPayload
                0x0000fdfa       0x88 ../../../../BitCloud/lib/libBc_All_Atmega256rfr2_Atmega256rfr2_Gcc.a(nwk.o)
 .text.nwkOrphanMacGetConf
                0x0000fe82       0x94 ../../../../BitCloud/lib/libBc_All_Atmega256rfr2_Atmega256rfr2_Gcc.a(nwk.o)
 .text.nwkFormationMacSetConf
                0x0000ff16      0x18c ../../../../BitCloud/lib/libBc_All_Atmega256rfr2_Atmega256rfr2_Gcc.a(nwk.o)
 .text.nwkReloadNibFromConfigServer
                0x000100a2       0xf6 ../../../../BitCloud/lib/libBc_All_Atmega256rfr2_Atmega256rfr2_Gcc.a(nwk.o)
 .text.nwkSilentJoinTaskHandler
                0x00010198       0x70 ../../../../BitCloud/lib/libBc_All_Atmega256rfr2_Atmega256rfr2_Gcc.a(nwk.o)
 .text.nwkFormationTaskHandler
                0x00010208      0x202 ../../../../BitCloud/lib/libBc_All_Atmega256rfr2_Atmega256rfr2_Gcc.a(nwk.o)
 .text.nwkTxConf
                0x0001040a      0x1c4 ../../../../BitCloud/lib/libBc_All_Atmega256rfr2_Atmega256rfr2_Gcc.a(nwk.o)
 .text.nwkProcessDelayStatus
                0x000105ce      0x212 ../../../../BitCloud/lib/libBc_All_Atmega256rfr2_Atmega256rfr2_Gcc.a(nwk.o)
 .text.nwkTxDelayTimerFired
                0x000107e0       0x80 ../../../../BitCloud/lib/libBc_All_Atmega256rfr2_Atmega256rfr2_Gcc.a(nwk.o)
 .text.nwkAddressConflictMacSetConf
                0x00010860       0xc8 ../../../../BitCloud/lib/libBc_All_Atmega256rfr2_Atmega256rfr2_Gcc.a(nwk.o)
 .text.nwkRemoveAllChildren.constprop.73
                0x00010928       0xbc ../../../../BitCloud/lib/libBc_All_Atmega256rfr2_Atmega256rfr2_Gcc.a(nwk.o)
 .text.nwkConfirmLeaveChildTx
                0x000109e4       0x34 ../../../../BitCloud/lib/libBc_All_Atmega256rfr2_Atmega256rfr2_Gcc.a(nwk.o)
 .text.nwkFormationMacEDScanConf
                0x00010a18      0x17a ../../../../BitCloud/lib/libBc_All_Atmega256rfr2_Atmega256rfr2_Gcc.a(nwk.o)
 .text.nwkFormationMacActiveScanConf
                0x00010b92      0x29e ../../../../BitCloud/lib/libBc_All_Atmega256rfr2_Atmega256rfr2_Gcc.a(nwk.o)
 .text.NWK_GetShortAddr
                0x00010e30        0xa ../../../../BitCloud/lib/libBc_All_Atmega256rfr2_Atmega256rfr2_Gcc.a(nwk.o)
                0x00010e30                NWK_GetShortAddr
 .text.NWK_IsStaticAddressingMode
                0x00010e3a        0x6 ../../../../BitCloud/lib/libBc_All_Atmega256rfr2_Atmega256rfr2_Gcc.a(nwk.o)
                0x00010e3a                NWK_IsStaticAddressingMode
 .text.NWK_RemoveFromAddressMap
                0x00010e40       0x12 ../../../../BitCloud/lib/libBc_All_Atmega256rfr2_Atmega256rfr2_Gcc.a(nwk.o)
                0x00010e40                NWK_RemoveFromAddressMap
 .text.NWK_NetworkDiscoveryReq
                0x00010e52       0x40 ../../../../BitCloud/lib/libBc_All_Atmega256rfr2_Atmega256rfr2_Gcc.a(nwk.o)
                0x00010e52                NWK_NetworkDiscoveryReq
 .text.nwkJoinReqTaskHandler
                0x00010e92      0x188 ../../../../BitCloud/lib/libBc_All_Atmega256rfr2_Atmega256rfr2_Gcc.a(nwk.o)
 .text.NWK_EDScanReq
                0x0001101a       0x40 ../../../../BitCloud/lib/libBc_All_Atmega256rfr2_Atmega256rfr2_Gcc.a(nwk.o)
                0x0001101a                NWK_EDScanReq
 .text.NWK_NetworkFormationReq
                0x0001105a       0x40 ../../../../BitCloud/lib/libBc_All_Atmega256rfr2_Atmega256rfr2_Gcc.a(nwk.o)
                0x0001105a                NWK_NetworkFormationReq
 .text.NWK_IsGroupMember
                0x0001109a       0x50 ../../../../BitCloud/lib/libBc_All_Atmega256rfr2_Atmega256rfr2_Gcc.a(nwk.o)
                0x0001109a                NWK_IsGroupMember
 .text.nwkRetransmitInputPacket
                0x000110ea      0x152 ../../../../BitCloud/lib/libBc_All_Atmega256rfr2_Atmega256rfr2_Gcc.a(nwk.o)
 .text.unlikely.nwkRxRetransmit
                0x0001123c       0x90 ../../../../BitCloud/lib/libBc_All_Atmega256rfr2_Atmega256rfr2_Gcc.a(nwk.o)
 .text.NWK_DataResp
                0x000112cc       0x18 ../../../../BitCloud/lib/libBc_All_Atmega256rfr2_Atmega256rfr2_Gcc.a(nwk.o)
                0x000112cc                NWK_DataResp
 .text.NWK_ResetGroups
                0x000112e4       0x56 ../../../../BitCloud/lib/libBc_All_Atmega256rfr2_Atmega256rfr2_Gcc.a(nwk.o)
                0x000112e4                NWK_ResetGroups
 .text.nwkLeaveReqMacResetConf
                0x0001133a      0x11e ../../../../BitCloud/lib/libBc_All_Atmega256rfr2_Atmega256rfr2_Gcc.a(nwk.o)
 .text.nwkResetMacResetConf
                0x00011458      0x4e8 ../../../../BitCloud/lib/libBc_All_Atmega256rfr2_Atmega256rfr2_Gcc.a(nwk.o)
 .text.NWK_GetParentShortAddr
                0x00011940        0xa ../../../../BitCloud/lib/libBc_All_Atmega256rfr2_Atmega256rfr2_Gcc.a(nwk.o)
                0x00011940                NWK_GetParentShortAddr
 .text.NWK_GetPanId
                0x0001194a        0xa ../../../../BitCloud/lib/libBc_All_Atmega256rfr2_Atmega256rfr2_Gcc.a(nwk.o)
                0x0001194a                NWK_GetPanId
 .text.NWK_GetExtPanId
                0x00011954       0x16 ../../../../BitCloud/lib/libBc_All_Atmega256rfr2_Atmega256rfr2_Gcc.a(nwk.o)
                0x00011954                NWK_GetExtPanId
 .text.NWK_SetExtPanId
                0x0001196a       0x28 ../../../../BitCloud/lib/libBc_All_Atmega256rfr2_Atmega256rfr2_Gcc.a(nwk.o)
                0x0001196a                NWK_SetExtPanId
 .text.NWK_GetDeviceType
                0x00011992        0x6 ../../../../BitCloud/lib/libBc_All_Atmega256rfr2_Atmega256rfr2_Gcc.a(nwk.o)
                0x00011992                NWK_GetDeviceType
 .text.NWK_GetLogicalChannel
                0x00011998        0x6 ../../../../BitCloud/lib/libBc_All_Atmega256rfr2_Atmega256rfr2_Gcc.a(nwk.o)
                0x00011998                NWK_GetLogicalChannel
 .text.NWK_SetLogicalChannel
                0x0001199e        0xe ../../../../BitCloud/lib/libBc_All_Atmega256rfr2_Atmega256rfr2_Gcc.a(nwk.o)
                0x0001199e                NWK_SetLogicalChannel
 .text.NWK_GetBroadcastDeliveryTime
                0x000119ac       0x12 ../../../../BitCloud/lib/libBc_All_Atmega256rfr2_Atmega256rfr2_Gcc.a(nwk.o)
                0x000119ac                NWK_GetBroadcastDeliveryTime
 .text.NWK_SetManagerAddr
                0x000119be        0xa ../../../../BitCloud/lib/libBc_All_Atmega256rfr2_Atmega256rfr2_Gcc.a(nwk.o)
                0x000119be                NWK_SetManagerAddr
 .text.NWK_SetUpdateId
                0x000119c8       0x12 ../../../../BitCloud/lib/libBc_All_Atmega256rfr2_Atmega256rfr2_Gcc.a(nwk.o)
                0x000119c8                NWK_SetUpdateId
 .text.NWK_GetTransmitCouner
                0x000119da        0xa ../../../../BitCloud/lib/libBc_All_Atmega256rfr2_Atmega256rfr2_Gcc.a(nwk.o)
                0x000119da                NWK_GetTransmitCouner
 .text.NWK_GetTransmitFailureCounter
                0x000119e4        0xa ../../../../BitCloud/lib/libBc_All_Atmega256rfr2_Atmega256rfr2_Gcc.a(nwk.o)
                0x000119e4                NWK_GetTransmitFailureCounter
 .text.NWK_ResetTransmitCounters
                0x000119ee       0x12 ../../../../BitCloud/lib/libBc_All_Atmega256rfr2_Atmega256rfr2_Gcc.a(nwk.o)
                0x000119ee                NWK_ResetTransmitCounters
 .text.NWK_IsNewUpdateIdNonLess
                0x00011a00       0x38 ../../../../BitCloud/lib/libBc_All_Atmega256rfr2_Atmega256rfr2_Gcc.a(nwk.o)
                0x00011a00                NWK_IsNewUpdateIdNonLess
 .text.nwkFindDeviceToJoin
                0x00011a38      0x17a ../../../../BitCloud/lib/libBc_All_Atmega256rfr2_Atmega256rfr2_Gcc.a(nwk.o)
 .text.nwkAssociate
                0x00011bb2       0x9c ../../../../BitCloud/lib/libBc_All_Atmega256rfr2_Atmega256rfr2_Gcc.a(nwk.o)
 .text.nwkGetSuitableParent
                0x00011c4e       0x7e ../../../../BitCloud/lib/libBc_All_Atmega256rfr2_Atmega256rfr2_Gcc.a(nwk.o)
 .text.nwkRejoinResponseFrameInd
                0x00011ccc      0x14a ../../../../BitCloud/lib/libBc_All_Atmega256rfr2_Atmega256rfr2_Gcc.a(nwk.o)
 .text.nwkRejoinCmdPrepareAndSend
                0x00011e16       0x2a ../../../../BitCloud/lib/libBc_All_Atmega256rfr2_Atmega256rfr2_Gcc.a(nwk.o)
 .text.nwkJoinReqMacRxEnableConf
                0x00011e40       0x6c ../../../../BitCloud/lib/libBc_All_Atmega256rfr2_Atmega256rfr2_Gcc.a(nwk.o)
 .text.nwkJoinReqMacGetConf
                0x00011eac       0x3a ../../../../BitCloud/lib/libBc_All_Atmega256rfr2_Atmega256rfr2_Gcc.a(nwk.o)
 .text.nwkConfirmJoinReqTx
                0x00011ee6       0x5e ../../../../BitCloud/lib/libBc_All_Atmega256rfr2_Atmega256rfr2_Gcc.a(nwk.o)
 .text.responseWaitTimerFired
                0x00011f44       0x4a ../../../../BitCloud/lib/libBc_All_Atmega256rfr2_Atmega256rfr2_Gcc.a(nwk.o)
 .text.nwkJoinReqMacPollConf
                0x00011f8e       0x5c ../../../../BitCloud/lib/libBc_All_Atmega256rfr2_Atmega256rfr2_Gcc.a(nwk.o)
 .text.macLatencyFired
                0x00011fea        0x4 ../../../../BitCloud/lib/libBc_All_Atmega256rfr2_Atmega256rfr2_Gcc.a(nwk.o)
 .text.NWK_JoinReq
                0x00011fee       0x62 ../../../../BitCloud/lib/libBc_All_Atmega256rfr2_Atmega256rfr2_Gcc.a(nwk.o)
                0x00011fee                NWK_JoinReq
 .text.NWK_RemoveNeighbor
                0x00012050       0x8e ../../../../BitCloud/lib/libBc_All_Atmega256rfr2_Atmega256rfr2_Gcc.a(nwk.o)
                0x00012050                NWK_RemoveNeighbor
 .text.neighborTimerFired
                0x000120de       0xd8 ../../../../BitCloud/lib/libBc_All_Atmega256rfr2_Atmega256rfr2_Gcc.a(nwk.o)
 .text.NWK_LeaveReq
                0x000121b6       0x20 ../../../../BitCloud/lib/libBc_All_Atmega256rfr2_Atmega256rfr2_Gcc.a(nwk.o)
                0x000121b6                NWK_LeaveReq
 .text.nwkUpdateOutgoingCostAndLifeTime
                0x000121d6       0x46 ../../../../BitCloud/lib/libBc_All_Atmega256rfr2_Atmega256rfr2_Gcc.a(nwk.o)
                0x000121d6                nwkUpdateOutgoingCostAndLifeTime
 .text.NWK_ForceLinkStatusSending
                0x0001221c       0x18 ../../../../BitCloud/lib/libBc_All_Atmega256rfr2_Atmega256rfr2_Gcc.a(nwk.o)
                0x0001221c                NWK_ForceLinkStatusSending
 .text.NWK_LoopbackTxReq
                0x00012234       0x20 ../../../../BitCloud/lib/libBc_All_Atmega256rfr2_Atmega256rfr2_Gcc.a(nwk.o)
                0x00012234                NWK_LoopbackTxReq
 .text.NWK_DataReq
                0x00012254      0x2ba ../../../../BitCloud/lib/libBc_All_Atmega256rfr2_Atmega256rfr2_Gcc.a(nwk.o)
                0x00012254                NWK_DataReq
 .text.NWK_NextEDChild
                0x0001250e       0x4a ../../../../BitCloud/lib/libBc_All_Atmega256rfr2_Atmega256rfr2_Gcc.a(nwk.o)
                0x0001250e                NWK_NextEDChild
 .text.NWK_FindNeighborByShortAddr
                0x00012558       0x44 ../../../../BitCloud/lib/libBc_All_Atmega256rfr2_Atmega256rfr2_Gcc.a(nwk.o)
                0x00012558                NWK_FindNeighborByShortAddr
 .text.NWK_GetExtByShortAddress
                0x0001259c       0x58 ../../../../BitCloud/lib/libBc_All_Atmega256rfr2_Atmega256rfr2_Gcc.a(nwk.o)
                0x0001259c                NWK_GetExtByShortAddress
 .text.nwkPrepareRouteRequestTx
                0x000125f4      0x14e ../../../../BitCloud/lib/libBc_All_Atmega256rfr2_Atmega256rfr2_Gcc.a(nwk.o)
 .text.nwkAllocNonConflAddr
                0x00012742       0xdc ../../../../BitCloud/lib/libBc_All_Atmega256rfr2_Atmega256rfr2_Gcc.a(nwk.o)
 .text.nwkAllocateShortAddr.isra.55
                0x0001281e       0x92 ../../../../BitCloud/lib/libBc_All_Atmega256rfr2_Atmega256rfr2_Gcc.a(nwk.o)
 .text.nwkResolveAddressConflict
                0x000128b0      0x21e ../../../../BitCloud/lib/libBc_All_Atmega256rfr2_Atmega256rfr2_Gcc.a(nwk.o)
 .text.nwkStatusFrameInd
                0x00012ace       0x44 ../../../../BitCloud/lib/libBc_All_Atmega256rfr2_Atmega256rfr2_Gcc.a(nwk.o)
 .text.nwkAddressConflictTaskHandler
                0x00012b12       0x9e ../../../../BitCloud/lib/libBc_All_Atmega256rfr2_Atmega256rfr2_Gcc.a(nwk.o)
 .text.nwkJoinReqMacSetConf
                0x00012bb0      0x20a ../../../../BitCloud/lib/libBc_All_Atmega256rfr2_Atmega256rfr2_Gcc.a(nwk.o)
 .text.nwkGetNextHop
                0x00012dba      0x1da ../../../../BitCloud/lib/libBc_All_Atmega256rfr2_Atmega256rfr2_Gcc.a(nwk.o)
 .text.nwkPrepareNetworkStatusTx
                0x00012f94      0x132 ../../../../BitCloud/lib/libBc_All_Atmega256rfr2_Atmega256rfr2_Gcc.a(nwk.o)
 .text.nwkPrepareRouteReplyTx
                0x000130c6      0x2dc ../../../../BitCloud/lib/libBc_All_Atmega256rfr2_Atmega256rfr2_Gcc.a(nwk.o)
 .text.nwkTxDelayReq
                0x000133a2      0x29e ../../../../BitCloud/lib/libBc_All_Atmega256rfr2_Atmega256rfr2_Gcc.a(nwk.o)
 .text.MAC_DataConf
                0x00013640       0x2e ../../../../BitCloud/lib/libBc_All_Atmega256rfr2_Atmega256rfr2_Gcc.a(nwk.o)
 .text.nwkTransmitOutputPacket.constprop.61
                0x0001366e       0x46 ../../../../BitCloud/lib/libBc_All_Atmega256rfr2_Atmega256rfr2_Gcc.a(nwk.o)
 .text.nwkMeshRouteDiscoveryConf
                0x000136b4       0x5e ../../../../BitCloud/lib/libBc_All_Atmega256rfr2_Atmega256rfr2_Gcc.a(nwk.o)
 .text.nwkSendDiscoveryCommand
                0x00013712       0x6c ../../../../BitCloud/lib/libBc_All_Atmega256rfr2_Atmega256rfr2_Gcc.a(nwk.o)
 .text.nwkRouteDiscoveryTableTaskHandler
                0x0001377e       0xae ../../../../BitCloud/lib/libBc_All_Atmega256rfr2_Atmega256rfr2_Gcc.a(nwk.o)