Archive member included because of file (symbol)

../../../../BitCloud/lib/libBc_EndDevice_StdlinkSec_Atmega256rfr2_Atmega256rfr2_Gcc.a(aps.o)
                              EndDevice_StdlinkSec_MegaRf_Atmega256rfr2_8Mhz_Gcc/Obj/sysTaskManager.o (APS_TaskHandler)
../../../../BitCloud/lib/libBc_EndDevice_StdlinkSec_Atmega256rfr2_Atmega256rfr2_Gcc.a(macenvPib.o)
                              EndDevice_StdlinkSec_MegaRf_Atmega256rfr2_8Mhz_Gcc/Obj/sysUtils.o (MAC_GetExtAddr)
../../../../BitCloud/lib/libBc_EndDevice_StdlinkSec_Atmega256rfr2_Atmega256rfr2_Gcc.a(machwdManager.o)
                              EndDevice_StdlinkSec_MegaRf_Atmega256rfr2_8Mhz_Gcc/Obj/sysUtils.o (RF_RandomReq)
../../../../BitCloud/lib/libBc_EndDevice_StdlinkSec_Atmega256rfr2_Atmega256rfr2_Gcc.a(machwdRegAccessHandler.o)
                              ../../../../BitCloud/lib/libBc_EndDevice_StdlinkSec_Atmega256rfr2_Atmega256rfr2_Gcc.a(machwdManager.o) (machwdRegAccessReqHandler)
../../../../BitCloud/lib/libBc_EndDevice_StdlinkSec_Atmega256rfr2_Atmega256rfr2_Gcc.a(machwdResetHandler.o)
                              ../../../../BitCloud/lib/libBc_EndDevice_StdlinkSec_Atmega256rfr2_Atmega256rfr2_Gcc.a(machwdManager.o) (machwdReset)
../../../../BitCloud/lib/libBc_EndDevice_StdlinkSec_Atmega256rfr2_Atmega256rfr2_Gcc.a(machwdRndHandler.o)
                              ../../../../BitCloud/lib/libBc_EndDevice_StdlinkSec_Atmega256rfr2_Atmega256rfr2_Gcc.a(machwdManager.o) (machwdRndReqHandler)
../../../../BitCloud/lib/libBc_EndDevice_StdlinkSec_Atmega256rfr2_Atmega256rfr2_Gcc.a(machwdRxBuffer.o)
                              ../../../../BitCloud/lib/libBc_EndDevice_StdlinkSec_Atmega256rfr2_Atmega256rfr2_Gcc.a(machwdResetHandler.o) (machwdResetRxBuffers)
../../../../BitCloud/lib/libBc_EndDevice_StdlinkSec_Atmega256rfr2_Atmega256rfr2_Gcc.a(machwdRxFrameHandler.o)
                              ../../../../BitCloud/lib/libBc_EndDevice_StdlinkSec_Atmega256rfr2_Atmega256rfr2_Gcc.a(machwdManager.o) (machwdRxFrameIndTaskHandler)
../../../../BitCloud/lib/libBc_EndDevice_StdlinkSec_Atmega256rfr2_Atmega256rfr2_Gcc.a(machwdSetHandler.o)
                              ../../../../BitCloud/lib/libBc_EndDevice_StdlinkSec_Atmega256rfr2_Atmega256rfr2_Gcc.a(machwdManager.o) (machwdSetReqHandler)
../../../../BitCloud/lib/libBc_EndDevice_StdlinkSec_Atmega256rfr2_Atmega256rfr2_Gcc.a(machwdTrxCtrl.o)
                              ../../../../BitCloud/lib/libBc_EndDevice_StdlinkSec_Atmega256rfr2_Atmega256rfr2_Gcc.a(machwdSetHandler.o) (machwdSendTrxCmd)
../../../../BitCloud/lib/libBc_EndDevice_StdlinkSec_Atmega256rfr2_Atmega256rfr2_Gcc.a(machwdTrxHandler.o)
                              ../../../../BitCloud/lib/libBc_EndDevice_StdlinkSec_Atmega256rfr2_Atmega256rfr2_Gcc.a(machwdManager.o) (machwdTrxReqHandler)
../../../../BitCloud/lib/libBc_EndDevice_StdlinkSec_Atmega256rfr2_Atmega256rfr2_Gcc.a(machwdTxFrameHandler.o)
                              ../../../../BitCloud/lib/libBc_EndDevice_StdlinkSec_Atmega256rfr2_Atmega256rfr2_Gcc.a(machwdManager.o) (machwdTxFrameHandlerSubState)
../../../../BitCloud/lib/libBc_EndDevice_StdlinkSec_Atmega256rfr2_Atmega256rfr2_Gcc.a(machwiManager.o)
                              EndDevice_StdlinkSec_MegaRf_Atmega256rfr2_8Mhz_Gcc/Obj/sysTaskManager.o (MAC_HWI_TaskHandler)
../../../../BitCloud/lib/libBc_EndDevice_StdlinkSec_Atmega256rfr2_Atmega256rfr2_Gcc.a(machwiPanServer.o)
                              ../../../../BitCloud/lib/libBc_EndDevice_StdlinkSec_Atmega256rfr2_Atmega256rfr2_Gcc.a(machwdRxFrameHandler.o) (MACHWD_DataInd)
../../../../BitCloud/lib/libBc_EndDevice_StdlinkSec_Atmega256rfr2_Atmega256rfr2_Gcc.a(machwiPollHandler.o)
                              ../../../../BitCloud/lib/libBc_EndDevice_StdlinkSec_Atmega256rfr2_Atmega256rfr2_Gcc.a(machwiPanServer.o) (machwiDataIndication)
../../../../BitCloud/lib/libBc_EndDevice_StdlinkSec_Atmega256rfr2_Atmega256rfr2_Gcc.a(machwiResetHandler.o)
                              ../../../../BitCloud/lib/libBc_EndDevice_StdlinkSec_Atmega256rfr2_Atmega256rfr2_Gcc.a(machwiManager.o) (machwiResetReqHandler)
../../../../BitCloud/lib/libBc_EndDevice_StdlinkSec_Atmega256rfr2_Atmega256rfr2_Gcc.a(machwiRxEnableHandler.o)
                              ../../../../BitCloud/lib/libBc_EndDevice_StdlinkSec_Atmega256rfr2_Atmega256rfr2_Gcc.a(machwiManager.o) (machwiRxEnableReqHandler)
../../../../BitCloud/lib/libBc_EndDevice_StdlinkSec_Atmega256rfr2_Atmega256rfr2_Gcc.a(machwiScanHandler.o)
                              ../../../../BitCloud/lib/libBc_EndDevice_StdlinkSec_Atmega256rfr2_Atmega256rfr2_Gcc.a(machwiManager.o) (machwiScanReqHandler)
../../../../BitCloud/lib/libBc_EndDevice_StdlinkSec_Atmega256rfr2_Atmega256rfr2_Gcc.a(machwiSetGetHandler.o)
                              ../../../../BitCloud/lib/libBc_EndDevice_StdlinkSec_Atmega256rfr2_Atmega256rfr2_Gcc.a(machwiManager.o) (machwiGetReqHandler)
[...]
Memory Configuration

Name             Origin             Length             Attributes
text             0x00000000         0x00040000         xr
boot             0x0003f000         0x00001000         xr
access           0x0003fffe         0x00000002         xr
data             0x00800200         0x00007e0c         rw !x
eeprom           0x00810000         0x00002000         rw !x
*default*        0x00000000         0xffffffff

Linker script and memory map

Address of section .data set to 0x800200
LOAD c:/program files (x86)/atmel/atmel toolchain/avr8 gcc/native/3.4.1061/avr8-gnu-toolchain/bin/../lib/gcc/avr/4.8.1/../../../../avr/lib/avr6/crtm256rfr2.o

.text           0x00000000    0x1e8da
                0x00000000                PROVIDE (__text_start, .)
 *(.vectors)
 .vectors       0x00000000      0x134 c:/program files (x86)/atmel/atmel toolchain/avr8 gcc/native/3.4.1061/avr8-gnu-toolchain/bin/../lib/gcc/avr/4.8.1/../../../../avr/lib/avr6/crtm256rfr2.o
                0x00000000                __vector_default
                0x00000000                __vectors
 *(.vectors)
                0x00000400                . = ALIGN (0x400)
 *fill*         0x00000134      0x2cc 
                0x00000400                PROVIDE (__d_nv_mem_start, .)
                0x00004400                . = ALIGN (0x4400)
 *fill*         0x00000400     0x4000 
                0x00004400                PROVIDE (__d_nv_mem_end, .)
                0x00004400                PROVIDE (__pds_ff_start, .)
 *(.pds_ff)
 .pds_ff        0x00004400       0xc0 EndDevice_StdlinkSec_MegaRf_Atmega256rfr2_8Mhz_Gcc/Obj/csPersistentMem.o
                0x00004400                pds_ff_CS_APS_KEY_PAIR_DESCRIPTORS_MEM_ID
                0x00004406                pds_ff_NWK_SECURITY_COUNTERS_MEM_ID
                0x0000440c                pds_ff_CS_NWK_SECURITY_KEYS_MEM_ID
                0x00004412                pds_ff_CS_NWK_SECURITY_IB_MEM_ID
                0x00004418                pds_ff_CS_APS_BINDING_TABLE_MEM_ID
                0x0000441e                pds_ff_CS_GROUP_TABLE_MEM_ID
                0x00004424                pds_ff_CS_NEIB_TABLE_MEM_ID
                0x0000442a                pds_ff_CS_NWK_LOGICAL_CHANNEL_MEM_ID
                0x00004430                pds_ff_CS_NWK_EXT_PANID_MEM_ID
                0x00004436                pds_ff_CS_NWK_DEPTH_MEM_ID
                0x0000443c                pds_ff_CS_NWK_PARENT_ADDR_MEM_ID
                0x00004442                pds_ff_CS_ZDO_SECURITY_STATUS_MEM_ID
                0x00004448                pds_ff_CS_SHORT_TRUST_CENTER_ADDRESS_MEM_ID
                0x0000444e                pds_ff_CS_APS_TRUST_CENTER_ADDRESS_MEM_ID
                0x00004454                pds_ff_NWK_RREQ_IDENTIFIER_MEM_ID
                0x0000445a                pds_ff_NWK_UPDATE_ID_MEM_ID
                0x00004460                pds_ff_CS_DTR_WAKEUP_MEM_ID
                0x00004466                pds_ff_CS_NWK_LEAVE_REQ_ALLOWED_MEM_ID
                0x0000446c                pds_ff_CS_NWK_UNIQUE_ADDR_MEM_ID
                0x00004472                pds_ff_CS_NWK_ADDR_MEM_ID
                0x00004478                pds_ff_CS_NWK_PREDEFINED_PANID_MEM_ID
                0x0000447e                pds_ff_CS_NWK_PANID_MEM_ID
                0x00004484                pds_ff_CS_ZDP_USER_DESCRIPTOR_MEM_ID
                0x0000448a                pds_ff_CS_USER_DESCRIPTOR_AVAILABLE_MEM_ID
                0x00004490                pds_ff_CS_COMPLEX_DESCRIPTOR_AVAILABLE_MEM_ID
                0x00004496                pds_ff_CS_RX_ON_WHEN_IDLE_MEM_ID
                0x0000449c                pds_ff_CS_DEVICE_TYPE_MEM_ID
                0x000044a2                pds_ff_CS_CHANNEL_PAGE_MEM_ID
                0x000044a8                pds_ff_CS_CHANNEL_MASK_MEM_ID
                0x000044ae                pds_ff_CS_EXT_PANID_MEM_ID
                0x000044b4                pds_ff_CS_RF_TX_POWER_MEM_ID
                0x000044ba                pds_ff_CS_UID_MEM_ID
                0x000044c0                PROVIDE (__pds_ff_end, .)
                0x000044c0                PROVIDE (__pds_fd_start, .)
 *(.pds_fd)
 .pds_fd        0x000044c0       0x24 EndDevice_StdlinkSec_MegaRf_Atmega256rfr2_8Mhz_Gcc/Obj/csPersistentMem.o
                0x000044c0                BCRejoinParamsDirDescr
                0x000044c6                BCExtGenParamsDirDescr
                0x000044cc                BCSystemDirDescr
                0x000044d2                csNwkSecurityTablesDirDescr
                0x000044d8                csExtendedParamsDirDescr
                0x000044de                csGeneralParamsDirDescr
                0x000044e4                PROVIDE (__pds_fd_end, .)
 *(.progmem.gcc*)
 .progmem.gcc_sw_table.macenvSetPibAttr
                0x000044e4       0x94 ../../../../BitCloud/lib/libBc_EndDevice_StdlinkSec_Atmega256rfr2_Atmega256rfr2_Gcc.a(macenvPib.o)
 .progmem.gcc_sw_table.macenvGetPibAttr
                0x00004578       0x94 ../../../../BitCloud/lib/libBc_EndDevice_StdlinkSec_Atmega256rfr2_Atmega256rfr2_Gcc.a(macenvPib.o)
 .progmem.gcc_sw_table.MAC_PHY_HWD_TaskHandler
                0x0000460c       0x28 ../../../../BitCloud/lib/libBc_EndDevice_StdlinkSec_Atmega256rfr2_Atmega256rfr2_Gcc.a(machwdManager.o)
 .progmem.gcc_sw_table.machwiSendConfToUpperLayer
                0x00004634       0x14 ../../../../BitCloud/lib/libBc_EndDevice_StdlinkSec_Atmega256rfr2_Atmega256rfr2_Gcc.a(machwiManager.o)
 .progmem.gcc_sw_table.MAC_HWI_TaskHandler
                0x00004648       0x14 ../../../../BitCloud/lib/libBc_EndDevice_StdlinkSec_Atmega256rfr2_Atmega256rfr2_Gcc.a(machwiManager.o)
 .progmem.gcc_sw_table.machwdSetConfirm
                0x0000465c       0x20 ../../../../BitCloud/lib/libBc_EndDevice_StdlinkSec_Atmega256rfr2_Atmega256rfr2_Gcc.a(machwiScanHandler.o)
 .progmem.gcc_sw_table.nwkJoinReqMacSetConf
                0x0000467c       0x20 ../../../../BitCloud/lib/libBc_EndDevice_StdlinkSec_Atmega256rfr2_Atmega256rfr2_Gcc.a(nwk.o)
 .progmem.gcc_sw_table.nwkTxTaskHandler
                0x0000469c       0x14 ../../../../BitCloud/lib/libBc_EndDevice_StdlinkSec_Atmega256rfr2_Atmega256rfr2_Gcc.a(nwk.o)
 .progmem.gcc_sw_table.sspSendConfToUpperLayer
                0x000046b0        0xe ../../../../BitCloud/lib/libBc_EndDevice_StdlinkSec_Atmega256rfr2_Atmega256rfr2_Gcc.a(sspManager.o)
 .progmem.gcc_sw_table.ccmConfirm
                0x000046be       0x16 ../../../../BitCloud/lib/libBc_EndDevice_StdlinkSec_Atmega256rfr2_Atmega256rfr2_Gcc.a(sspSfpHandler.o)
 .progmem.gcc_sw_table.zdoZdpReqHandler
                0x000046d4       0x2c ../../../../BitCloud/lib/libBc_EndDevice_StdlinkSec_Atmega256rfr2_Atmega256rfr2_Gcc.a(zdo.o)
 .progmem.gcc_sw_table.APS_ZdoDataInd
                0x00004700       0x2c ../../../../BitCloud/lib/libBc_EndDevice_StdlinkSec_Atmega256rfr2_Atmega256rfr2_Gcc.a(zdo.o)
 .progmem.gcc_sw_table.NWK_NwkStatusInd
                0x0000472c       0x1c ../../../../BitCloud/lib/libBc_EndDevice_StdlinkSec_Atmega256rfr2_Atmega256rfr2_Gcc.a(zdo.o)
 .progmem.gcc_sw_table.sspAesConf
                0x00004748       0x18 ../../../../BitCloud/lib/libBc_EndDevice_StdlinkSec_Atmega256rfr2_Atmega256rfr2_Gcc.a(sspCcmHandler.o)
 *(.progmem*)
 .progmem.data  0x00004760       0xd6 EndDevice_StdlinkSec_MegaRf_Atmega256rfr2_8Mhz_Gcc/Obj/csPersistentMem.o
                0x00004760                BCRejoinParamsMemoryIdsTable
                0x00004790                BCExtGenParamsMemoryIdsTable
                0x000047c0                BCSystemMemoryIdsTable
                0x00004800                CsNwkSecurityMemoryIdsTable
                0x00004806                CsExtendedMemoryIdsTable
                0x0000480e                CsGeneralMemoryIdsTable
 .progmem.data  0x00004836      0x389 EndDevice_StdlinkSec_MegaRf_Atmega256rfr2_8Mhz_Gcc/Obj/csMem.o
                0x00004836                csMemItems
                0x000048c2                csConstItems
                0x0000497a                csVarItems
                0x00004a7e                csReadOnlyItems
                0x00004ab7                defaultSIB
                0x00004afb                defaultAIB
                0x00004b1a                defaultZIB
                0x00004b31                defaultNIB
 .progmem.data  0x00004bbf       0x2e ../../../../BitCloud/lib/libBc_EndDevice_StdlinkSec_Atmega256rfr2_Atmega256rfr2_Gcc.a(aps.o)
 .progmem.data  0x00004bed      0x138 ../../../../BitCloud/lib/libBc_EndDevice_StdlinkSec_Atmega256rfr2_Atmega256rfr2_Gcc.a(nwk.o)
 .progmem.data  0x00004d25        0xe ../../../../BitCloud/lib/libBc_EndDevice_StdlinkSec_Atmega256rfr2_Atmega256rfr2_Gcc.a(sspManager.o)
                0x00004d25                sspHandlers
 .progmem.data  0x00004d33        0x4 ../../../../BitCloud/lib/libBc_EndDevice_StdlinkSec_Atmega256rfr2_Atmega256rfr2_Gcc.a(sspSfpHandler.o)
                0x00004d33                secLevelLenM
 .progmem.data  0x00004d37        0x6 ../../../../BitCloud/lib/libBc_EndDevice_StdlinkSec_Atmega256rfr2_Atmega256rfr2_Gcc.a(tcTaskManager.o)
 .progmem.data  0x00004d3d        0xc ../../../../BitCloud/lib/libBc_EndDevice_StdlinkSec_Atmega256rfr2_Atmega256rfr2_Gcc.a(zdo.o)
 .progmem.data  0x00004d49       0x20 ../../../../BitCloud/lib/libHAL_MegaRf_Atmega256rfr2_8Mhz_Gcc.a(halTaskManager.o)
                0x00004d49                halHandlers
 .progmem.data  0x00004d69        0xc ../../../../BitCloud/lib/libHAL_MegaRf_Atmega256rfr2_8Mhz_Gcc.a(usart.o)
                0x00004d76                . = ALIGN (0x2)
 *fill*         0x00004d75        0x1 
 *(.trampolines*)
 .trampolines   0x00004d76        0x0 linker stubs
 *(.jumptables*)
 *(.lowtext*)
 *(.init0)
 .init0         0x00004d76        0x0 c:/program files (x86)/atmel/atmel toolchain/avr8 gcc/native/3.4.1061/avr8-gnu-toolchain/bin/../lib/gcc/avr/4.8.1/../../../../avr/lib/avr6/crtm256rfr2.o
                0x00004d76                __init
 .init0         0x00004d76       0x36 ../../../../BitCloud/lib/WdtInitatmega256rfr2_Gcc.o
                0x00004d76                halWdtInit
 *(.init0)
 *(.init1)
 *(.init1)
 *(.init2)
 .init2         0x00004dac       0x10 c:/program files (x86)/atmel/atmel toolchain/avr8 gcc/native/3.4.1061/avr8-gnu-toolchain/bin/../lib/gcc/avr/4.8.1/../../../../avr/lib/avr6/crtm256rfr2.o
 *(.init2)
 *(.init3)
 *(.init3)
 *(.init4)
 .init4         0x00004dbc       0x1a c:/program files (x86)/atmel/atmel toolchain/avr8 gcc/native/3.4.1061/avr8-gnu-toolchain/bin/../lib/gcc/avr/4.8.1/avr6\libgcc.a(_copy_data.o)
                0x00004dbc                __do_copy_data
 .init4         0x00004dd6       0x10 c:/program files (x86)/atmel/atmel toolchain/avr8 gcc/native/3.4.1061/avr8-gnu-toolchain/bin/../lib/gcc/avr/4.8.1/avr6\libgcc.a(_clear_bss.o)
                0x00004dd6                __do_clear_bss
 *(.init4)
 *(.init5)
 *(.init5)
 *(.init6)
 *(.init6)
 *(.init7)
 *(.init7)
 *(.init8)
 *(.init8)
 *(.text.main)
 *(.text*main)
 .text.startup.main
                0x00004de6        0xa EndDevice_StdlinkSec_MegaRf_Atmega256rfr2_8Mhz_Gcc/Obj/app.o
                0x00004de6                main
 *(.text)
 .text          0x00004df0        0x4 c:/program files (x86)/atmel/atmel toolchain/avr8 gcc/native/3.4.1061/avr8-gnu-toolchain/bin/../lib/gcc/avr/4.8.1/../../../../avr/lib/avr6/crtm256rfr2.o
                0x00004df0                __vector_22
                0x00004df0                __vector_28
                0x00004df0                __vector_67
                0x00004df0                __vector_32
                0x00004df0                __vector_75
                0x00004df0                __vector_34
                0x00004df0                __vector_62
                0x00004df0                __vector_12
                0x00004df0                __vector_55
                0x00004df0                __vector_69
                0x00004df0                __vector_46
                0x00004df0                __bad_interrupt
                0x00004df0                __vector_72
                0x00004df0                __vector_31
                0x00004df0                __vector_35
                0x00004df0                __vector_74
                0x00004df0                __vector_23
                0x00004df0                __vector_68
                0x00004df0                __vector_73
                0x00004df0                __vector_45
                0x00004df0                __vector_61
                0x00004df0                __vector_11
                0x00004df0                __vector_54
                0x00004df0                __vector_17
                0x00004df0                __vector_19
                0x00004df0                __vector_56
                0x00004df0                __vector_49
                0x00004df0                __vector_41
                0x00004df0                __vector_64
                0x00004df0                __vector_33
                0x00004df0                __vector_76
                0x00004df0                __vector_47
                0x00004df0                __vector_52
                0x00004df0                __vector_44
                0x00004df0                __vector_51
                0x00004df0                __vector_9
                0x00004df0                __vector_21
                0x00004df0                __vector_66
                0x00004df0                __vector_58
                0x00004df0                __vector_70
                0x00004df0                __vector_40
                0x00004df0                __vector_48
                0x00004df0                __vector_14
                0x00004df0                __vector_57
                0x00004df0                __vector_53
                0x00004df0                __vector_10
                0x00004df0                __vector_50
                0x00004df0                __vector_16
                0x00004df0                __vector_59
                0x00004df0                __vector_18
                0x00004df0                __vector_20
                0x00004df0                __vector_65
 .text          0x00004df4       0xb8 ../../../../BitCloud/lib/libHAL_MegaRf_Atmega256rfr2_8Mhz_Gcc.a(halW1.o)
                0x00004df4                halResetW1
                0x00004e20                halReadW1Bit
                0x00004e4a                halReadW1
                0x00004e64                halWriteW1bit
                0x00004e8c                halWriteW1
                0x00004e9c                __delay_us
 .text          0x00004eac       0x3a ../../../../BitCloud/lib/libHAL_MegaRf_Atmega256rfr2_8Mhz_Gcc.a(halCalibration.o)
                0x00004eac                halMeasurement
 *(.text.*)
 .text.postTimerCallback
                0x00004ee6       0x1a EndDevice_StdlinkSec_MegaRf_Atmega256rfr2_8Mhz_Gcc/Obj/app.o
 .text.delayedPost
                0x00004f00       0x30 EndDevice_StdlinkSec_MegaRf_Atmega256rfr2_8Mhz_Gcc/Obj/app.o
 .text.readSensor
                0x00004f30       0x94 EndDevice_StdlinkSec_MegaRf_Atmega256rfr2_8Mhz_Gcc/Obj/app.o
 .text.writeSensorHumidity
                0x00004fc4       0x10 EndDevice_StdlinkSec_MegaRf_Atmega256rfr2_8Mhz_Gcc/Obj/app.o
 .text.readSensorHumidity
                0x00004fd4       0x34 EndDevice_StdlinkSec_MegaRf_Atmega256rfr2_8Mhz_Gcc/Obj/app.o
 .text.APL_TaskHandler
                0x00005008       0x82 EndDevice_StdlinkSec_MegaRf_Atmega256rfr2_8Mhz_Gcc/Obj/app.o
                0x00005008                APL_TaskHandler
 .text.ZDO_MgmtNwkUpdateNotf
                0x0000508a        0x2 EndDevice_StdlinkSec_MegaRf_Atmega256rfr2_8Mhz_Gcc/Obj/app.o
                0x0000508a                ZDO_MgmtNwkUpdateNotf
 .text.ZDO_WakeUpInd
                0x0000508c        0x2 EndDevice_StdlinkSec_MegaRf_Atmega256rfr2_8Mhz_Gcc/Obj/app.o
                0x0000508c                ZDO_WakeUpInd
 .text.ZDO_BindIndication
                0x0000508e        0x2 EndDevice_StdlinkSec_MegaRf_Atmega256rfr2_8Mhz_Gcc/Obj/app.o
                0x0000508e                ZDO_BindIndication
 .text.ZDO_UnbindIndication
                0x00005090        0x2 EndDevice_StdlinkSec_MegaRf_Atmega256rfr2_8Mhz_Gcc/Obj/app.o
                0x00005090                ZDO_UnbindIndication
 .text.copyStrToBuffer
                0x00005092       0x80 EndDevice_StdlinkSec_MegaRf_Atmega256rfr2_8Mhz_Gcc/Obj/usartManager.o
 .text.usartWriteConf
                0x00005112       0xac EndDevice_StdlinkSec_MegaRf_Atmega256rfr2_8Mhz_Gcc/Obj/usartManager.o
 .text.appInitUsartManager
                0x000051be       0x5e EndDevice_StdlinkSec_MegaRf_Atmega256rfr2_8Mhz_Gcc/Obj/usartManager.o
                0x000051be                appInitUsartManager
 .text.appWriteDataToUsart
                0x0000521c       0x68 EndDevice_StdlinkSec_MegaRf_Atmega256rfr2_8Mhz_Gcc/Obj/usartManager.o
                0x0000521c                appWriteDataToUsart
 .text.uint32_to_str
                0x00005284       0x62 EndDevice_StdlinkSec_MegaRf_Atmega256rfr2_8Mhz_Gcc/Obj/usartManager.o
                0x00005284                uint32_to_str
 .text.pdsGetFileDescrRec
                0x000052e6       0x62 EndDevice_StdlinkSec_MegaRf_Atmega256rfr2_8Mhz_Gcc/Obj/stdPdsMemAccess.o
                0x000052e6                pdsGetFileDescrRec
 .text.pdsGetFileOffset
                0x00005348      0x11a EndDevice_StdlinkSec_MegaRf_Atmega256rfr2_8Mhz_Gcc/Obj/stdPdsMemAccess.o
                0x00005348                pdsGetFileOffset
 .text.pdsPrepareMemoryAccess
                0x00005462       0xd0 EndDevice_StdlinkSec_MegaRf_Atmega256rfr2_8Mhz_Gcc/Obj/stdPdsMemAccess.o
                0x00005462                pdsPrepareMemoryAccess
 .text.pdsExpandWithDirContent
                0x00005532      0x122 EndDevice_StdlinkSec_MegaRf_Atmega256rfr2_8Mhz_Gcc/Obj/stdPdsMemAccess.o
                0x00005532                pdsExpandWithDirContent
 .text.pdsPrepareAccessContext
                0x00005654       0x3a EndDevice_StdlinkSec_MegaRf_Atmega256rfr2_8Mhz_Gcc/Obj/stdPdsMemAccess.o
                0x00005654                pdsPrepareAccessContext
 .text.pdsTimerFired
                0x0000568e        0xc EndDevice_StdlinkSec_MegaRf_Atmega256rfr2_8Mhz_Gcc/Obj/stdPdsTimer.o
 .text.pdsTimerInit
                0x0000569a       0x12 EndDevice_StdlinkSec_MegaRf_Atmega256rfr2_8Mhz_Gcc/Obj/stdPdsTimer.o
                0x0000569a                pdsTimerInit
 .text.pdsDummyCallback
                0x000056ac        0x2 EndDevice_StdlinkSec_MegaRf_Atmega256rfr2_8Mhz_Gcc/Obj/stdPdsWriteData.o
                0x000056ac                pdsDummyCallback
 .text.pdsAddDataForCommitment
                0x000056ae       0x24 EndDevice_StdlinkSec_MegaRf_Atmega256rfr2_8Mhz_Gcc/Obj/stdPdsWriteData.o
                0x000056ae                pdsAddDataForCommitment
 .text.pdsWaitMemoryFree
                0x000056d2        0xe EndDevice_StdlinkSec_MegaRf_Atmega256rfr2_8Mhz_Gcc/Obj/stdPdsWriteData.o
                0x000056d2                pdsWaitMemoryFree
 .text.pdsWrite
                0x000056e0       0x3c EndDevice_StdlinkSec_MegaRf_Atmega256rfr2_8Mhz_Gcc/Obj/stdPdsWriteData.o
                0x000056e0                pdsWrite
 .text.pdsRead  0x0000571c       0x3c EndDevice_StdlinkSec_MegaRf_Atmega256rfr2_8Mhz_Gcc/Obj/stdPdsWriteData.o
                0x0000571c                pdsRead
 .text.pdsStartCommitment
                0x00005758      0x176 EndDevice_StdlinkSec_MegaRf_Atmega256rfr2_8Mhz_Gcc/Obj/stdPdsWriteData.o
                0x00005758                pdsStartCommitment
 .text.pdsCalculateRAMDataCrc
                0x000058ce       0x14 EndDevice_StdlinkSec_MegaRf_Atmega256rfr2_8Mhz_Gcc/Obj/stdPdsCrcService.o
                0x000058ce                pdsCalculateRAMDataCrc
 .text.PDS_Init
                0x000058e2      0x29a EndDevice_StdlinkSec_MegaRf_Atmega256rfr2_8Mhz_Gcc/Obj/stdPdsInit.o
                0x000058e2                PDS_Init
 .text.pdsMemMaskIsAnyBitSet
                0x00005b7c       0x1a EndDevice_StdlinkSec_MegaRf_Atmega256rfr2_8Mhz_Gcc/Obj/stdPdsDataServer.o
 .text.pdsInitMemMask
                0x00005b96       0x36 EndDevice_StdlinkSec_MegaRf_Atmega256rfr2_8Mhz_Gcc/Obj/stdPdsDataServer.o
 .text.pdsGetMemoryAllowed.part.0
                0x00005bcc       0x1a EndDevice_StdlinkSec_MegaRf_Atmega256rfr2_8Mhz_Gcc/Obj/stdPdsDataServer.o
 .text.PDS_Store
                0x00005be6       0x3e EndDevice_StdlinkSec_MegaRf_Atmega256rfr2_8Mhz_Gcc/Obj/stdPdsDataServer.o
                0x00005be6                PDS_Store
 .text.PDS_TaskHandler
                0x00005c24        0x2 EndDevice_StdlinkSec_MegaRf_Atmega256rfr2_8Mhz_Gcc/Obj/stdPdsDataServer.o
                0x00005c24                PDS_TaskHandler
 .text.sysIdleHandlerSleepConf
                0x00005c26        0x2 EndDevice_StdlinkSec_MegaRf_Atmega256rfr2_8Mhz_Gcc/Obj/sysIdleHandler.o
 .text.SYS_IdleHandler
                0x00005c28       0x5a EndDevice_StdlinkSec_MegaRf_Atmega256rfr2_8Mhz_Gcc/Obj/sysIdleHandler.o
                0x00005c28                SYS_IdleHandler
 .text.SYS_IsSleepWhenIdleEnabled
                0x00005c82        0x6 EndDevice_StdlinkSec_MegaRf_Atmega256rfr2_8Mhz_Gcc/Obj/sysIdleHandler.o
                0x00005c82                SYS_IsSleepWhenIdleEnabled
 .text.SYS_Sleep
                0x00005c88        0x6 EndDevice_StdlinkSec_MegaRf_Atmega256rfr2_8Mhz_Gcc/Obj/sysSleep.o
                0x00005c88                SYS_Sleep
 .text.SYS_PostEvent
                0x00005c8e       0x9c EndDevice_StdlinkSec_MegaRf_Atmega256rfr2_8Mhz_Gcc/Obj/sysEventsHandler.o
                0x00005c8e                SYS_PostEvent
 .text.SYS_IsEventDeliverable
                0x00005d2a       0x34 EndDevice_StdlinkSec_MegaRf_Atmega256rfr2_8Mhz_Gcc/Obj/sysEventsHandler.o
                0x00005d2a                SYS_IsEventDeliverable
 .text.SYS_IsEventSubscriber
                0x00005d5e       0x2e EndDevice_StdlinkSec_MegaRf_Atmega256rfr2_8Mhz_Gcc/Obj/sysEventsHandler.o
                0x00005d5e                SYS_IsEventSubscriber
 .text.SYS_SubscribeToEvent
                0x00005d8c       0x82 EndDevice_StdlinkSec_MegaRf_Atmega256rfr2_8Mhz_Gcc/Obj/sysEventsHandler.o
                0x00005d8c                SYS_SubscribeToEvent
 .text.SYS_UnsubscribeFromEvent
                0x00005e0e       0x88 EndDevice_StdlinkSec_MegaRf_Atmega256rfr2_8Mhz_Gcc/Obj/sysEventsHandler.o
                0x00005e0e                SYS_UnsubscribeFromEvent
 .text.deleteHeadQueueElem
                0x00005e96       0x18 EndDevice_StdlinkSec_MegaRf_Atmega256rfr2_8Mhz_Gcc/Obj/sysQueue.o
                0x00005e96                deleteHeadQueueElem
 .text.deleteQueueElem
                0x00005eae       0x40 EndDevice_StdlinkSec_MegaRf_Atmega256rfr2_8Mhz_Gcc/Obj/sysQueue.o
                0x00005eae                deleteQueueElem
 .text.isQueueElem
                0x00005eee       0x20 EndDevice_StdlinkSec_MegaRf_Atmega256rfr2_8Mhz_Gcc/Obj/sysQueue.o
                0x00005eee                isQueueElem
 .text.putQueueElem
                0x00005f0e       0x56 EndDevice_StdlinkSec_MegaRf_Atmega256rfr2_8Mhz_Gcc/Obj/sysQueue.o
                0x00005f0e                putQueueElem
 .text.sysRndConfirm
                0x00005f64       0x46 EndDevice_StdlinkSec_MegaRf_Atmega256rfr2_8Mhz_Gcc/Obj/sysUtils.o
 .text.sysUpdateRndSeedTimerFired
                0x00005faa        0xa EndDevice_StdlinkSec_MegaRf_Atmega256rfr2_8Mhz_Gcc/Obj/sysUtils.o
 .text.sysStartUpdatingRandSeed
                0x00005fb4       0x24 EndDevice_StdlinkSec_MegaRf_Atmega256rfr2_8Mhz_Gcc/Obj/sysUtils.o
                0x00005fb4                sysStartUpdatingRandSeed
 .text.SYS_GetRandomSequence
                0x00005fd8       0x76 EndDevice_StdlinkSec_MegaRf_Atmega256rfr2_8Mhz_Gcc/Obj/sysUtils.o
                0x00005fd8                SYS_GetRandomSequence
 .text.sysStopUpdatingRandSeed
                0x0000604e        0xa EndDevice_StdlinkSec_MegaRf_Atmega256rfr2_8Mhz_Gcc/Obj/sysUtils.o
                0x0000604e                sysStopUpdatingRandSeed
 .text.SYS_DefAssertCallbackError
                0x00006058       0x30 EndDevice_StdlinkSec_MegaRf_Atmega256rfr2_8Mhz_Gcc/Obj/sysAssert.o
                0x00006058                SYS_DefAssertCallbackError
 .text.SYS_DefAssertCallbackFatal
                0x00006088       0x30 EndDevice_StdlinkSec_MegaRf_Atmega256rfr2_8Mhz_Gcc/Obj/sysAssert.o
                0x00006088                SYS_DefAssertCallbackFatal
 .text.SYS_DuplicateTableReset
                0x000060b8       0x64 EndDevice_StdlinkSec_MegaRf_Atmega256rfr2_8Mhz_Gcc/Obj/sysDuplicateTable.o
                0x000060b8                SYS_DuplicateTableReset
 .text.SYS_DuplicateTableCheck
                0x0000611c      0x110 EndDevice_StdlinkSec_MegaRf_Atmega256rfr2_8Mhz_Gcc/Obj/sysDuplicateTable.o
                0x0000611c                SYS_DuplicateTableCheck
 .text.SYS_InitZsiLayer
                0x0000622c        0x4 EndDevice_StdlinkSec_MegaRf_Atmega256rfr2_8Mhz_Gcc/Obj/sysInit.o
                0x0000622c                SYS_InitZsiLayer
 .text.SYS_InitZclLayer
                0x00006230        0x2 EndDevice_StdlinkSec_MegaRf_Atmega256rfr2_8Mhz_Gcc/Obj/sysInit.o
                0x00006230                SYS_InitZclLayer
 .text.processManagerTask
                0x00006232       0x88 EndDevice_StdlinkSec_MegaRf_Atmega256rfr2_8Mhz_Gcc/Obj/sysTaskManager.o
 .text.SYS_SysInit
                0x000062ba       0x2c EndDevice_StdlinkSec_MegaRf_Atmega256rfr2_8Mhz_Gcc/Obj/sysTaskManager.o
                0x000062ba                SYS_SysInit
 .text.SYS_RunTask
                0x000062e6       0x2a EndDevice_StdlinkSec_MegaRf_Atmega256rfr2_8Mhz_Gcc/Obj/sysTaskManager.o
                0x000062e6                SYS_RunTask
 .text.SYS_ForceRunTask
                0x00006310        0x4 EndDevice_StdlinkSec_MegaRf_Atmega256rfr2_8Mhz_Gcc/Obj/sysTaskManager.o
                0x00006310                SYS_ForceRunTask
 .text.SYS_MutexLock
                0x00006314       0x4e EndDevice_StdlinkSec_MegaRf_Atmega256rfr2_8Mhz_Gcc/Obj/sysMutex.o
                0x00006314                SYS_MutexLock
 .text.SYS_MutexUnlock
                0x00006362       0x94 EndDevice_StdlinkSec_MegaRf_Atmega256rfr2_8Mhz_Gcc/Obj/sysMutex.o
                0x00006362                SYS_MutexUnlock
 .text.SYS_IsMutexLocked
                0x000063f6       0x40 EndDevice_StdlinkSec_MegaRf_Atmega256rfr2_8Mhz_Gcc/Obj/sysMutex.o
                0x000063f6                SYS_IsMutexLocked
 .text.SYS_StartTimer
                0x00006436       0x14 EndDevice_StdlinkSec_MegaRf_Atmega256rfr2_8Mhz_Gcc/Obj/sysTimer.o
                0x00006436                SYS_StartTimer
 .text.SYS_StopTimer
                0x0000644a       0x12 EndDevice_StdlinkSec_MegaRf_Atmega256rfr2_8Mhz_Gcc/Obj/sysTimer.o
                0x0000644a                SYS_StopTimer
 .text.SYS_InitTimer
                0x0000645c       0x3e EndDevice_StdlinkSec_MegaRf_Atmega256rfr2_8Mhz_Gcc/Obj/sysTimer.o
                0x0000645c                SYS_InitTimer
 .text.BSP_TaskHandler
                0x0000649a        0x2 EndDevice_StdlinkSec_MegaRf_Atmega256rfr2_8Mhz_Gcc/Obj/bspTaskManager.o
                0x0000649a                BSP_TaskHandler
 .text.BSP_OffLed
                0x0000649c       0x18 EndDevice_StdlinkSec_MegaRf_Atmega256rfr2_8Mhz_Gcc/Obj/leds.o
                0x0000649c                BSP_OffLed
 .text.BSP_OpenLeds
                0x000064b4       0x14 EndDevice_StdlinkSec_MegaRf_Atmega256rfr2_8Mhz_Gcc/Obj/leds.o
                0x000064b4                BSP_OpenLeds
 .text.csSetToDefault
                0x000064c8       0x6a EndDevice_StdlinkSec_MegaRf_Atmega256rfr2_8Mhz_Gcc/Obj/csMem.o
                0x000064c8                csSetToDefault
 .text.csGetItem
                0x00006532       0x84 EndDevice_StdlinkSec_MegaRf_Atmega256rfr2_8Mhz_Gcc/Obj/configServer.o
 .text.CS_Init  0x000065b6        0x6 EndDevice_StdlinkSec_MegaRf_Atmega256rfr2_8Mhz_Gcc/Obj/configServer.o
                0x000065b6                CS_Init
 .text.CS_GetMemory
                0x000065bc       0x44 EndDevice_StdlinkSec_MegaRf_Atmega256rfr2_8Mhz_Gcc/Obj/configServer.o
                0x000065bc                CS_GetMemory
 .text.CS_ReadParameter
                0x00006600       0x70 EndDevice_StdlinkSec_MegaRf_Atmega256rfr2_8Mhz_Gcc/Obj/configServer.o
                0x00006600                CS_ReadParameter
 .text.CS_WriteParameter
                0x00006670       0x52 EndDevice_StdlinkSec_MegaRf_Atmega256rfr2_8Mhz_Gcc/Obj/configServer.o
                0x00006670                CS_WriteParameter
 .text.apsIsFragmentationDataReq
                0x000066c2       0x34 ../../../../BitCloud/lib/libBc_EndDevice_StdlinkSec_Atmega256rfr2_Atmega256rfr2_Gcc.a(aps.o)
 .text.apsPostTask
                0x000066f6       0x30 ../../../../BitCloud/lib/libBc_EndDevice_StdlinkSec_Atmega256rfr2_Atmega256rfr2_Gcc.a(aps.o)
 .text.apsFreeBuffer
                0x00006726       0xce ../../../../BitCloud/lib/libBc_EndDevice_StdlinkSec_Atmega256rfr2_Atmega256rfr2_Gcc.a(aps.o)
 .text.apsSetCommandReqToDefault
                0x000067f4       0x16 ../../../../BitCloud/lib/libBc_EndDevice_StdlinkSec_Atmega256rfr2_Atmega256rfr2_Gcc.a(aps.o)
 .text.apsDataManagerNwkDataConf
                0x0000680a       0x16 ../../../../BitCloud/lib/libBc_EndDevice_StdlinkSec_Atmega256rfr2_Atmega256rfr2_Gcc.a(aps.o)
 .text.apsEncryptDataFrame
                0x00006820       0x14 ../../../../BitCloud/lib/libBc_EndDevice_StdlinkSec_Atmega256rfr2_Atmega256rfr2_Gcc.a(aps.o)
 .text.commandReqAddressResolvingConf
                0x00006834       0x10 ../../../../BitCloud/lib/libBc_EndDevice_StdlinkSec_Atmega256rfr2_Atmega256rfr2_Gcc.a(aps.o)
 .text.dataIndAddrResolvingConf
                0x00006844       0x10 ../../../../BitCloud/lib/libBc_EndDevice_StdlinkSec_Atmega256rfr2_Atmega256rfr2_Gcc.a(aps.o)
 .text.dataReqAddrResolvingConf
                0x00006854       0x10 ../../../../BitCloud/lib/libBc_EndDevice_StdlinkSec_Atmega256rfr2_Atmega256rfr2_Gcc.a(aps.o)
 .text.apsIsSecurityEnabledTransmission
                0x00006864       0x32 ../../../../BitCloud/lib/libBc_EndDevice_StdlinkSec_Atmega256rfr2_Atmega256rfr2_Gcc.a(aps.o)
 .text.apsCalculateApsAckTimeout
                0x00006896       0x4a ../../../../BitCloud/lib/libBc_EndDevice_StdlinkSec_Atmega256rfr2_Atmega256rfr2_Gcc.a(aps.o)
 .text.findKey  0x000068e0       0x86 ../../../../BitCloud/lib/libBc_EndDevice_StdlinkSec_Atmega256rfr2_Atmega256rfr2_Gcc.a(aps.o)
 .text.apsIsGlobalLinkKey
                0x00006966       0x40 ../../../../BitCloud/lib/libBc_EndDevice_StdlinkSec_Atmega256rfr2_Atmega256rfr2_Gcc.a(aps.o)
 .text.apsCommandReq
                0x000069a6       0x2e ../../../../BitCloud/lib/libBc_EndDevice_StdlinkSec_Atmega256rfr2_Atmega256rfr2_Gcc.a(aps.o)
 .text.apsRequestKeyConf
                0x000069d4       0x42 ../../../../BitCloud/lib/libBc_EndDevice_StdlinkSec_Atmega256rfr2_Atmega256rfr2_Gcc.a(aps.o)
 .text.apsProcessEvent
                0x00006a16       0x50 ../../../../BitCloud/lib/libBc_EndDevice_StdlinkSec_Atmega256rfr2_Atmega256rfr2_Gcc.a(aps.o)
 .text.apsSwitchKeyConf
                0x00006a66       0x50 ../../../../BitCloud/lib/libBc_EndDevice_StdlinkSec_Atmega256rfr2_Atmega256rfr2_Gcc.a(aps.o)
 .text.apsTransportTrustKeyCommand
                0x00006ab6       0x4c ../../../../BitCloud/lib/libBc_EndDevice_StdlinkSec_Atmega256rfr2_Atmega256rfr2_Gcc.a(aps.o)
 .text.apsConfirmTransportKeyCommand
                0x00006b02       0x46 ../../../../BitCloud/lib/libBc_EndDevice_StdlinkSec_Atmega256rfr2_Atmega256rfr2_Gcc.a(aps.o)
 .text.apsTransportAppKeyCommand
                0x00006b48       0x4c ../../../../BitCloud/lib/libBc_EndDevice_StdlinkSec_Atmega256rfr2_Atmega256rfr2_Gcc.a(aps.o)
 .text.apsGetBuffer
                0x00006b94      0x10c ../../../../BitCloud/lib/libBc_EndDevice_StdlinkSec_Atmega256rfr2_Atmega256rfr2_Gcc.a(aps.o)
 .text.apsMakeNwkDataResp
                0x00006ca0       0x2e ../../../../BitCloud/lib/libBc_EndDevice_StdlinkSec_Atmega256rfr2_Atmega256rfr2_Gcc.a(aps.o)
 .text.apsCreateKeyPair
                0x00006cce      0x110 ../../../../BitCloud/lib/libBc_EndDevice_StdlinkSec_Atmega256rfr2_Atmega256rfr2_Gcc.a(aps.o)
 .text.apsSendNwkDataReq
                0x00006dde        0xe ../../../../BitCloud/lib/libBc_EndDevice_StdlinkSec_Atmega256rfr2_Atmega256rfr2_Gcc.a(aps.o)
 .text.apsProcessShortAddrModeDataReq
                0x00006dec      0x2d8 ../../../../BitCloud/lib/libBc_EndDevice_StdlinkSec_Atmega256rfr2_Atmega256rfr2_Gcc.a(aps.o)
 .text.apsSendNextBlock
                0x000070c4       0x10 ../../../../BitCloud/lib/libBc_EndDevice_StdlinkSec_Atmega256rfr2_Atmega256rfr2_Gcc.a(aps.o)
 .text.apsConstructAndSendAck
                0x000070d4      0x1ea ../../../../BitCloud/lib/libBc_EndDevice_StdlinkSec_Atmega256rfr2_Atmega256rfr2_Gcc.a(aps.o)
 .text.apsSendAckForFragmentedReceive
                0x000072be       0xd8 ../../../../BitCloud/lib/libBc_EndDevice_StdlinkSec_Atmega256rfr2_Atmega256rfr2_Gcc.a(aps.o)
 .text.apsCommandNwkDataReq
                0x00007396       0xb0 ../../../../BitCloud/lib/libBc_EndDevice_StdlinkSec_Atmega256rfr2_Atmega256rfr2_Gcc.a(aps.o)
 .text.apsGroupNwkDataConf
                0x00007446       0x4e ../../../../BitCloud/lib/libBc_EndDevice_StdlinkSec_Atmega256rfr2_Atmega256rfr2_Gcc.a(aps.o)
 .text.apsResetMemoryManager
                0x00007494       0xe6 ../../../../BitCloud/lib/libBc_EndDevice_StdlinkSec_Atmega256rfr2_Atmega256rfr2_Gcc.a(aps.o)
 .text.apsResetBindingTable
                0x0000757a       0x56 ../../../../BitCloud/lib/libBc_EndDevice_StdlinkSec_Atmega256rfr2_Atmega256rfr2_Gcc.a(aps.o)
 .text.apsRemoveDeviceConf
                0x000075d0       0x84 ../../../../BitCloud/lib/libBc_EndDevice_StdlinkSec_Atmega256rfr2_Atmega256rfr2_Gcc.a(aps.o)
 .text.apsRequestedKeyReceived
                0x00007654       0xfc ../../../../BitCloud/lib/libBc_EndDevice_StdlinkSec_Atmega256rfr2_Atmega256rfr2_Gcc.a(aps.o)
 .text.apsRequestKeyTimerFired
                0x00007750       0x78 ../../../../BitCloud/lib/libBc_EndDevice_StdlinkSec_Atmega256rfr2_Atmega256rfr2_Gcc.a(aps.o)
 .text.apsStopConf
                0x000077c8       0x58 ../../../../BitCloud/lib/libBc_EndDevice_StdlinkSec_Atmega256rfr2_Atmega256rfr2_Gcc.a(aps.o)
 .text.apsTransportKeyTaskHandler
                0x00007820      0x1ec ../../../../BitCloud/lib/libBc_EndDevice_StdlinkSec_Atmega256rfr2_Atmega256rfr2_Gcc.a(aps.o)
 .text.apsCommandEncryptConf
                0x00007a0c       0xba ../../../../BitCloud/lib/libBc_EndDevice_StdlinkSec_Atmega256rfr2_Atmega256rfr2_Gcc.a(aps.o)
 .text.apsTransportTrustKeyToChildConf
                0x00007ac6       0x2a ../../../../BitCloud/lib/libBc_EndDevice_StdlinkSec_Atmega256rfr2_Atmega256rfr2_Gcc.a(aps.o)
 .text.apsSendNwkKeyToChildConf
                0x00007af0       0x62 ../../../../BitCloud/lib/libBc_EndDevice_StdlinkSec_Atmega256rfr2_Atmega256rfr2_Gcc.a(aps.o)
 .text.apsSwitchKeyInd
                0x00007b52       0x8c ../../../../BitCloud/lib/libBc_EndDevice_StdlinkSec_Atmega256rfr2_Atmega256rfr2_Gcc.a(aps.o)
 .text.apsRequestKeyInd
                0x00007bde       0xdc ../../../../BitCloud/lib/libBc_EndDevice_StdlinkSec_Atmega256rfr2_Atmega256rfr2_Gcc.a(aps.o)
 .text.apsRemoveDeviceInd
                0x00007cba       0xcc ../../../../BitCloud/lib/libBc_EndDevice_StdlinkSec_Atmega256rfr2_Atmega256rfr2_Gcc.a(aps.o)
 .text.apsUpdateDeviceInd
                0x00007d86       0xe0 ../../../../BitCloud/lib/libBc_EndDevice_StdlinkSec_Atmega256rfr2_Atmega256rfr2_Gcc.a(aps.o)
 .text.apsStartAckTimer
                0x00007e66      0x1ea ../../../../BitCloud/lib/libBc_EndDevice_StdlinkSec_Atmega256rfr2_Atmega256rfr2_Gcc.a(aps.o)
 .text.apsAckForFragmentedReceiveConfirmHandler
                0x00008050       0xa4 ../../../../BitCloud/lib/libBc_EndDevice_StdlinkSec_Atmega256rfr2_Atmega256rfr2_Gcc.a(aps.o)
 .text.apsAckOnTimerFired
                0x000080f4      0x16e ../../../../BitCloud/lib/libBc_EndDevice_StdlinkSec_Atmega256rfr2_Atmega256rfr2_Gcc.a(aps.o)
 .text.apsGetInitialKey.isra.4
                0x00008262       0x3c ../../../../BitCloud/lib/libBc_EndDevice_StdlinkSec_Atmega256rfr2_Atmega256rfr2_Gcc.a(aps.o)
 .text.apsStoreOutSecCounter.isra.5
                0x0000829e       0x3a ../../../../BitCloud/lib/libBc_EndDevice_StdlinkSec_Atmega256rfr2_Atmega256rfr2_Gcc.a(aps.o)
 .text.apsGetHeaderSize
                0x000082d8       0x50 ../../../../BitCloud/lib/libBc_EndDevice_StdlinkSec_Atmega256rfr2_Atmega256rfr2_Gcc.a(aps.o)
 .text.apsMakeApsDataConf
                0x00008328       0x6c ../../../../BitCloud/lib/libBc_EndDevice_StdlinkSec_Atmega256rfr2_Atmega256rfr2_Gcc.a(aps.o)
 .text.apsIsValidBindingParameters
                0x00008394       0x7e ../../../../BitCloud/lib/libBc_EndDevice_StdlinkSec_Atmega256rfr2_Atmega256rfr2_Gcc.a(aps.o)
 .text.apsFindBindingEntry
                0x00008412      0x106 ../../../../BitCloud/lib/libBc_EndDevice_StdlinkSec_Atmega256rfr2_Atmega256rfr2_Gcc.a(aps.o)
 .text.apsExtractOutSecCounter.isra.10
                0x00008518       0x74 ../../../../BitCloud/lib/libBc_EndDevice_StdlinkSec_Atmega256rfr2_Atmega256rfr2_Gcc.a(aps.o)
 .text.apsGetUpdatedOutFrameCounter.isra.11
                0x0000858c       0x7a ../../../../BitCloud/lib/libBc_EndDevice_StdlinkSec_Atmega256rfr2_Atmega256rfr2_Gcc.a(aps.o)
 .text.apsGetAckByDataBuffer.isra.13
                0x00008606       0x82 ../../../../BitCloud/lib/libBc_EndDevice_StdlinkSec_Atmega256rfr2_Atmega256rfr2_Gcc.a(aps.o)
 .text.apsEncryptDataFrameConf.part.14
                0x00008688       0x22 ../../../../BitCloud/lib/libBc_EndDevice_StdlinkSec_Atmega256rfr2_Atmega256rfr2_Gcc.a(aps.o)
 .text.apsForwardKeyToChild.isra.17
                0x000086aa       0xcc ../../../../BitCloud/lib/libBc_EndDevice_StdlinkSec_Atmega256rfr2_Atmega256rfr2_Gcc.a(aps.o)
 .text.apsIsSecurityIncompatibleFrame
                0x00008776       0x20 ../../../../BitCloud/lib/libBc_EndDevice_StdlinkSec_Atmega256rfr2_Atmega256rfr2_Gcc.a(aps.o)
 .text.apsAuthReqTaskHandler
                0x00008796       0x86 ../../../../BitCloud/lib/libBc_EndDevice_StdlinkSec_Atmega256rfr2_Atmega256rfr2_Gcc.a(aps.o)
 .text.apsCommandMakeHeader
                0x0000881c       0x1e ../../../../BitCloud/lib/libBc_EndDevice_StdlinkSec_Atmega256rfr2_Atmega256rfr2_Gcc.a(aps.o)
 .text.apsSwitchKeyPrepare
                0x0000883a       0x50 ../../../../BitCloud/lib/libBc_EndDevice_StdlinkSec_Atmega256rfr2_Atmega256rfr2_Gcc.a(aps.o)
 .text.apsRemoveDevicePrepare
                0x0000888a       0x56 ../../../../BitCloud/lib/libBc_EndDevice_StdlinkSec_Atmega256rfr2_Atmega256rfr2_Gcc.a(aps.o)
 .text.apsPrepareTunnelCommand
                0x000088e0       0x90 ../../../../BitCloud/lib/libBc_EndDevice_StdlinkSec_Atmega256rfr2_Atmega256rfr2_Gcc.a(aps.o)
 .text.apsProcessGroupAddrModeDataReq
                0x00008970      0x1b0 ../../../../BitCloud/lib/libBc_EndDevice_StdlinkSec_Atmega256rfr2_Atmega256rfr2_Gcc.a(aps.o)
 .text.apsPrepareTransportAppKeyCommand
                0x00008b20       0x90 ../../../../BitCloud/lib/libBc_EndDevice_StdlinkSec_Atmega256rfr2_Atmega256rfr2_Gcc.a(aps.o)
 .text.apsPrepareTransportTrustKeyCommand
                0x00008bb0       0x8e ../../../../BitCloud/lib/libBc_EndDevice_StdlinkSec_Atmega256rfr2_Atmega256rfr2_Gcc.a(aps.o)
 .text.apsPrepareFragmentedTransmission
                0x00008c3e       0xa0 ../../../../BitCloud/lib/libBc_EndDevice_StdlinkSec_Atmega256rfr2_Atmega256rfr2_Gcc.a(aps.o)
 .text.apsSmEncryptDataConf
                0x00008cde       0x58 ../../../../BitCloud/lib/libBc_EndDevice_StdlinkSec_Atmega256rfr2_Atmega256rfr2_Gcc.a(aps.o)
 .text.apsTransportNwkKeyCommand
                0x00008d36       0x86 ../../../../BitCloud/lib/libBc_EndDevice_StdlinkSec_Atmega256rfr2_Atmega256rfr2_Gcc.a(aps.o)
 .text.apsCommandReqTaskHandler
                0x00008dbc       0xe6 ../../../../BitCloud/lib/libBc_EndDevice_StdlinkSec_Atmega256rfr2_Atmega256rfr2_Gcc.a(aps.o)
 .text.apsNextBind
                0x00008ea2       0xc0 ../../../../BitCloud/lib/libBc_EndDevice_StdlinkSec_Atmega256rfr2_Atmega256rfr2_Gcc.a(aps.o)
 .text.apsSendToNextBoundDevice
                0x00008f62      0x142 ../../../../BitCloud/lib/libBc_EndDevice_StdlinkSec_Atmega256rfr2_Atmega256rfr2_Gcc.a(aps.o)
 .text.bindDataReqAddrResolvingConf
                0x000090a4       0x7e ../../../../BitCloud/lib/libBc_EndDevice_StdlinkSec_Atmega256rfr2_Atmega256rfr2_Gcc.a(aps.o)
                0x000090a4                bindDataReqAddrResolvingConf
 .text.apsProcessIndirectDataReq
                0x00009122       0x6c ../../../../BitCloud/lib/libBc_EndDevice_StdlinkSec_Atmega256rfr2_Atmega256rfr2_Gcc.a(aps.o)
 .text.apsHandleTransmittedData
                0x0000918e      0x13e ../../../../BitCloud/lib/libBc_EndDevice_StdlinkSec_Atmega256rfr2_Atmega256rfr2_Gcc.a(aps.o)
 .text.apsSmDecryptSentFrameConf
                0x000092cc       0x22 ../../../../BitCloud/lib/libBc_EndDevice_StdlinkSec_Atmega256rfr2_Atmega256rfr2_Gcc.a(aps.o)
 .text.APS_AuthenticateReq
                0x000092ee       0x8e ../../../../BitCloud/lib/libBc_EndDevice_StdlinkSec_Atmega256rfr2_Atmega256rfr2_Gcc.a(aps.o)
                0x000092ee                APS_AuthenticateReq
 .text.APS_BindReq
                0x0000937c       0xbc ../../../../BitCloud/lib/libBc_EndDevice_StdlinkSec_Atmega256rfr2_Atmega256rfr2_Gcc.a(aps.o)
                0x0000937c                APS_BindReq
 .text.APS_FreeBindingEntry
                0x00009438       0x64 ../../../../BitCloud/lib/libBc_EndDevice_StdlinkSec_Atmega256rfr2_Atmega256rfr2_Gcc.a(aps.o)
                0x00009438                APS_FreeBindingEntry
 .text.APS_UnbindReq
                0x0000949c       0x2c ../../../../BitCloud/lib/libBc_EndDevice_StdlinkSec_Atmega256rfr2_Atmega256rfr2_Gcc.a(aps.o)
                0x0000949c                APS_UnbindReq
 .text.APS_NextBindingEntry
                0x000094c8       0x40 ../../../../BitCloud/lib/libBc_EndDevice_StdlinkSec_Atmega256rfr2_Atmega256rfr2_Gcc.a(aps.o)
                0x000094c8                APS_NextBindingEntry
 .text.APS_DataReq
                0x00009508       0x20 ../../../../BitCloud/lib/libBc_EndDevice_StdlinkSec_Atmega256rfr2_Atmega256rfr2_Gcc.a(aps.o)
                0x00009508                APS_DataReq
 .text.NWK_DataInd
                0x00009528       0x20 ../../../../BitCloud/lib/libBc_EndDevice_StdlinkSec_Atmega256rfr2_Atmega256rfr2_Gcc.a(aps.o)
                0x00009528                NWK_DataInd
 .text.APS_CalculateTimes
                0x00009548      0x1c8 ../../../../BitCloud/lib/libBc_EndDevice_StdlinkSec_Atmega256rfr2_Atmega256rfr2_Gcc.a(aps.o)
                0x00009548                APS_CalculateTimes
 .text.apsResetDataManager
                0x00009710       0xee ../../../../BitCloud/lib/libBc_EndDevice_StdlinkSec_Atmega256rfr2_Atmega256rfr2_Gcc.a(aps.o)
 .text.apsStateMachineTaskHandler
                0x000097fe      0x120 ../../../../BitCloud/lib/libBc_EndDevice_StdlinkSec_Atmega256rfr2_Atmega256rfr2_Gcc.a(aps.o)
 .text.APS_IsProfileIdMatched
                0x0000991e       0x74 ../../../../BitCloud/lib/libBc_EndDevice_StdlinkSec_Atmega256rfr2_Atmega256rfr2_Gcc.a(aps.o)
                0x0000991e                APS_IsProfileIdMatched
 .text.APS_NextEndpoint
                0x00009992       0x16 ../../../../BitCloud/lib/libBc_EndDevice_StdlinkSec_Atmega256rfr2_Atmega256rfr2_Gcc.a(aps.o)
                0x00009992                APS_NextEndpoint
 .text.apsFindEndpoint
                0x000099a8       0x28 ../../../../BitCloud/lib/libBc_EndDevice_StdlinkSec_Atmega256rfr2_Atmega256rfr2_Gcc.a(aps.o)
 .text.apsGroupIndication
                0x000099d0       0xa6 ../../../../BitCloud/lib/libBc_EndDevice_StdlinkSec_Atmega256rfr2_Atmega256rfr2_Gcc.a(aps.o)
 .text.apsUnicastDataInd
                0x00009a76      0x26a ../../../../BitCloud/lib/libBc_EndDevice_StdlinkSec_Atmega256rfr2_Atmega256rfr2_Gcc.a(aps.o)
 .text.apsApduUnicastHandler
                0x00009ce0      0x3dc ../../../../BitCloud/lib/libBc_EndDevice_StdlinkSec_Atmega256rfr2_Atmega256rfr2_Gcc.a(aps.o)
 .text.NWK_IntrpDataInd
                0x0000a0bc      0x12e ../../../../BitCloud/lib/libBc_EndDevice_StdlinkSec_Atmega256rfr2_Atmega256rfr2_Gcc.a(aps.o)
                0x0000a0bc                NWK_IntrpDataInd
 .text.APS_FindKeys
                0x0000a1ea       0x90 ../../../../BitCloud/lib/libBc_EndDevice_StdlinkSec_Atmega256rfr2_Atmega256rfr2_Gcc.a(aps.o)
                0x0000a1ea                APS_FindKeys
 .text.apsIsAllowedCommand
                0x0000a27a       0x9c ../../../../BitCloud/lib/libBc_EndDevice_StdlinkSec_Atmega256rfr2_Atmega256rfr2_Gcc.a(aps.o)
                0x0000a27a                apsIsAllowedCommand
 .text.apsUnsecuredNwkDataIndHandler
                0x0000a316       0xb2 ../../../../BitCloud/lib/libBc_EndDevice_StdlinkSec_Atmega256rfr2_Atmega256rfr2_Gcc.a(aps.o)
 .text.apsContinueNwkDataIndProcessing
                0x0000a3c8      0x3a2 ../../../../BitCloud/lib/libBc_EndDevice_StdlinkSec_Atmega256rfr2_Atmega256rfr2_Gcc.a(aps.o)
 .text.apsDataTaskHandler
                0x0000a76a      0x980 ../../../../BitCloud/lib/libBc_EndDevice_StdlinkSec_Atmega256rfr2_Atmega256rfr2_Gcc.a(aps.o)
 .text.apsTransportKeyInd
                0x0000b0ea      0x3a6 ../../../../BitCloud/lib/libBc_EndDevice_StdlinkSec_Atmega256rfr2_Atmega256rfr2_Gcc.a(aps.o)
 .text.APS_GetLinkKey
                0x0000b490       0x3e ../../../../BitCloud/lib/libBc_EndDevice_StdlinkSec_Atmega256rfr2_Atmega256rfr2_Gcc.a(aps.o)
                0x0000b490                APS_GetLinkKey
 .text.APS_SetLinkKey
                0x0000b4ce       0x54 ../../../../BitCloud/lib/libBc_EndDevice_StdlinkSec_Atmega256rfr2_Atmega256rfr2_Gcc.a(aps.o)
                0x0000b4ce                APS_SetLinkKey
 .text.apsCommandEncryptReq
                0x0000b522       0xf6 ../../../../BitCloud/lib/libBc_EndDevice_StdlinkSec_Atmega256rfr2_Atmega256rfr2_Gcc.a(aps.o)
 .text.apsCommandNwkDataConf
                0x0000b618       0x72 ../../../../BitCloud/lib/libBc_EndDevice_StdlinkSec_Atmega256rfr2_Atmega256rfr2_Gcc.a(aps.o)
 .text.apsCommandAllocDataConf
                0x0000b68a      0x186 ../../../../BitCloud/lib/libBc_EndDevice_StdlinkSec_Atmega256rfr2_Atmega256rfr2_Gcc.a(aps.o)
 .text.APS_SetMasterKey
                0x0000b810       0x5a ../../../../BitCloud/lib/libBc_EndDevice_StdlinkSec_Atmega256rfr2_Atmega256rfr2_Gcc.a(aps.o)
                0x0000b810                APS_SetMasterKey
 .text.APS_NextKeys
                0x0000b86a       0x46 ../../../../BitCloud/lib/libBc_EndDevice_StdlinkSec_Atmega256rfr2_Atmega256rfr2_Gcc.a(aps.o)
                0x0000b86a                APS_NextKeys
 .text.apsSmDecryptIncommingFrameConf
                0x0000b8b0      0x16a ../../../../BitCloud/lib/libBc_EndDevice_StdlinkSec_Atmega256rfr2_Atmega256rfr2_Gcc.a(aps.o)
 .text.APS_SetAuthorizedStatus
                0x0000ba1a       0x60 ../../../../BitCloud/lib/libBc_EndDevice_StdlinkSec_Atmega256rfr2_Atmega256rfr2_Gcc.a(aps.o)
                0x0000ba1a                APS_SetAuthorizedStatus
 .text.APS_MarkGlobalKeyAsPrimary
                0x0000ba7a       0x9a ../../../../BitCloud/lib/libBc_EndDevice_StdlinkSec_Atmega256rfr2_Atmega256rfr2_Gcc.a(aps.o)
                0x0000ba7a                APS_MarkGlobalKeyAsPrimary
 .text.APS_UpdateGlobalTCKey
                0x0000bb14       0x96 ../../../../BitCloud/lib/libBc_EndDevice_StdlinkSec_Atmega256rfr2_Atmega256rfr2_Gcc.a(aps.o)
                0x0000bb14                APS_UpdateGlobalTCKey
 .text.APS_AreKeysAuthorized
                0x0000bbaa       0x2e ../../../../BitCloud/lib/libBc_EndDevice_StdlinkSec_Atmega256rfr2_Atmega256rfr2_Gcc.a(aps.o)
                0x0000bbaa                APS_AreKeysAuthorized
 .text.APS_ResetKeys
                0x0000bbd8       0xdc ../../../../BitCloud/lib/libBc_EndDevice_StdlinkSec_Atmega256rfr2_Atmega256rfr2_Gcc.a(aps.o)
                0x0000bbd8                APS_ResetKeys
 .text.APS_InitKeyPairSet
                0x0000bcb4       0x88 ../../../../BitCloud/lib/libBc_EndDevice_StdlinkSec_Atmega256rfr2_Atmega256rfr2_Gcc.a(aps.o)
                0x0000bcb4                APS_InitKeyPairSet
 .text.APS_ResetKeyPairSet
                0x0000bd3c       0x26 ../../../../BitCloud/lib/libBc_EndDevice_StdlinkSec_Atmega256rfr2_Atmega256rfr2_Gcc.a(aps.o)
                0x0000bd3c                APS_ResetKeyPairSet
 .text.apsNwkResetConf
                0x0000bd62      0x286 ../../../../BitCloud/lib/libBc_EndDevice_StdlinkSec_Atmega256rfr2_Atmega256rfr2_Gcc.a(aps.o)
 .text.APS_GetKeyPairDeviceAddress
                0x0000bfe8       0x3a ../../../../BitCloud/lib/libBc_EndDevice_StdlinkSec_Atmega256rfr2_Atmega256rfr2_Gcc.a(aps.o)
                0x0000bfe8                APS_GetKeyPairDeviceAddress
 .text.apsDecryptAnyFrame.constprop.28
                0x0000c022      0x2a8 ../../../../BitCloud/lib/libBc_EndDevice_StdlinkSec_Atmega256rfr2_Atmega256rfr2_Gcc.a(aps.o)
 .text.apsSecurityTaskHandler
                0x0000c2ca      0x300 ../../../../BitCloud/lib/libBc_EndDevice_StdlinkSec_Atmega256rfr2_Atmega256rfr2_Gcc.a(aps.o)
 .text.APS_SetDefaultTcLinkKey
                0x0000c5ca       0x5c ../../../../BitCloud/lib/libBc_EndDevice_StdlinkSec_Atmega256rfr2_Atmega256rfr2_Gcc.a(aps.o)
                0x0000c5ca                APS_SetDefaultTcLinkKey
 .text.APS_RemoveDeviceReq
                0x0000c626       0x4c ../../../../BitCloud/lib/libBc_EndDevice_StdlinkSec_Atmega256rfr2_Atmega256rfr2_Gcc.a(aps.o)
                0x0000c626                APS_RemoveDeviceReq
 .text.APS_Init
                0x0000c672       0x2e ../../../../BitCloud/lib/libBc_EndDevice_StdlinkSec_Atmega256rfr2_Atmega256rfr2_Gcc.a(aps.o)
                0x0000c672                APS_Init
 .text.APS_ResetReq
                0x0000c6a0       0x40 ../../../../BitCloud/lib/libBc_EndDevice_StdlinkSec_Atmega256rfr2_Atmega256rfr2_Gcc.a(aps.o)
                0x0000c6a0                APS_ResetReq
 .text.APS_StartReq
                0x0000c6e0       0x1e ../../../../BitCloud/lib/libBc_EndDevice_StdlinkSec_Atmega256rfr2_Atmega256rfr2_Gcc.a(aps.o)
                0x0000c6e0                APS_StartReq
 .text.APS_StopReq
                0x0000c6fe       0x1e ../../../../BitCloud/lib/libBc_EndDevice_StdlinkSec_Atmega256rfr2_Atmega256rfr2_Gcc.a(aps.o)
                0x0000c6fe                APS_StopReq
 .text.APS_IsActiveTransaction
                0x0000c71c       0x7e ../../../../BitCloud/lib/libBc_EndDevice_StdlinkSec_Atmega256rfr2_Atmega256rfr2_Gcc.a(aps.o)
                0x0000c71c                APS_IsActiveTransaction
 .text.isApsBusyOrPollCheck
                0x0000c79a       0x60 ../../../../BitCloud/lib/libBc_EndDevice_StdlinkSec_Atmega256rfr2_Atmega256rfr2_Gcc.a(aps.o)
 .text.APS_HandleLeave
                0x0000c7fa       0x1a ../../../../BitCloud/lib/libBc_EndDevice_StdlinkSec_Atmega256rfr2_Atmega256rfr2_Gcc.a(aps.o)
                0x0000c7fa                APS_HandleLeave
 .text.APS_SwitchKeyReq
                0x0000c814       0x4c ../../../../BitCloud/lib/libBc_EndDevice_StdlinkSec_Atmega256rfr2_Atmega256rfr2_Gcc.a(aps.o)
                0x0000c814                APS_SwitchKeyReq
 .text.APS_TaskHandler
                0x0000c860       0xb4 ../../../../BitCloud/lib/libBc_EndDevice_StdlinkSec_Atmega256rfr2_Atmega256rfr2_Gcc.a(aps.o)
                0x0000c860                APS_TaskHandler
 .text.APS_TransportKeyReq
                0x0000c914       0x34 ../../../../BitCloud/lib/libBc_EndDevice_StdlinkSec_Atmega256rfr2_Atmega256rfr2_Gcc.a(aps.o)
                0x0000c914                APS_TransportKeyReq
 .text.APS_IsTcAddress
                0x0000c948       0x18 ../../../../BitCloud/lib/libBc_EndDevice_StdlinkSec_Atmega256rfr2_Atmega256rfr2_Gcc.a(aps.o)
                0x0000c948                APS_IsTcAddress
 .text.APS_GetTrustCenterAddress
                0x0000c960        0x6 ../../../../BitCloud/lib/libBc_EndDevice_StdlinkSec_Atmega256rfr2_Atmega256rfr2_Gcc.a(aps.o)
                0x0000c960                APS_GetTrustCenterAddress
 .text.APS_GetTrustCenterNwkAddress
                0x0000c966        0x6 ../../../../BitCloud/lib/libBc_EndDevice_StdlinkSec_Atmega256rfr2_Atmega256rfr2_Gcc.a(aps.o)
                0x0000c966                APS_GetTrustCenterNwkAddress
 .text.APS_GetOwnTcMode
                0x0000c96c       0x46 ../../../../BitCloud/lib/libBc_EndDevice_StdlinkSec_Atmega256rfr2_Atmega256rfr2_Gcc.a(aps.o)
                0x0000c96c                APS_GetOwnTcMode
 .text.apsPrepareTransportNwkKeyCommand
                0x0000c9b2      0x126 ../../../../BitCloud/lib/libBc_EndDevice_StdlinkSec_Atmega256rfr2_Atmega256rfr2_Gcc.a(aps.o)
 .text.APS_SetTrustCenterAddress
                0x0000cad8       0x5a ../../../../BitCloud/lib/libBc_EndDevice_StdlinkSec_Atmega256rfr2_Atmega256rfr2_Gcc.a(aps.o)
                0x0000cad8                APS_SetTrustCenterAddress
 .text.APS_IsTrustCenter
                0x0000cb32        0xe ../../../../BitCloud/lib/libBc_EndDevice_StdlinkSec_Atmega256rfr2_Atmega256rfr2_Gcc.a(aps.o)
                0x0000cb32                APS_IsTrustCenter
 .text.APS_IsTrustedAddress
                0x0000cb40       0x48 ../../../../BitCloud/lib/libBc_EndDevice_StdlinkSec_Atmega256rfr2_Atmega256rfr2_Gcc.a(aps.o)
                0x0000cb40                APS_IsTrustedAddress
 .text.apsTunnelInd
                0x0000cb88       0x7a ../../../../BitCloud/lib/libBc_EndDevice_StdlinkSec_Atmega256rfr2_Atmega256rfr2_Gcc.a(aps.o)
 .text.getSymbolsPerOctet
                0x0000cc02       0x30 ../../../../BitCloud/lib/libBc_EndDevice_StdlinkSec_Atmega256rfr2_Atmega256rfr2_Gcc.a(macenvPib.o)
 .text.storeTransmitPower
                0x0000cc32       0x44 ../../../../BitCloud/lib/libBc_EndDevice_StdlinkSec_Atmega256rfr2_Atmega256rfr2_Gcc.a(macenvPib.o)
 .text.calculateMaxFrameDuration
                0x0000cc76       0x1c ../../../../BitCloud/lib/libBc_EndDevice_StdlinkSec_Atmega256rfr2_Atmega256rfr2_Gcc.a(macenvPib.o)
 .text.macenvGetPhySymbolDuration
                0x0000cc92       0x46 ../../../../BitCloud/lib/libBc_EndDevice_StdlinkSec_Atmega256rfr2_Atmega256rfr2_Gcc.a(macenvPib.o)
                0x0000cc92                macenvGetPhySymbolDuration
 .text.updateMaxFrameTxTime
                0x0000ccd8       0x34 ../../../../BitCloud/lib/libBc_EndDevice_StdlinkSec_Atmega256rfr2_Atmega256rfr2_Gcc.a(macenvPib.o)
 .text.macenvResetPib
                0x0000cd0c       0xf2 ../../../../BitCloud/lib/libBc_EndDevice_StdlinkSec_Atmega256rfr2_Atmega256rfr2_Gcc.a(macenvPib.o)
                0x0000cd0c                macenvResetPib
 .text.macenvSetPibAttr
                0x0000cdfe      0x1f2 ../../../../BitCloud/lib/libBc_EndDevice_StdlinkSec_Atmega256rfr2_Atmega256rfr2_Gcc.a(macenvPib.o)
                0x0000cdfe                macenvSetPibAttr
 .text.macenvCalculateMaxFrameTotalWaitTimeInMs
                0x0000cff0      0x12a ../../../../BitCloud/lib/libBc_EndDevice_StdlinkSec_Atmega256rfr2_Atmega256rfr2_Gcc.a(macenvPib.o)
                0x0000cff0                macenvCalculateMaxFrameTotalWaitTimeInMs
 .text.macenvCalculateResponceWaitTimeInMs
                0x0000d11a       0x30 ../../../../BitCloud/lib/libBc_EndDevice_StdlinkSec_Atmega256rfr2_Atmega256rfr2_Gcc.a(macenvPib.o)
                0x0000d11a                macenvCalculateResponceWaitTimeInMs
 .text.macenvGetPibAttr
                0x0000d14a      0x144 ../../../../BitCloud/lib/libBc_EndDevice_StdlinkSec_Atmega256rfr2_Atmega256rfr2_Gcc.a(macenvPib.o)
                0x0000d14a                macenvGetPibAttr
 .text.MAC_GetExtAddr
                0x0000d28e        0x6 ../../../../BitCloud/lib/libBc_EndDevice_StdlinkSec_Atmega256rfr2_Atmega256rfr2_Gcc.a(macenvPib.o)
                0x0000d28e                MAC_GetExtAddr
 .text.MAC_IsOwnExtAddr
                0x0000d294       0x1a ../../../../BitCloud/lib/libBc_EndDevice_StdlinkSec_Atmega256rfr2_Atmega256rfr2_Gcc.a(macenvPib.o)
                0x0000d294                MAC_IsOwnExtAddr
 .text.MAC_GetOctetsTransmissionTimeInMs
                0x0000d2ae       0x48 ../../../../BitCloud/lib/libBc_EndDevice_StdlinkSec_Atmega256rfr2_Atmega256rfr2_Gcc.a(macenvPib.o)
                0x0000d2ae                MAC_GetOctetsTransmissionTimeInMs
 .text.postNewMacRequest
                0x0000d2f6       0x46 ../../../../BitCloud/lib/libBc_EndDevice_StdlinkSec_Atmega256rfr2_Atmega256rfr2_Gcc.a(machwdManager.o)
 .text.putReqInQueue
                0x0000d33c       0x16 ../../../../BitCloud/lib/libBc_EndDevice_StdlinkSec_Atmega256rfr2_Atmega256rfr2_Gcc.a(machwdManager.o)
 .text.MACHWD_DataReq
                0x0000d352        0x6 ../../../../BitCloud/lib/libBc_EndDevice_StdlinkSec_Atmega256rfr2_Atmega256rfr2_Gcc.a(machwdManager.o)
                0x0000d352                MACHWD_DataReq
 .text.MACHWD_SetTrxStateReq
                0x0000d358        0x8 ../../../../BitCloud/lib/libBc_EndDevice_StdlinkSec_Atmega256rfr2_Atmega256rfr2_Gcc.a(machwdManager.o)
                0x0000d358                MACHWD_SetTrxStateReq
 .text.MACHWD_SetReq
                0x0000d360        0x8 ../../../../BitCloud/lib/libBc_EndDevice_StdlinkSec_Atmega256rfr2_Atmega256rfr2_Gcc.a(machwdManager.o)
                0x0000d360                MACHWD_SetReq
 .text.MACHWD_EdReq
                0x0000d368        0x8 ../../../../BitCloud/lib/libBc_EndDevice_StdlinkSec_Atmega256rfr2_Atmega256rfr2_Gcc.a(machwdManager.o)
                0x0000d368                MACHWD_EdReq
 .text.RF_RandomReq
                0x0000d370       0x10 ../../../../BitCloud/lib/libBc_EndDevice_StdlinkSec_Atmega256rfr2_Atmega256rfr2_Gcc.a(machwdManager.o)
                0x0000d370                RF_RandomReq
 .text.MACHWD_Reset
                0x0000d380       0x44 ../../../../BitCloud/lib/libBc_EndDevice_StdlinkSec_Atmega256rfr2_Atmega256rfr2_Gcc.a(machwdManager.o)
                0x0000d380                MACHWD_Reset
 .text.MAC_PHY_HWD_TaskHandler
                0x0000d3c4      0x1dc ../../../../BitCloud/lib/libBc_EndDevice_StdlinkSec_Atmega256rfr2_Atmega256rfr2_Gcc.a(machwdManager.o)
                0x0000d3c4                MAC_PHY_HWD_TaskHandler
 .text.machwdRegAccessReqHandler
                0x0000d5a0       0x62 ../../../../BitCloud/lib/libBc_EndDevice_StdlinkSec_Atmega256rfr2_Atmega256rfr2_Gcc.a(machwdRegAccessHandler.o)
                0x0000d5a0                machwdRegAccessReqHandler
 .text.machwdRegAccessTaskHandler
                0x0000d602       0x46 ../../../../BitCloud/lib/libBc_EndDevice_StdlinkSec_Atmega256rfr2_Atmega256rfr2_Gcc.a(machwdRegAccessHandler.o)
                0x0000d602                machwdRegAccessTaskHandler
 .text.machwdReset
                0x0000d648       0xa8 ../../../../BitCloud/lib/libBc_EndDevice_StdlinkSec_Atmega256rfr2_Atmega256rfr2_Gcc.a(machwdResetHandler.o)
                0x0000d648                machwdReset
 .text.machwdRndReqHandler
                0x0000d6f0       0x38 ../../../../BitCloud/lib/libBc_EndDevice_StdlinkSec_Atmega256rfr2_Atmega256rfr2_Gcc.a(machwdRndHandler.o)
                0x0000d6f0                machwdRndReqHandler
 .text.machwdRndTaskHandler
                0x0000d728       0x32 ../../../../BitCloud/lib/libBc_EndDevice_StdlinkSec_Atmega256rfr2_Atmega256rfr2_Gcc.a(machwdRndHandler.o)
                0x0000d728                machwdRndTaskHandler
 .text.machwdResetRndHandler
                0x0000d75a        0x6 ../../../../BitCloud/lib/libBc_EndDevice_StdlinkSec_Atmega256rfr2_Atmega256rfr2_Gcc.a(machwdRndHandler.o)
                0x0000d75a                machwdResetRndHandler
 .text.machwdResetRxBuffers
                0x0000d760       0x66 ../../../../BitCloud/lib/libBc_EndDevice_StdlinkSec_Atmega256rfr2_Atmega256rfr2_Gcc.a(machwdRxBuffer.o)
                0x0000d760                machwdResetRxBuffers
 .text.machwdNextBuffer
                0x0000d7c6       0x14 ../../../../BitCloud/lib/libBc_EndDevice_StdlinkSec_Atmega256rfr2_Atmega256rfr2_Gcc.a(machwdRxBuffer.o)
                0x0000d7c6                machwdNextBuffer
 .text.machwdReleaseBuffer
                0x0000d7da       0x4a ../../../../BitCloud/lib/libBc_EndDevice_StdlinkSec_Atmega256rfr2_Atmega256rfr2_Gcc.a(machwdRxBuffer.o)
                0x0000d7da                machwdReleaseBuffer
 .text.machwdNextBufferPresent
                0x0000d824       0x26 ../../../../BitCloud/lib/libBc_EndDevice_StdlinkSec_Atmega256rfr2_Atmega256rfr2_Gcc.a(machwdRxBuffer.o)
                0x0000d824                machwdNextBufferPresent
 .text.machwdRxFrameIndTaskHandler
                0x0000d84a      0x114 ../../../../BitCloud/lib/libBc_EndDevice_StdlinkSec_Atmega256rfr2_Atmega256rfr2_Gcc.a(machwdRxFrameHandler.o)
                0x0000d84a                machwdRxFrameIndTaskHandler
 .text.executeSetReq
                0x0000d95e       0x6c ../../../../BitCloud/lib/libBc_EndDevice_StdlinkSec_Atmega256rfr2_Atmega256rfr2_Gcc.a(machwdSetHandler.o)
 .text.machwdSetReqHandler
                0x0000d9ca       0xd4 ../../../../BitCloud/lib/libBc_EndDevice_StdlinkSec_Atmega256rfr2_Atmega256rfr2_Gcc.a(machwdSetHandler.o)
                0x0000d9ca                machwdSetReqHandler
 .text.machwdSetTaskHandler
                0x0000da9e       0x38 ../../../../BitCloud/lib/libBc_EndDevice_StdlinkSec_Atmega256rfr2_Atmega256rfr2_Gcc.a(machwdSetHandler.o)
                0x0000da9e                machwdSetTaskHandler
 .text.machwdResetSetHandler
                0x0000dad6        0xe ../../../../BitCloud/lib/libBc_EndDevice_StdlinkSec_Atmega256rfr2_Atmega256rfr2_Gcc.a(machwdSetHandler.o)
                0x0000dad6                machwdResetSetHandler
 .text.machwdGetPhyTrxCmd
                0x0000dae4       0x14 ../../../../BitCloud/lib/libBc_EndDevice_StdlinkSec_Atmega256rfr2_Atmega256rfr2_Gcc.a(machwdTrxCtrl.o)
                0x0000dae4                machwdGetPhyTrxCmd
 .text.machwdSendTrxCmd
                0x0000daf8        0xa ../../../../BitCloud/lib/libBc_EndDevice_StdlinkSec_Atmega256rfr2_Atmega256rfr2_Gcc.a(machwdTrxCtrl.o)
                0x0000daf8                machwdSendTrxCmd
 .text.machwdConvertTrxCmdToTrxState
                0x0000db02       0x14 ../../../../BitCloud/lib/libBc_EndDevice_StdlinkSec_Atmega256rfr2_Atmega256rfr2_Gcc.a(machwdTrxCtrl.o)
                0x0000db02                machwdConvertTrxCmdToTrxState
 .text.machwdConvertTrxStateToTrxCmd
                0x0000db16       0x16 ../../../../BitCloud/lib/libBc_EndDevice_StdlinkSec_Atmega256rfr2_Atmega256rfr2_Gcc.a(machwdTrxCtrl.o)
                0x0000db16                machwdConvertTrxStateToTrxCmd
 .text.machwdTrxReqHandler
                0x0000db2c       0x3c ../../../../BitCloud/lib/libBc_EndDevice_StdlinkSec_Atmega256rfr2_Atmega256rfr2_Gcc.a(machwdTrxHandler.o)
                0x0000db2c                machwdTrxReqHandler
 .text.machwdTrxTaskHandler
                0x0000db68       0x3e ../../../../BitCloud/lib/libBc_EndDevice_StdlinkSec_Atmega256rfr2_Atmega256rfr2_Gcc.a(machwdTrxHandler.o)
                0x0000db68                machwdTrxTaskHandler
 .text.machwdResetTrxHandler
                0x0000dba6        0x6 ../../../../BitCloud/lib/libBc_EndDevice_StdlinkSec_Atmega256rfr2_Atmega256rfr2_Gcc.a(machwdTrxHandler.o)
                0x0000dba6                machwdResetTrxHandler
 .text.executeDataReq
                0x0000dbac       0x28 ../../../../BitCloud/lib/libBc_EndDevice_StdlinkSec_Atmega256rfr2_Atmega256rfr2_Gcc.a(machwdTxFrameHandler.o)
 .text.machwdTxFrameReqHandler
                0x0000dbd4       0x5a ../../../../BitCloud/lib/libBc_EndDevice_StdlinkSec_Atmega256rfr2_Atmega256rfr2_Gcc.a(machwdTxFrameHandler.o)
                0x0000dbd4                machwdTxFrameReqHandler
 .text.machwdTxFrameTaskHandler
                0x0000dc2e       0x76 ../../../../BitCloud/lib/libBc_EndDevice_StdlinkSec_Atmega256rfr2_Atmega256rfr2_Gcc.a(machwdTxFrameHandler.o)
                0x0000dc2e                machwdTxFrameTaskHandler
 .text.machwdResetTxFrameHandler
                0x0000dca4        0xa ../../../../BitCloud/lib/libBc_EndDevice_StdlinkSec_Atmega256rfr2_Atmega256rfr2_Gcc.a(machwdTxFrameHandler.o)
                0x0000dca4                machwdResetTxFrameHandler
 .text.machwdTxRetryHandler
                0x0000dcae       0x4e ../../../../BitCloud/lib/libBc_EndDevice_StdlinkSec_Atmega256rfr2_Atmega256rfr2_Gcc.a(machwdTxFrameHandler.o)
                0x0000dcae                machwdTxRetryHandler
 .text.putReqInQueue
                0x0000dcfc       0x2c ../../../../BitCloud/lib/libBc_EndDevice_StdlinkSec_Atmega256rfr2_Atmega256rfr2_Gcc.a(machwiManager.o)
 .text.machwiSendConfToUpperLayer
                0x0000dd28       0xa6 ../../../../BitCloud/lib/libBc_EndDevice_StdlinkSec_Atmega256rfr2_Atmega256rfr2_Gcc.a(machwiManager.o)
                0x0000dd28                machwiSendConfToUpperLayer
 .text.MAC_HWI_TaskHandler
                0x0000ddce       0xae ../../../../BitCloud/lib/libBc_EndDevice_StdlinkSec_Atmega256rfr2_Atmega256rfr2_Gcc.a(machwiManager.o)
                0x0000ddce                MAC_HWI_TaskHandler
 .text.MAC_AssociateReq
                0x0000de7c        0x8 ../../../../BitCloud/lib/libBc_EndDevice_StdlinkSec_Atmega256rfr2_Atmega256rfr2_Gcc.a(machwiManager.o)
                0x0000de7c                MAC_AssociateReq
 .text.MAC_GetReq
                0x0000de84        0x8 ../../../../BitCloud/lib/libBc_EndDevice_StdlinkSec_Atmega256rfr2_Atmega256rfr2_Gcc.a(machwiManager.o)
                0x0000de84                MAC_GetReq
 .text.MAC_ResetReq
                0x0000de8c       0x4e ../../../../BitCloud/lib/libBc_EndDevice_StdlinkSec_Atmega256rfr2_Atmega256rfr2_Gcc.a(machwiManager.o)
                0x0000de8c                MAC_ResetReq
 .text.MAC_RxEnableReq
                0x0000deda        0x8 ../../../../BitCloud/lib/libBc_EndDevice_StdlinkSec_Atmega256rfr2_Atmega256rfr2_Gcc.a(machwiManager.o)
                0x0000deda                MAC_RxEnableReq
 .text.MAC_ScanReq
                0x0000dee2        0x8 ../../../../BitCloud/lib/libBc_EndDevice_StdlinkSec_Atmega256rfr2_Atmega256rfr2_Gcc.a(machwiManager.o)
                0x0000dee2                MAC_ScanReq
 .text.MAC_SetReq
                0x0000deea        0x8 ../../../../BitCloud/lib/libBc_EndDevice_StdlinkSec_Atmega256rfr2_Atmega256rfr2_Gcc.a(machwiManager.o)
                0x0000deea                MAC_SetReq
 .text.MAC_PollReq
                0x0000def2        0x8 ../../../../BitCloud/lib/libBc_EndDevice_StdlinkSec_Atmega256rfr2_Atmega256rfr2_Gcc.a(machwiManager.o)
                0x0000def2                MAC_PollReq
 .text.MAC_DataReq
                0x0000defa        0x8 ../../../../BitCloud/lib/libBc_EndDevice_StdlinkSec_Atmega256rfr2_Atmega256rfr2_Gcc.a(machwiManager.o)
                0x0000defa                MAC_DataReq
 .text.machwiSendDataInd
                0x0000df02        0xe ../../../../BitCloud/lib/libBc_EndDevice_StdlinkSec_Atmega256rfr2_Atmega256rfr2_Gcc.a(machwiManager.o)
                0x0000df02                machwiSendDataInd
 .text.machwiSendBeaconNotifyInd
                0x0000df10        0xe ../../../../BitCloud/lib/libBc_EndDevice_StdlinkSec_Atmega256rfr2_Atmega256rfr2_Gcc.a(machwiManager.o)
                0x0000df10                machwiSendBeaconNotifyInd
 .text.machwiSendSyncLossNotifyInd
                0x0000df1e        0xe ../../../../BitCloud/lib/libBc_EndDevice_StdlinkSec_Atmega256rfr2_Atmega256rfr2_Gcc.a(machwiManager.o)
                0x0000df1e                machwiSendSyncLossNotifyInd
 .text.MACHWD_DataInd
                0x0000df2c       0x8c ../../../../BitCloud/lib/libBc_EndDevice_StdlinkSec_Atmega256rfr2_Atmega256rfr2_Gcc.a(machwiPanServer.o)
                0x0000df2c                MACHWD_DataInd
 .text.completeHandling
                0x0000dfb8       0x16 ../../../../BitCloud/lib/libBc_EndDevice_StdlinkSec_Atmega256rfr2_Atmega256rfr2_Gcc.a(machwiPollHandler.o)
 .text.halPollTimerFired
                0x0000dfce        0x4 ../../../../BitCloud/lib/libBc_EndDevice_StdlinkSec_Atmega256rfr2_Atmega256rfr2_Gcc.a(machwiPollHandler.o)
 .text.switchingCompleted
                0x0000dfd2       0x10 ../../../../BitCloud/lib/libBc_EndDevice_StdlinkSec_Atmega256rfr2_Atmega256rfr2_Gcc.a(machwiPollHandler.o)
 .text.machwdDataConfirm
                0x0000dfe2       0x68 ../../../../BitCloud/lib/libBc_EndDevice_StdlinkSec_Atmega256rfr2_Atmega256rfr2_Gcc.a(machwiPollHandler.o)
 .text.machwiResetPollHandler
                0x0000e04a        0x6 ../../../../BitCloud/lib/libBc_EndDevice_StdlinkSec_Atmega256rfr2_Atmega256rfr2_Gcc.a(machwiPollHandler.o)
                0x0000e04a                machwiResetPollHandler
 .text.machwiDataIndication
                0x0000e050      0x160 ../../../../BitCloud/lib/libBc_EndDevice_StdlinkSec_Atmega256rfr2_Atmega256rfr2_Gcc.a(machwiPollHandler.o)
                0x0000e050                machwiDataIndication
 .text.machwiPollReqHandler
                0x0000e1b0      0x114 ../../../../BitCloud/lib/libBc_EndDevice_StdlinkSec_Atmega256rfr2_Atmega256rfr2_Gcc.a(machwiPollHandler.o)
                0x0000e1b0                machwiPollReqHandler
 .text.machwdSetConfirm
                0x0000e2c4       0x18 ../../../../BitCloud/lib/libBc_EndDevice_StdlinkSec_Atmega256rfr2_Atmega256rfr2_Gcc.a(machwiResetHandler.o)
 .text.machwdSetTrxStateConfirm
                0x0000e2dc        0xa ../../../../BitCloud/lib/libBc_EndDevice_StdlinkSec_Atmega256rfr2_Atmega256rfr2_Gcc.a(machwiResetHandler.o)
 .text.machwiResetReqHandler
                0x0000e2e6       0x7a ../../../../BitCloud/lib/libBc_EndDevice_StdlinkSec_Atmega256rfr2_Atmega256rfr2_Gcc.a(machwiResetHandler.o)
                0x0000e2e6                machwiResetReqHandler
 .text.machwdSetTrxStateConfirm
                0x0000e360        0xe ../../../../BitCloud/lib/libBc_EndDevice_StdlinkSec_Atmega256rfr2_Atmega256rfr2_Gcc.a(machwiRxEnableHandler.o)
 .text.machwiRxEnableReqHandler
                0x0000e36e       0x3a ../../../../BitCloud/lib/libBc_EndDevice_StdlinkSec_Atmega256rfr2_Atmega256rfr2_Gcc.a(machwiRxEnableHandler.o)
                0x0000e36e                machwiRxEnableReqHandler
 .text.switchToActiveChannel
                0x0000e3a8       0x2a ../../../../BitCloud/lib/libBc_EndDevice_StdlinkSec_Atmega256rfr2_Atmega256rfr2_Gcc.a(machwiScanHandler.o)
 .text.trxStateHandling
                0x0000e3d2       0x18 ../../../../BitCloud/lib/libBc_EndDevice_StdlinkSec_Atmega256rfr2_Atmega256rfr2_Gcc.a(machwiScanHandler.o)
 .text.finishScan
                0x0000e3ea       0x18 ../../../../BitCloud/lib/libBc_EndDevice_StdlinkSec_Atmega256rfr2_Atmega256rfr2_Gcc.a(machwiScanHandler.o)
 .text.setNextChannel
                0x0000e402       0x74 ../../../../BitCloud/lib/libBc_EndDevice_StdlinkSec_Atmega256rfr2_Atmega256rfr2_Gcc.a(machwiScanHandler.o)
 .text.machwdSetConfirm
                0x0000e476      0x2c4 ../../../../BitCloud/lib/libBc_EndDevice_StdlinkSec_Atmega256rfr2_Atmega256rfr2_Gcc.a(machwiScanHandler.o)
 .text.halScanTimerFired
                0x0000e73a       0x24 ../../../../BitCloud/lib/libBc_EndDevice_StdlinkSec_Atmega256rfr2_Atmega256rfr2_Gcc.a(machwiScanHandler.o)
 .text.machwdDataConfirm
                0x0000e75e       0x6e ../../../../BitCloud/lib/libBc_EndDevice_StdlinkSec_Atmega256rfr2_Atmega256rfr2_Gcc.a(machwiScanHandler.o)
 .text.machwdEdConfirm
                0x0000e7cc       0xde ../../../../BitCloud/lib/libBc_EndDevice_StdlinkSec_Atmega256rfr2_Atmega256rfr2_Gcc.a(machwiScanHandler.o)
 .text.machwdSetTrxStateConfirm
                0x0000e8aa       0xf8 ../../../../BitCloud/lib/libBc_EndDevice_StdlinkSec_Atmega256rfr2_Atmega256rfr2_Gcc.a(machwiScanHandler.o)
 .text.machwiScanReqHandler
                0x0000e9a2      0x18c ../../../../BitCloud/lib/libBc_EndDevice_StdlinkSec_Atmega256rfr2_Atmega256rfr2_Gcc.a(machwiScanHandler.o)
                0x0000e9a2                machwiScanReqHandler
 .text.machwiBeaconInd
                0x0000eb2e      0x276 ../../../../BitCloud/lib/libBc_EndDevice_StdlinkSec_Atmega256rfr2_Atmega256rfr2_Gcc.a(machwiScanHandler.o)
                0x0000eb2e                machwiBeaconInd
 .text.machwiCoordRealignmentCommandInd
                0x0000eda4      0x11a ../../../../BitCloud/lib/libBc_EndDevice_StdlinkSec_Atmega256rfr2_Atmega256rfr2_Gcc.a(machwiScanHandler.o)
                0x0000eda4                machwiCoordRealignmentCommandInd
 .text.machwiResetScanHandler
                0x0000eebe        0x6 ../../../../BitCloud/lib/libBc_EndDevice_StdlinkSec_Atmega256rfr2_Atmega256rfr2_Gcc.a(machwiScanHandler.o)
                0x0000eebe                machwiResetScanHandler
 .text.machwdSetConfirm
                0x0000eec4        0xc ../../../../BitCloud/lib/libBc_EndDevice_StdlinkSec_Atmega256rfr2_Atmega256rfr2_Gcc.a(machwiSetGetHandler.o)
 .text.machwiGetReqHandler
                0x0000eed0       0x4c ../../../../BitCloud/lib/libBc_EndDevice_StdlinkSec_Atmega256rfr2_Atmega256rfr2_Gcc.a(machwiSetGetHandler.o)
                0x0000eed0                machwiGetReqHandler
 .text.machwiSetReqHandler
                0x0000ef1c       0xcc ../../../../BitCloud/lib/libBc_EndDevice_StdlinkSec_Atmega256rfr2_Atmega256rfr2_Gcc.a(machwiSetGetHandler.o)
                0x0000ef1c                machwiSetReqHandler
 .text.machwdSetTrxStateConfirm
                0x0000efe8        0xc ../../../../BitCloud/lib/libBc_EndDevice_StdlinkSec_Atmega256rfr2_Atmega256rfr2_Gcc.a(machwiSwitchRxCtrl.o)
 .text.machwiSwitchRxAccordToRxOnWhenIdle
                0x0000eff4       0x28 ../../../../BitCloud/lib/libBc_EndDevice_StdlinkSec_Atmega256rfr2_Atmega256rfr2_Gcc.a(machwiSwitchRxCtrl.o)
                0x0000eff4                machwiSwitchRxAccordToRxOnWhenIdle
 .text.nwkAddressConflictIsIdle
                0x0000f01c        0xe ../../../../BitCloud/lib/libBc_EndDevice_StdlinkSec_Atmega256rfr2_Atmega256rfr2_Gcc.a(nwk.o)
 .text.nwkFindAddressMapEntryByShortAddr
                0x0000f02a       0x32 ../../../../BitCloud/lib/libBc_EndDevice_StdlinkSec_Atmega256rfr2_Atmega256rfr2_Gcc.a(nwk.o)
 .text.nwkDataReqIsIdle
                0x0000f05c        0xe ../../../../BitCloud/lib/libBc_EndDevice_StdlinkSec_Atmega256rfr2_Atmega256rfr2_Gcc.a(nwk.o)
 .text.nwkDiscoveryIsIdle
                0x0000f06a        0xe ../../../../BitCloud/lib/libBc_EndDevice_StdlinkSec_Atmega256rfr2_Atmega256rfr2_Gcc.a(nwk.o)
 .text.nwkEDScanIsIdle
                0x0000f078        0xe ../../../../BitCloud/lib/libBc_EndDevice_StdlinkSec_Atmega256rfr2_Atmega256rfr2_Gcc.a(nwk.o)
 .text.nwkParseHeader
                0x0000f086       0x9e ../../../../BitCloud/lib/libBc_EndDevice_StdlinkSec_Atmega256rfr2_Atmega256rfr2_Gcc.a(nwk.o)
 .text.nwkJoinReqIsIdle
                0x0000f124        0xe ../../../../BitCloud/lib/libBc_EndDevice_StdlinkSec_Atmega256rfr2_Atmega256rfr2_Gcc.a(nwk.o)
 .text.nwkJoinComplete
                0x0000f132        0x8 ../../../../BitCloud/lib/libBc_EndDevice_StdlinkSec_Atmega256rfr2_Atmega256rfr2_Gcc.a(nwk.o)
 .text.nwkLoopbackIsIdle
                0x0000f13a        0xe ../../../../BitCloud/lib/libBc_EndDevice_StdlinkSec_Atmega256rfr2_Atmega256rfr2_Gcc.a(nwk.o)
 .text.nwkUpdateCapacityBitsInBeacon
                0x0000f148       0x98 ../../../../BitCloud/lib/libBc_EndDevice_StdlinkSec_Atmega256rfr2_Atmega256rfr2_Gcc.a(nwk.o)
 .text.nwkUpdateBeaconPayload
                0x0000f1e0       0x88 ../../../../BitCloud/lib/libBc_EndDevice_StdlinkSec_Atmega256rfr2_Atmega256rfr2_Gcc.a(nwk.o)
 .text.nwkResetIsIdle
                0x0000f268        0xe ../../../../BitCloud/lib/libBc_EndDevice_StdlinkSec_Atmega256rfr2_Atmega256rfr2_Gcc.a(nwk.o)
 .text.nwkFindKeyIndex
                0x0000f276       0x2c ../../../../BitCloud/lib/libBc_EndDevice_StdlinkSec_Atmega256rfr2_Atmega256rfr2_Gcc.a(nwk.o)
 .text.NWK_GetKey
                0x0000f2a2       0x28 ../../../../BitCloud/lib/libBc_EndDevice_StdlinkSec_Atmega256rfr2_Atmega256rfr2_Gcc.a(nwk.o)
 .text.nwkSyncIsIdle
                0x0000f2ca        0xe ../../../../BitCloud/lib/libBc_EndDevice_StdlinkSec_Atmega256rfr2_Atmega256rfr2_Gcc.a(nwk.o)
 .text.nwkPostTask
                0x0000f2d8       0x4c ../../../../BitCloud/lib/libBc_EndDevice_StdlinkSec_Atmega256rfr2_Atmega256rfr2_Gcc.a(nwk.o)
 .text.nwkClearTaskBit
                0x0000f324       0x2e ../../../../BitCloud/lib/libBc_EndDevice_StdlinkSec_Atmega256rfr2_Atmega256rfr2_Gcc.a(nwk.o)
 .text.nwkTxDelayIsIdle
                0x0000f352       0x12 ../../../../BitCloud/lib/libBc_EndDevice_StdlinkSec_Atmega256rfr2_Atmega256rfr2_Gcc.a(nwk.o)
 .text.nwkEDScanMacEDScanConf
                0x0000f364       0x8e ../../../../BitCloud/lib/libBc_EndDevice_StdlinkSec_Atmega256rfr2_Atmega256rfr2_Gcc.a(nwk.o)
 .text.nwkDiscoveryMacActiveScanConf
                0x0000f3f2       0x7e ../../../../BitCloud/lib/libBc_EndDevice_StdlinkSec_Atmega256rfr2_Atmega256rfr2_Gcc.a(nwk.o)
 .text.NWK_JoinConf
                0x0000f470       0x7c ../../../../BitCloud/lib/libBc_EndDevice_StdlinkSec_Atmega256rfr2_Atmega256rfr2_Gcc.a(nwk.o)
 .text.nwkFindAddressMapEntryByExtAddr
                0x0000f4ec       0x52 ../../../../BitCloud/lib/libBc_EndDevice_StdlinkSec_Atmega256rfr2_Atmega256rfr2_Gcc.a(nwk.o)
 .text.findInFrameCounter
                0x0000f53e       0x7a ../../../../BitCloud/lib/libBc_EndDevice_StdlinkSec_Atmega256rfr2_Atmega256rfr2_Gcc.a(nwk.o)
 .text.nwkTxReq
                0x0000f5b8        0xe ../../../../BitCloud/lib/libBc_EndDevice_StdlinkSec_Atmega256rfr2_Atmega256rfr2_Gcc.a(nwk.o)
 .text.nwkPrepareCommonFrame
                0x0000f5c6       0x50 ../../../../BitCloud/lib/libBc_EndDevice_StdlinkSec_Atmega256rfr2_Atmega256rfr2_Gcc.a(nwk.o)
 .text.nwkResetTaskManager
                0x0000f616       0x18 ../../../../BitCloud/lib/libBc_EndDevice_StdlinkSec_Atmega256rfr2_Atmega256rfr2_Gcc.a(nwk.o)
 .text.nwkSetLifeTimeOfNeighbor
                0x0000f62e      0x116 ../../../../BitCloud/lib/libBc_EndDevice_StdlinkSec_Atmega256rfr2_Atmega256rfr2_Gcc.a(nwk.o)
 .text.nwkAddBTTEntry
                0x0000f744      0x1c8 ../../../../BitCloud/lib/libBc_EndDevice_StdlinkSec_Atmega256rfr2_Atmega256rfr2_Gcc.a(nwk.o)
 .text.nwkResetAddressMap
                0x0000f90c       0x86 ../../../../BitCloud/lib/libBc_EndDevice_StdlinkSec_Atmega256rfr2_Atmega256rfr2_Gcc.a(nwk.o)
 .text.nwkAllocPacket
                0x0000f992       0xb8 ../../../../BitCloud/lib/libBc_EndDevice_StdlinkSec_Atmega256rfr2_Atmega256rfr2_Gcc.a(nwk.o)
 .text.nwkAllocInputPacket
                0x0000fa4a       0x26 ../../../../BitCloud/lib/libBc_EndDevice_StdlinkSec_Atmega256rfr2_Atmega256rfr2_Gcc.a(nwk.o)
 .text.nwkCommandInd
                0x0000fa70       0x92 ../../../../BitCloud/lib/libBc_EndDevice_StdlinkSec_Atmega256rfr2_Atmega256rfr2_Gcc.a(nwk.o)
 .text.nwkPrepareJoinReqTx
                0x0000fb02       0x90 ../../../../BitCloud/lib/libBc_EndDevice_StdlinkSec_Atmega256rfr2_Atmega256rfr2_Gcc.a(nwk.o)
 .text.nwkDataIndication
                0x0000fb92       0x6c ../../../../BitCloud/lib/libBc_EndDevice_StdlinkSec_Atmega256rfr2_Atmega256rfr2_Gcc.a(nwk.o)
 .text.nwkAllocDataReqTaskHandler
                0x0000fbfe       0x60 ../../../../BitCloud/lib/libBc_EndDevice_StdlinkSec_Atmega256rfr2_Atmega256rfr2_Gcc.a(nwk.o)
 .text.nwkOrphanTaskHandler
                0x0000fc5e       0x6c ../../../../BitCloud/lib/libBc_EndDevice_StdlinkSec_Atmega256rfr2_Atmega256rfr2_Gcc.a(nwk.o)
 .text.nwkLoopbackTaskHandler
                0x0000fcca      0x134 ../../../../BitCloud/lib/libBc_EndDevice_StdlinkSec_Atmega256rfr2_Atmega256rfr2_Gcc.a(nwk.o)
 .text.nwkReloadNibFromConfigServer
                0x0000fdfe       0xf6 ../../../../BitCloud/lib/libBc_EndDevice_StdlinkSec_Atmega256rfr2_Atmega256rfr2_Gcc.a(nwk.o)
 .text.nwkDataConfTaskHandler
                0x0000fef4       0xa0 ../../../../BitCloud/lib/libBc_EndDevice_StdlinkSec_Atmega256rfr2_Atmega256rfr2_Gcc.a(nwk.o)
 .text.nwkConfirmLeaveItselfTx
                0x0000ff94       0x20 ../../../../BitCloud/lib/libBc_EndDevice_StdlinkSec_Atmega256rfr2_Atmega256rfr2_Gcc.a(nwk.o)
 .text.nwkTxDelayReq
                0x0000ffb4       0xc8 ../../../../BitCloud/lib/libBc_EndDevice_StdlinkSec_Atmega256rfr2_Atmega256rfr2_Gcc.a(nwk.o)
 .text.nwkBroadcastForMe
                0x0001007c       0x50 ../../../../BitCloud/lib/libBc_EndDevice_StdlinkSec_Atmega256rfr2_Atmega256rfr2_Gcc.a(nwk.o)
 .text.nwkMacEventHandler
                0x000100cc       0x1a ../../../../BitCloud/lib/libBc_EndDevice_StdlinkSec_Atmega256rfr2_Atmega256rfr2_Gcc.a(nwk.o)
 .text.nwkOrphanConfirmRequest
                0x000100e6       0xb0 ../../../../BitCloud/lib/libBc_EndDevice_StdlinkSec_Atmega256rfr2_Atmega256rfr2_Gcc.a(nwk.o)
 .text.nwkDataConf
                0x00010196       0x54 ../../../../BitCloud/lib/libBc_EndDevice_StdlinkSec_Atmega256rfr2_Atmega256rfr2_Gcc.a(nwk.o)
 .text.nwkConfirmDataTx
                0x000101ea       0x12 ../../../../BitCloud/lib/libBc_EndDevice_StdlinkSec_Atmega256rfr2_Atmega256rfr2_Gcc.a(nwk.o)
 .text.NWK_NetworkDiscoveryConf.part.15
                0x000101fc       0x2e ../../../../BitCloud/lib/libBc_EndDevice_StdlinkSec_Atmega256rfr2_Atmega256rfr2_Gcc.a(nwk.o)
 .text.NWK_NetworkDiscoveryConf
                0x0001022a       0x20 ../../../../BitCloud/lib/libBc_EndDevice_StdlinkSec_Atmega256rfr2_Atmega256rfr2_Gcc.a(nwk.o)
 .text.nwkBTTTimerFired
                0x0001024a       0xbe ../../../../BitCloud/lib/libBc_EndDevice_StdlinkSec_Atmega256rfr2_Atmega256rfr2_Gcc.a(nwk.o)
 .text.nwkOrphanMacRxEnableConf
                0x00010308       0x2a ../../../../BitCloud/lib/libBc_EndDevice_StdlinkSec_Atmega256rfr2_Atmega256rfr2_Gcc.a(nwk.o)
 .text.nwkOrphanMacGetConf
                0x00010332       0x92 ../../../../BitCloud/lib/libBc_EndDevice_StdlinkSec_Atmega256rfr2_Atmega256rfr2_Gcc.a(nwk.o)
 .text.nwkSilentJoinConfirmRequest
                0x000103c4       0x8e ../../../../BitCloud/lib/libBc_EndDevice_StdlinkSec_Atmega256rfr2_Atmega256rfr2_Gcc.a(nwk.o)
 .text.nwkSilentJoinMacSetConf
                0x00010452       0xf0 ../../../../BitCloud/lib/libBc_EndDevice_StdlinkSec_Atmega256rfr2_Atmega256rfr2_Gcc.a(nwk.o)
 .text.nwkSilentJoinMacRxEnableConf
                0x00010542       0x12 ../../../../BitCloud/lib/libBc_EndDevice_StdlinkSec_Atmega256rfr2_Atmega256rfr2_Gcc.a(nwk.o)
 .text.nwkSilentJoinTaskHandler
                0x00010554       0x66 ../../../../BitCloud/lib/libBc_EndDevice_StdlinkSec_Atmega256rfr2_Atmega256rfr2_Gcc.a(nwk.o)
 .text.nwkOrphanMacSetConf
                0x000105ba       0xda ../../../../BitCloud/lib/libBc_EndDevice_StdlinkSec_Atmega256rfr2_Atmega256rfr2_Gcc.a(nwk.o)
 .text.nwkOrphanMacScanConf
                0x00010694       0x32 ../../../../BitCloud/lib/libBc_EndDevice_StdlinkSec_Atmega256rfr2_Atmega256rfr2_Gcc.a(nwk.o)
 .text.nwkEDScanTaskHandler
                0x000106c6       0xf2 ../../../../BitCloud/lib/libBc_EndDevice_StdlinkSec_Atmega256rfr2_Atmega256rfr2_Gcc.a(nwk.o)
 .text.nwkResetTaskHandler
                0x000107b8       0x5e ../../../../BitCloud/lib/libBc_EndDevice_StdlinkSec_Atmega256rfr2_Atmega256rfr2_Gcc.a(nwk.o)
 .text.nwkClearNeighborTable.constprop.53
                0x00010816       0x5a ../../../../BitCloud/lib/libBc_EndDevice_StdlinkSec_Atmega256rfr2_Atmega256rfr2_Gcc.a(nwk.o)
 .text.nwkDiscoveryTaskHandler
                0x00010870       0xf8 ../../../../BitCloud/lib/libBc_EndDevice_StdlinkSec_Atmega256rfr2_Atmega256rfr2_Gcc.a(nwk.o)
 .text.nwkResetNeighborTable
                0x00010968       0x44 ../../../../BitCloud/lib/libBc_EndDevice_StdlinkSec_Atmega256rfr2_Atmega256rfr2_Gcc.a(nwk.o)
 .text.nwkTryToProcessCommandReq
                0x000109ac       0x76 ../../../../BitCloud/lib/libBc_EndDevice_StdlinkSec_Atmega256rfr2_Atmega256rfr2_Gcc.a(nwk.o)
 .text.nwkFreePacket.isra.18
                0x00010a22       0x48 ../../../../BitCloud/lib/libBc_EndDevice_StdlinkSec_Atmega256rfr2_Atmega256rfr2_Gcc.a(nwk.o)
 .text.nwkTxConf
                0x00010a6a       0xa0 ../../../../BitCloud/lib/libBc_EndDevice_StdlinkSec_Atmega256rfr2_Atmega256rfr2_Gcc.a(nwk.o)
 .text.nwkSyncMacPollConf
                0x00010b0a       0x5a ../../../../BitCloud/lib/libBc_EndDevice_StdlinkSec_Atmega256rfr2_Atmega256rfr2_Gcc.a(nwk.o)
 .text.NWK_LeaveConf
                0x00010b64       0x4a ../../../../BitCloud/lib/libBc_EndDevice_StdlinkSec_Atmega256rfr2_Atmega256rfr2_Gcc.a(nwk.o)
 .text.NWK_DataResp
                0x00010bae        0x6 ../../../../BitCloud/lib/libBc_EndDevice_StdlinkSec_Atmega256rfr2_Atmega256rfr2_Gcc.a(nwk.o)
                0x00010bae                NWK_DataResp
 .text.nwkSyncTaskHandler
                0x00010bb4       0xa6 ../../../../BitCloud/lib/libBc_EndDevice_StdlinkSec_Atmega256rfr2_Atmega256rfr2_Gcc.a(nwk.o)
 .text.unlikely.nwkRxIndication.constprop.49
                0x00010c5a      0x2ee ../../../../BitCloud/lib/libBc_EndDevice_StdlinkSec_Atmega256rfr2_Atmega256rfr2_Gcc.a(nwk.o)
 .text.nwkPrepareLeaveItselfTx
                0x00010f48       0x72 ../../../../BitCloud/lib/libBc_EndDevice_StdlinkSec_Atmega256rfr2_Atmega256rfr2_Gcc.a(nwk.o)
 .text.nwkEncryptOutputPacketConf
                0x00010fba       0x68 ../../../../BitCloud/lib/libBc_EndDevice_StdlinkSec_Atmega256rfr2_Atmega256rfr2_Gcc.a(nwk.o)
 .text.nwkLeaveTaskHandler
                0x00011022       0xd0 ../../../../BitCloud/lib/libBc_EndDevice_StdlinkSec_Atmega256rfr2_Atmega256rfr2_Gcc.a(nwk.o)
 .text.NWK_GetShortAddr
                0x000110f2        0xa ../../../../BitCloud/lib/libBc_EndDevice_StdlinkSec_Atmega256rfr2_Atmega256rfr2_Gcc.a(nwk.o)
                0x000110f2                NWK_GetShortAddr
 .text.NWK_IsStaticAddressingMode
                0x000110fc        0x6 ../../../../BitCloud/lib/libBc_EndDevice_StdlinkSec_Atmega256rfr2_Atmega256rfr2_Gcc.a(nwk.o)
                0x000110fc                NWK_IsStaticAddressingMode
 .text.NWK_RemoveFromAddressMap
                0x00011102       0x12 ../../../../BitCloud/lib/libBc_EndDevice_StdlinkSec_Atmega256rfr2_Atmega256rfr2_Gcc.a(nwk.o)
                0x00011102                NWK_RemoveFromAddressMap
 .text.NWK_NetworkDiscoveryReq
                0x00011114       0x40 ../../../../BitCloud/lib/libBc_EndDevice_StdlinkSec_Atmega256rfr2_Atmega256rfr2_Gcc.a(nwk.o)
                0x00011114                NWK_NetworkDiscoveryReq
 .text.nwkJoinReqTaskHandler
                0x00011154      0x166 ../../../../BitCloud/lib/libBc_EndDevice_StdlinkSec_Atmega256rfr2_Atmega256rfr2_Gcc.a(nwk.o)
 .text.NWK_EDScanReq
                0x000112ba       0x40 ../../../../BitCloud/lib/libBc_EndDevice_StdlinkSec_Atmega256rfr2_Atmega256rfr2_Gcc.a(nwk.o)
                0x000112ba                NWK_EDScanReq
 .text.NWK_IsGroupMember
                0x000112fa       0x50 ../../../../BitCloud/lib/libBc_EndDevice_StdlinkSec_Atmega256rfr2_Atmega256rfr2_Gcc.a(nwk.o)
                0x000112fa                NWK_IsGroupMember
 .text.NWK_ResetGroups
                0x0001134a       0x56 ../../../../BitCloud/lib/libBc_EndDevice_StdlinkSec_Atmega256rfr2_Atmega256rfr2_Gcc.a(nwk.o)
                0x0001134a                NWK_ResetGroups
 .text.NWK_GetParentShortAddr
                0x000113a0        0xa ../../../../BitCloud/lib/libBc_EndDevice_StdlinkSec_Atmega256rfr2_Atmega256rfr2_Gcc.a(nwk.o)
                0x000113a0                NWK_GetParentShortAddr
 .text.NWK_GetPanId
                0x000113aa        0xa ../../../../BitCloud/lib/libBc_EndDevice_StdlinkSec_Atmega256rfr2_Atmega256rfr2_Gcc.a(nwk.o)
                0x000113aa                NWK_GetPanId
 .text.NWK_GetExtPanId
                0x000113b4       0x16 ../../../../BitCloud/lib/libBc_EndDevice_StdlinkSec_Atmega256rfr2_Atmega256rfr2_Gcc.a(nwk.o)
                0x000113b4                NWK_GetExtPanId
 .text.NWK_SetExtPanId
                0x000113ca       0x28 ../../../../BitCloud/lib/libBc_EndDevice_StdlinkSec_Atmega256rfr2_Atmega256rfr2_Gcc.a(nwk.o)
                0x000113ca                NWK_SetExtPanId
 .text.NWK_GetDeviceType
                0x000113f2        0x6 ../../../../BitCloud/lib/libBc_EndDevice_StdlinkSec_Atmega256rfr2_Atmega256rfr2_Gcc.a(nwk.o)
                0x000113f2                NWK_GetDeviceType
 .text.NWK_GetLogicalChannel
                0x000113f8        0x6 ../../../../BitCloud/lib/libBc_EndDevice_StdlinkSec_Atmega256rfr2_Atmega256rfr2_Gcc.a(nwk.o)
                0x000113f8                NWK_GetLogicalChannel
 .text.NWK_SetLogicalChannel
                0x000113fe        0xe ../../../../BitCloud/lib/libBc_EndDevice_StdlinkSec_Atmega256rfr2_Atmega256rfr2_Gcc.a(nwk.o)
                0x000113fe                NWK_SetLogicalChannel
 .text.NWK_GetBroadcastDeliveryTime
                0x0001140c       0x12 ../../../../BitCloud/lib/libBc_EndDevice_StdlinkSec_Atmega256rfr2_Atmega256rfr2_Gcc.a(nwk.o)
                0x0001140c                NWK_GetBroadcastDeliveryTime
 .text.NWK_SetManagerAddr
                0x0001141e        0xa ../../../../BitCloud/lib/libBc_EndDevice_StdlinkSec_Atmega256rfr2_Atmega256rfr2_Gcc.a(nwk.o)
                0x0001141e                NWK_SetManagerAddr
 .text.NWK_SetUpdateId
                0x00011428       0x12 ../../../../BitCloud/lib/libBc_EndDevice_StdlinkSec_Atmega256rfr2_Atmega256rfr2_Gcc.a(nwk.o)
                0x00011428                NWK_SetUpdateId
 .text.NWK_GetTransmitCouner
                0x0001143a        0xa ../../../../BitCloud/lib/libBc_EndDevice_StdlinkSec_Atmega256rfr2_Atmega256rfr2_Gcc.a(nwk.o)
                0x0001143a                NWK_GetTransmitCouner
 .text.NWK_GetTransmitFailureCounter
                0x00011444        0xa ../../../../BitCloud/lib/libBc_EndDevice_StdlinkSec_Atmega256rfr2_Atmega256rfr2_Gcc.a(nwk.o)
                0x00011444                NWK_GetTransmitFailureCounter
 .text.NWK_ResetTransmitCounters
                0x0001144e       0x12 ../../../../BitCloud/lib/libBc_EndDevice_StdlinkSec_Atmega256rfr2_Atmega256rfr2_Gcc.a(nwk.o)
                0x0001144e                NWK_ResetTransmitCounters
 .text.NWK_IsNewUpdateIdNonLess
                0x00011460       0x38 ../../../../BitCloud/lib/libBc_EndDevice_StdlinkSec_Atmega256rfr2_Atmega256rfr2_Gcc.a(nwk.o)
                0x00011460                NWK_IsNewUpdateIdNonLess
 .text.nwkFindDeviceToJoin
                0x00011498      0x17a ../../../../BitCloud/lib/libBc_EndDevice_StdlinkSec_Atmega256rfr2_Atmega256rfr2_Gcc.a(nwk.o)
 .text.nwkAssociate
                0x00011612       0x9c ../../../../BitCloud/lib/libBc_EndDevice_StdlinkSec_Atmega256rfr2_Atmega256rfr2_Gcc.a(nwk.o)
 .text.nwkGetSuitableParent
                0x000116ae       0x7e ../../../../BitCloud/lib/libBc_EndDevice_StdlinkSec_Atmega256rfr2_Atmega256rfr2_Gcc.a(nwk.o)
 .text.nwkRejoinResponseFrameInd
                0x0001172c      0x14a ../../../../BitCloud/lib/libBc_EndDevice_StdlinkSec_Atmega256rfr2_Atmega256rfr2_Gcc.a(nwk.o)
 .text.nwkRejoinCmdPrepareAndSend
                0x00011876       0x46 ../../../../BitCloud/lib/libBc_EndDevice_StdlinkSec_Atmega256rfr2_Atmega256rfr2_Gcc.a(nwk.o)
 .text.nwkJoinReqMacRxEnableConf
                0x000118bc       0x6c ../../../../BitCloud/lib/libBc_EndDevice_StdlinkSec_Atmega256rfr2_Atmega256rfr2_Gcc.a(nwk.o)
 .text.nwkJoinReqMacGetConf
                0x00011928       0x3a ../../../../BitCloud/lib/libBc_EndDevice_StdlinkSec_Atmega256rfr2_Atmega256rfr2_Gcc.a(nwk.o)
 .text.nwkConfirmJoinReqTx
                0x00011962       0x5e ../../../../BitCloud/lib/libBc_EndDevice_StdlinkSec_Atmega256rfr2_Atmega256rfr2_Gcc.a(nwk.o)
 .text.responseWaitTimerFired
                0x000119c0       0x4a ../../../../BitCloud/lib/libBc_EndDevice_StdlinkSec_Atmega256rfr2_Atmega256rfr2_Gcc.a(nwk.o)
 .text.macLatencyFired
                0x00011a0a        0x4 ../../../../BitCloud/lib/libBc_EndDevice_StdlinkSec_Atmega256rfr2_Atmega256rfr2_Gcc.a(nwk.o)
 .text.NWK_JoinReq
                0x00011a0e       0x62 ../../../../BitCloud/lib/libBc_EndDevice_StdlinkSec_Atmega256rfr2_Atmega256rfr2_Gcc.a(nwk.o)
                0x00011a0e                NWK_JoinReq
 .text.nwkResolveAddressConflict.constprop.54
                0x00011a70       0xf6 ../../../../BitCloud/lib/libBc_EndDevice_StdlinkSec_Atmega256rfr2_Atmega256rfr2_Gcc.a(nwk.o)
 .text.nwkAddressConflictTaskHandler
                0x00011b66       0x9c ../../../../BitCloud/lib/libBc_EndDevice_StdlinkSec_Atmega256rfr2_Atmega256rfr2_Gcc.a(nwk.o)
 .text.NWK_LeaveReq
                0x00011c02       0x20 ../../../../BitCloud/lib/libBc_EndDevice_StdlinkSec_Atmega256rfr2_Atmega256rfr2_Gcc.a(nwk.o)
                0x00011c02                NWK_LeaveReq
 .text.NWK_LoopbackTxReq
                0x00011c22       0x20 ../../../../BitCloud/lib/libBc_EndDevice_StdlinkSec_Atmega256rfr2_Atmega256rfr2_Gcc.a(nwk.o)
                0x00011c22                NWK_LoopbackTxReq
 .text.NWK_FindNeighborByShortAddr
                0x00011c42       0x44 ../../../../BitCloud/lib/libBc_EndDevice_StdlinkSec_Atmega256rfr2_Atmega256rfr2_Gcc.a(nwk.o)
                0x00011c42                NWK_FindNeighborByShortAddr
 .text.NWK_GetExtByShortAddress
                0x00011c86       0x58 ../../../../BitCloud/lib/libBc_EndDevice_StdlinkSec_Atmega256rfr2_Atmega256rfr2_Gcc.a(nwk.o)
                0x00011c86                NWK_GetExtByShortAddress
 .text.nwkJoinReqMacSetConf
                0x00011cde      0x296 ../../../../BitCloud/lib/libBc_EndDevice_StdlinkSec_Atmega256rfr2_Atmega256rfr2_Gcc.a(nwk.o)
 .text.NWK_FindNeighborByExtAddr