Archive member included because of file (symbol)

../../../../BitCloud/lib/libBc_All_Atmega256rfr2_Atmega256rfr2_Gcc.a(aps.o)
                              All_MegaRf_Atmega256rfr2_8Mhz_Gcc/Obj/sysTaskManager.o (APS_TaskHandler)
../../../../BitCloud/lib/libBc_All_Atmega256rfr2_Atmega256rfr2_Gcc.a(macenvPib.o)
                              All_MegaRf_Atmega256rfr2_8Mhz_Gcc/Obj/sysUtils.o (MAC_GetExtAddr)
../../../../BitCloud/lib/libBc_All_Atmega256rfr2_Atmega256rfr2_Gcc.a(machwdManager.o)
                              All_MegaRf_Atmega256rfr2_8Mhz_Gcc/Obj/sysUtils.o (RF_RandomReq)
../../../../BitCloud/lib/libBc_All_Atmega256rfr2_Atmega256rfr2_Gcc.a(machwdRegAccessHandler.o)
                              ../../../../BitCloud/lib/libBc_All_Atmega256rfr2_Atmega256rfr2_Gcc.a(machwdManager.o) (machwdRegAccessReqHandler)
../../../../BitCloud/lib/libBc_All_Atmega256rfr2_Atmega256rfr2_Gcc.a(machwdResetHandler.o)
                              ../../../../BitCloud/lib/libBc_All_Atmega256rfr2_Atmega256rfr2_Gcc.a(machwdManager.o) (machwdReset)
../../../../BitCloud/lib/libBc_All_Atmega256rfr2_Atmega256rfr2_Gcc.a(machwdRndHandler.o)
                              ../../../../BitCloud/lib/libBc_All_Atmega256rfr2_Atmega256rfr2_Gcc.a(machwdManager.o) (machwdRndReqHandler)
../../../../BitCloud/lib/libBc_All_Atmega256rfr2_Atmega256rfr2_Gcc.a(machwdRxBuffer.o)
                              ../../../../BitCloud/lib/libBc_All_Atmega256rfr2_Atmega256rfr2_Gcc.a(machwdResetHandler.o) (machwdResetRxBuffers)
../../../../BitCloud/lib/libBc_All_Atmega256rfr2_Atmega256rfr2_Gcc.a(machwdRxFrameHandler.o)
                              ../../../../BitCloud/lib/libBc_All_Atmega256rfr2_Atmega256rfr2_Gcc.a(machwdManager.o) (machwdDataReqIndTaskHandler)
../../../../BitCloud/lib/libBc_All_Atmega256rfr2_Atmega256rfr2_Gcc.a(machwdSetHandler.o)
                              ../../../../BitCloud/lib/libBc_All_Atmega256rfr2_Atmega256rfr2_Gcc.a(machwdManager.o) (machwdSetReqHandler)
../../../../BitCloud/lib/libBc_All_Atmega256rfr2_Atmega256rfr2_Gcc.a(machwdTrxCtrl.o)
                              ../../../../BitCloud/lib/libBc_All_Atmega256rfr2_Atmega256rfr2_Gcc.a(machwdSetHandler.o) (machwdSendTrxCmd)
../../../../BitCloud/lib/libBc_All_Atmega256rfr2_Atmega256rfr2_Gcc.a(machwdTrxHandler.o)
                              ../../../../BitCloud/lib/libBc_All_Atmega256rfr2_Atmega256rfr2_Gcc.a(machwdManager.o) (machwdTrxReqHandler)
../../../../BitCloud/lib/libBc_All_Atmega256rfr2_Atmega256rfr2_Gcc.a(machwdTxFrameHandler.o)
                              ../../../../BitCloud/lib/libBc_All_Atmega256rfr2_Atmega256rfr2_Gcc.a(machwdManager.o) (machwdTxFrameHandlerSubState)
../../../../BitCloud/lib/libBc_All_Atmega256rfr2_Atmega256rfr2_Gcc.a(machwiManager.o)
                              All_MegaRf_Atmega256rfr2_8Mhz_Gcc/Obj/sysTaskManager.o (MAC_HWI_TaskHandler)
../../../../BitCloud/lib/libBc_All_Atmega256rfr2_Atmega256rfr2_Gcc.a(machwiOrphanHandler.o)
                              ../../../../BitCloud/lib/libBc_All_Atmega256rfr2_Atmega256rfr2_Gcc.a(machwiManager.o) (machwiOrphanRespHandler)
../../../../BitCloud/lib/libBc_All_Atmega256rfr2_Atmega256rfr2_Gcc.a(machwiPanServer.o)
                              ../../../../BitCloud/lib/libBc_All_Atmega256rfr2_Atmega256rfr2_Gcc.a(machwdRxFrameHandler.o) (MACHWD_DataInd)
../../../../BitCloud/lib/libBc_All_Atmega256rfr2_Atmega256rfr2_Gcc.a(machwiPollHandler.o)
                              ../../../../BitCloud/lib/libBc_All_Atmega256rfr2_Atmega256rfr2_Gcc.a(machwiPanServer.o) (machwiPollInd)
../../../../BitCloud/lib/libBc_All_Atmega256rfr2_Atmega256rfr2_Gcc.a(machwiPurgeHandler.o)
                              ../../../../BitCloud/lib/libBc_All_Atmega256rfr2_Atmega256rfr2_Gcc.a(machwiManager.o) (machwiPurgeReqHandler)
../../../../BitCloud/lib/libBc_All_Atmega256rfr2_Atmega256rfr2_Gcc.a(machwiResetHandler.o)
                              ../../../../BitCloud/lib/libBc_All_Atmega256rfr2_Atmega256rfr2_Gcc.a(machwiManager.o) (machwiResetReqHandler)
../../../../BitCloud/lib/libBc_All_Atmega256rfr2_Atmega256rfr2_Gcc.a(machwiRxEnableHandler.o)
                              ../../../../BitCloud/lib/libBc_All_Atmega256rfr2_Atmega256rfr2_Gcc.a(machwiManager.o) (machwiRxEnableReqHandler)
../../../../BitCloud/lib/libBc_All_Atmega256rfr2_Atmega256rfr2_Gcc.a(machwiScanHandler.o)
                              ../../../../BitCloud/lib/libBc_All_Atmega256rfr2_Atmega256rfr2_Gcc.a(machwiManager.o) (machwiScanReqHandler)
../../../../BitCloud/lib/libBc_All_Atmega256rfr2_Atmega256rfr2_Gcc.a(machwiSetGetHandler.o)
                              ../../../../BitCloud/lib/libBc_All_Atmega256rfr2_Atmega256rfr2_Gcc.a(machwiManager.o) (machwiGetReqHandler)
../../../../BitCloud/lib/libBc_All_Atmega256rfr2_Atmega256rfr2_Gcc.a(machwiStartHandler.o)
                              ../../../../BitCloud/lib/libBc_All_Atmega256rfr2_Atmega256rfr2_Gcc.a(machwiManager.o) (machwiStartReqHandler)
[...]
Memory Configuration

Name             Origin             Length             Attributes
text             0x00000000         0x00040000         xr
boot             0x0003f000         0x00001000         xr
access           0x0003fffe         0x00000002         xr
data             0x00800200         0x00007e0c         rw !x
eeprom           0x00810000         0x00002000         rw !x
*default*        0x00000000         0xffffffff

Linker script and memory map

Address of section .data set to 0x800200
LOAD c:/program files (x86)/atmel/atmel toolchain/avr8 gcc/native/3.4.1061/avr8-gnu-toolchain/bin/../lib/gcc/avr/4.8.1/../../../../avr/lib/avr6/crtm256rfr2.o

.text           0x00000000    0x1e69a
                0x00000000                PROVIDE (__text_start, .)
 *(.vectors)
 .vectors       0x00000000      0x134 c:/program files (x86)/atmel/atmel toolchain/avr8 gcc/native/3.4.1061/avr8-gnu-toolchain/bin/../lib/gcc/avr/4.8.1/../../../../avr/lib/avr6/crtm256rfr2.o
                0x00000000                __vector_default
                0x00000000                __vectors
 *(.vectors)
                0x00000400                . = ALIGN (0x400)
 *fill*         0x00000134      0x2cc 
                0x00000400                PROVIDE (__d_nv_mem_start, .)
                0x00004400                . = ALIGN (0x4400)
 *fill*         0x00000400     0x4000 
                0x00004400                PROVIDE (__d_nv_mem_end, .)
                0x00004400                PROVIDE (__pds_ff_start, .)
 *(.pds_ff)
 .pds_ff        0x00004400       0x96 All_MegaRf_Atmega256rfr2_8Mhz_Gcc/Obj/csPersistentMem.o
                0x00004400                pds_ff_CS_APS_BINDING_TABLE_MEM_ID
                0x00004406                pds_ff_CS_GROUP_TABLE_MEM_ID
                0x0000440c                pds_ff_CS_NEIB_TABLE_MEM_ID
                0x00004412                pds_ff_CS_NWK_LOGICAL_CHANNEL_MEM_ID
                0x00004418                pds_ff_CS_NWK_EXT_PANID_MEM_ID
                0x0000441e                pds_ff_CS_NWK_DEPTH_MEM_ID
                0x00004424                pds_ff_CS_NWK_PARENT_ADDR_MEM_ID
                0x0000442a                pds_ff_NWK_RREQ_IDENTIFIER_MEM_ID
                0x00004430                pds_ff_NWK_UPDATE_ID_MEM_ID
                0x00004436                pds_ff_CS_DTR_WAKEUP_MEM_ID
                0x0000443c                pds_ff_CS_NWK_LEAVE_REQ_ALLOWED_MEM_ID
                0x00004442                pds_ff_CS_NWK_UNIQUE_ADDR_MEM_ID
                0x00004448                pds_ff_CS_NWK_ADDR_MEM_ID
                0x0000444e                pds_ff_CS_NWK_PREDEFINED_PANID_MEM_ID
                0x00004454                pds_ff_CS_NWK_PANID_MEM_ID
                0x0000445a                pds_ff_CS_ZDP_USER_DESCRIPTOR_MEM_ID
                0x00004460                pds_ff_CS_USER_DESCRIPTOR_AVAILABLE_MEM_ID
                0x00004466                pds_ff_CS_COMPLEX_DESCRIPTOR_AVAILABLE_MEM_ID
                0x0000446c                pds_ff_CS_RX_ON_WHEN_IDLE_MEM_ID
                0x00004472                pds_ff_CS_DEVICE_TYPE_MEM_ID
                0x00004478                pds_ff_CS_CHANNEL_PAGE_MEM_ID
                0x0000447e                pds_ff_CS_CHANNEL_MASK_MEM_ID
                0x00004484                pds_ff_CS_EXT_PANID_MEM_ID
                0x0000448a                pds_ff_CS_RF_TX_POWER_MEM_ID
                0x00004490                pds_ff_CS_UID_MEM_ID
                0x00004496                PROVIDE (__pds_ff_end, .)
                0x00004496                PROVIDE (__pds_fd_start, .)
 *(.pds_fd)
 .pds_fd        0x00004496       0x1e All_MegaRf_Atmega256rfr2_8Mhz_Gcc/Obj/csPersistentMem.o
                0x00004496                BCRejoinParamsDirDescr
                0x0000449c                BCExtGenParamsDirDescr
                0x000044a2                BCSystemDirDescr
                0x000044a8                csExtendedParamsDirDescr
                0x000044ae                csGeneralParamsDirDescr
                0x000044b4                PROVIDE (__pds_fd_end, .)
 *(.progmem.gcc*)
 .progmem.gcc_sw_table.macenvSetPibAttr
                0x000044b4       0x98 ../../../../BitCloud/lib/libBc_All_Atmega256rfr2_Atmega256rfr2_Gcc.a(macenvPib.o)
 .progmem.gcc_sw_table.macenvGetPibAttr
                0x0000454c       0x98 ../../../../BitCloud/lib/libBc_All_Atmega256rfr2_Atmega256rfr2_Gcc.a(macenvPib.o)
 .progmem.gcc_sw_table.MAC_PHY_HWD_TaskHandler
                0x000045e4       0x2a ../../../../BitCloud/lib/libBc_All_Atmega256rfr2_Atmega256rfr2_Gcc.a(machwdManager.o)
 .progmem.gcc_sw_table.machwiSendConfToUpperLayer
                0x0000460e       0x20 ../../../../BitCloud/lib/libBc_All_Atmega256rfr2_Atmega256rfr2_Gcc.a(machwiManager.o)
 .progmem.gcc_sw_table.MAC_HWI_TaskHandler
                0x0000462e       0x1c ../../../../BitCloud/lib/libBc_All_Atmega256rfr2_Atmega256rfr2_Gcc.a(machwiManager.o)
 .progmem.gcc_sw_table.MACHWD_DataInd
                0x0000464a       0x16 ../../../../BitCloud/lib/libBc_All_Atmega256rfr2_Atmega256rfr2_Gcc.a(machwiPanServer.o)
 .progmem.gcc_sw_table.machwdSetConfirm
                0x00004660       0x20 ../../../../BitCloud/lib/libBc_All_Atmega256rfr2_Atmega256rfr2_Gcc.a(machwiScanHandler.o)
 .progmem.gcc_sw_table.nwkJoinReqMacSetConf
                0x00004680       0x24 ../../../../BitCloud/lib/libBc_All_Atmega256rfr2_Atmega256rfr2_Gcc.a(nwk.o)
 .progmem.gcc_sw_table.nwkTxDelayReq
                0x000046a4       0x1e ../../../../BitCloud/lib/libBc_All_Atmega256rfr2_Atmega256rfr2_Gcc.a(nwk.o)
 .progmem.gcc_sw_table.nwkTxTaskHandler
                0x000046c2       0x14 ../../../../BitCloud/lib/libBc_All_Atmega256rfr2_Atmega256rfr2_Gcc.a(nwk.o)
 .progmem.gcc_sw_table.zdoZdpReqHandler
                0x000046d6       0x2c ../../../../BitCloud/lib/libBc_All_Atmega256rfr2_Atmega256rfr2_Gcc.a(zdo.o)
 .progmem.gcc_sw_table.NWK_NwkStatusInd
                0x00004702       0x1c ../../../../BitCloud/lib/libBc_All_Atmega256rfr2_Atmega256rfr2_Gcc.a(zdo.o)
 .progmem.gcc_sw_table.APS_ZdoDataInd
                0x0000471e       0x2c ../../../../BitCloud/lib/libBc_All_Atmega256rfr2_Atmega256rfr2_Gcc.a(zdo.o)
 .progmem.gcc_sw_table.machwdParseFrame
                0x0000474a       0x10 ../../../../BitCloud/lib/libBc_All_Atmega256rfr2_Atmega256rfr2_Gcc.a(machwdFrameRoutine.o)
 .progmem.gcc_sw_table.machwdComposeFrame
                0x0000475a       0x16 ../../../../BitCloud/lib/libBc_All_Atmega256rfr2_Atmega256rfr2_Gcc.a(machwdFrameRoutine.o)
 *(.progmem*)
 .progmem.data  0x00004770       0xaa All_MegaRf_Atmega256rfr2_8Mhz_Gcc/Obj/csPersistentMem.o
                0x00004770                BCRejoinParamsMemoryIdsTable
                0x00004794                BCExtGenParamsMemoryIdsTable
                0x000047be                BCSystemMemoryIdsTable
                0x000047f0                CsExtendedMemoryIdsTable
                0x000047f8                CsGeneralMemoryIdsTable
 .progmem.data  0x0000481a      0x366 All_MegaRf_Atmega256rfr2_8Mhz_Gcc/Obj/csMem.o
                0x0000481a                csMemItems
                0x000048aa                csConstItems
                0x00004966                csVarItems
                0x00004a6a                csReadOnlyItems
                0x00004a9c                defaultSIB
                0x00004adf                defaultAIB
                0x00004ae2                defaultZIB
                0x00004af9                defaultNIB
 .progmem.data  0x00004b80       0x10 ../../../../BitCloud/lib/libBc_All_Atmega256rfr2_Atmega256rfr2_Gcc.a(aps.o)
 .progmem.data  0x00004b90      0x138 ../../../../BitCloud/lib/libBc_All_Atmega256rfr2_Atmega256rfr2_Gcc.a(nwk.o)
 .progmem.data  0x00004cc8        0xc ../../../../BitCloud/lib/libBc_All_Atmega256rfr2_Atmega256rfr2_Gcc.a(zdo.o)
 .progmem.data  0x00004cd4       0x20 ../../../../BitCloud/lib/libHAL_MegaRf_Atmega256rfr2_8Mhz_Gcc.a(halTaskManager.o)
                0x00004cd4                halHandlers
 .progmem.data  0x00004cf4        0xc ../../../../BitCloud/lib/libHAL_MegaRf_Atmega256rfr2_8Mhz_Gcc.a(usart.o)
                0x00004d00                . = ALIGN (0x2)
 *(.trampolines*)
 .trampolines   0x00004d00        0x0 linker stubs
 *(.jumptables*)
 *(.lowtext*)
 *(.init0)
 .init0         0x00004d00        0x0 c:/program files (x86)/atmel/atmel toolchain/avr8 gcc/native/3.4.1061/avr8-gnu-toolchain/bin/../lib/gcc/avr/4.8.1/../../../../avr/lib/avr6/crtm256rfr2.o
                0x00004d00                __init
 .init0         0x00004d00       0x36 ../../../../BitCloud/lib/WdtInitatmega256rfr2_Gcc.o
                0x00004d00                halWdtInit
 *(.init0)
 *(.init1)
 *(.init1)
 *(.init2)
 .init2         0x00004d36       0x10 c:/program files (x86)/atmel/atmel toolchain/avr8 gcc/native/3.4.1061/avr8-gnu-toolchain/bin/../lib/gcc/avr/4.8.1/../../../../avr/lib/avr6/crtm256rfr2.o
 *(.init2)
 *(.init3)
 *(.init3)
 *(.init4)
 .init4         0x00004d46       0x1a c:/program files (x86)/atmel/atmel toolchain/avr8 gcc/native/3.4.1061/avr8-gnu-toolchain/bin/../lib/gcc/avr/4.8.1/avr6\libgcc.a(_copy_data.o)
                0x00004d46                __do_copy_data
 .init4         0x00004d60       0x10 c:/program files (x86)/atmel/atmel toolchain/avr8 gcc/native/3.4.1061/avr8-gnu-toolchain/bin/../lib/gcc/avr/4.8.1/avr6\libgcc.a(_clear_bss.o)
                0x00004d60                __do_clear_bss
 *(.init4)
 *(.init5)
 *(.init5)
 *(.init6)
 *(.init6)
 *(.init7)
 *(.init7)
 *(.init8)
 *(.init8)
 *(.text.main)
 *(.text*main)
 .text.startup.main
                0x00004d70        0xa All_MegaRf_Atmega256rfr2_8Mhz_Gcc/Obj/app.o
                0x00004d70                main
 *(.text)
 .text          0x00004d7a        0x4 c:/program files (x86)/atmel/atmel toolchain/avr8 gcc/native/3.4.1061/avr8-gnu-toolchain/bin/../lib/gcc/avr/4.8.1/../../../../avr/lib/avr6/crtm256rfr2.o
                0x00004d7a                __vector_22
                0x00004d7a                __vector_28
                0x00004d7a                __vector_67
                0x00004d7a                __vector_32
                0x00004d7a                __vector_75
                0x00004d7a                __vector_34
                0x00004d7a                __vector_62
                0x00004d7a                __vector_12
                0x00004d7a                __vector_55
                0x00004d7a                __vector_69
                0x00004d7a                __vector_46
                0x00004d7a                __bad_interrupt
                0x00004d7a                __vector_72
                0x00004d7a                __vector_31
                0x00004d7a                __vector_35
                0x00004d7a                __vector_74
                0x00004d7a                __vector_23
                0x00004d7a                __vector_68
                0x00004d7a                __vector_73
                0x00004d7a                __vector_45
                0x00004d7a                __vector_61
                0x00004d7a                __vector_11
                0x00004d7a                __vector_54
                0x00004d7a                __vector_17
                0x00004d7a                __vector_19
                0x00004d7a                __vector_56
                0x00004d7a                __vector_49
                0x00004d7a                __vector_41
                0x00004d7a                __vector_64
                0x00004d7a                __vector_33
                0x00004d7a                __vector_76
                0x00004d7a                __vector_47
                0x00004d7a                __vector_52
                0x00004d7a                __vector_44
                0x00004d7a                __vector_51
                0x00004d7a                __vector_9
                0x00004d7a                __vector_21
                0x00004d7a                __vector_66
                0x00004d7a                __vector_58
                0x00004d7a                __vector_70
                0x00004d7a                __vector_40
                0x00004d7a                __vector_48
                0x00004d7a                __vector_14
                0x00004d7a                __vector_57
                0x00004d7a                __vector_53
                0x00004d7a                __vector_10
                0x00004d7a                __vector_50
                0x00004d7a                __vector_16
                0x00004d7a                __vector_59
                0x00004d7a                __vector_18
                0x00004d7a                __vector_20
                0x00004d7a                __vector_65
 .text          0x00004d7e       0xb8 ../../../../BitCloud/lib/libHAL_MegaRf_Atmega256rfr2_8Mhz_Gcc.a(halW1.o)
                0x00004d7e                halResetW1
                0x00004daa                halReadW1Bit
                0x00004dd4                halReadW1
                0x00004dee                halWriteW1bit
                0x00004e16                halWriteW1
                0x00004e26                __delay_us
 .text          0x00004e36       0x3a ../../../../BitCloud/lib/libHAL_MegaRf_Atmega256rfr2_8Mhz_Gcc.a(halCalibration.o)
                0x00004e36                halMeasurement
 *(.text.*)
 .text.sendTimerFired
                0x00004e70       0x20 All_MegaRf_Atmega256rfr2_8Mhz_Gcc/Obj/app.o
 .text.ZDO_StartNetworkConf
                0x00004e90       0x5c All_MegaRf_Atmega256rfr2_8Mhz_Gcc/Obj/app.o
 .text.APL_TaskHandler
                0x00004eec       0xae All_MegaRf_Atmega256rfr2_8Mhz_Gcc/Obj/app.o
                0x00004eec                APL_TaskHandler
 .text.ZDO_MgmtNwkUpdateNotf
                0x00004f9a        0x2 All_MegaRf_Atmega256rfr2_8Mhz_Gcc/Obj/app.o
                0x00004f9a                ZDO_MgmtNwkUpdateNotf
 .text.ZDO_WakeUpInd
                0x00004f9c        0x2 All_MegaRf_Atmega256rfr2_8Mhz_Gcc/Obj/app.o
                0x00004f9c                ZDO_WakeUpInd
 .text.ZDO_BindIndication
                0x00004f9e        0x2 All_MegaRf_Atmega256rfr2_8Mhz_Gcc/Obj/app.o
                0x00004f9e                ZDO_BindIndication
 .text.ZDO_UnbindIndication
                0x00004fa0        0x2 All_MegaRf_Atmega256rfr2_8Mhz_Gcc/Obj/app.o
                0x00004fa0                ZDO_UnbindIndication
 .text.copyStrToBuffer
                0x00004fa2       0x80 All_MegaRf_Atmega256rfr2_8Mhz_Gcc/Obj/usartManager.o
 .text.usartWriteConf
                0x00005022       0xac All_MegaRf_Atmega256rfr2_8Mhz_Gcc/Obj/usartManager.o
 .text.appInitUsartManager
                0x000050ce       0x5e All_MegaRf_Atmega256rfr2_8Mhz_Gcc/Obj/usartManager.o
                0x000050ce                appInitUsartManager
 .text.appWriteDataToUsart
                0x0000512c       0x68 All_MegaRf_Atmega256rfr2_8Mhz_Gcc/Obj/usartManager.o
                0x0000512c                appWriteDataToUsart
 .text.pdsGetFileDescrRec
                0x00005194       0x62 All_MegaRf_Atmega256rfr2_8Mhz_Gcc/Obj/stdPdsMemAccess.o
                0x00005194                pdsGetFileDescrRec
 .text.pdsGetFileOffset
                0x000051f6      0x11a All_MegaRf_Atmega256rfr2_8Mhz_Gcc/Obj/stdPdsMemAccess.o
                0x000051f6                pdsGetFileOffset
 .text.pdsPrepareMemoryAccess
                0x00005310       0xd0 All_MegaRf_Atmega256rfr2_8Mhz_Gcc/Obj/stdPdsMemAccess.o
                0x00005310                pdsPrepareMemoryAccess
 .text.pdsExpandWithDirContent
                0x000053e0      0x122 All_MegaRf_Atmega256rfr2_8Mhz_Gcc/Obj/stdPdsMemAccess.o
                0x000053e0                pdsExpandWithDirContent
 .text.pdsPrepareAccessContext
                0x00005502       0x3a All_MegaRf_Atmega256rfr2_8Mhz_Gcc/Obj/stdPdsMemAccess.o
                0x00005502                pdsPrepareAccessContext
 .text.pdsTimerFired
                0x0000553c        0xc All_MegaRf_Atmega256rfr2_8Mhz_Gcc/Obj/stdPdsTimer.o
 .text.pdsTimerInit
                0x00005548       0x12 All_MegaRf_Atmega256rfr2_8Mhz_Gcc/Obj/stdPdsTimer.o
                0x00005548                pdsTimerInit
 .text.pdsDummyCallback
                0x0000555a        0x2 All_MegaRf_Atmega256rfr2_8Mhz_Gcc/Obj/stdPdsWriteData.o
                0x0000555a                pdsDummyCallback
 .text.pdsAddDataForCommitment
                0x0000555c       0x24 All_MegaRf_Atmega256rfr2_8Mhz_Gcc/Obj/stdPdsWriteData.o
                0x0000555c                pdsAddDataForCommitment
 .text.pdsWaitMemoryFree
                0x00005580        0xe All_MegaRf_Atmega256rfr2_8Mhz_Gcc/Obj/stdPdsWriteData.o
                0x00005580                pdsWaitMemoryFree
 .text.pdsWrite
                0x0000558e       0x3c All_MegaRf_Atmega256rfr2_8Mhz_Gcc/Obj/stdPdsWriteData.o
                0x0000558e                pdsWrite
 .text.pdsRead  0x000055ca       0x3c All_MegaRf_Atmega256rfr2_8Mhz_Gcc/Obj/stdPdsWriteData.o
                0x000055ca                pdsRead
 .text.pdsStartCommitment
                0x00005606      0x176 All_MegaRf_Atmega256rfr2_8Mhz_Gcc/Obj/stdPdsWriteData.o
                0x00005606                pdsStartCommitment
 .text.pdsCalculateRAMDataCrc
                0x0000577c       0x14 All_MegaRf_Atmega256rfr2_8Mhz_Gcc/Obj/stdPdsCrcService.o
                0x0000577c                pdsCalculateRAMDataCrc
 .text.PDS_Init
                0x00005790      0x29a All_MegaRf_Atmega256rfr2_8Mhz_Gcc/Obj/stdPdsInit.o
                0x00005790                PDS_Init
 .text.pdsMemMaskIsAnyBitSet
                0x00005a2a       0x1a All_MegaRf_Atmega256rfr2_8Mhz_Gcc/Obj/stdPdsDataServer.o
 .text.pdsInitMemMask
                0x00005a44       0x36 All_MegaRf_Atmega256rfr2_8Mhz_Gcc/Obj/stdPdsDataServer.o
 .text.pdsGetMemoryAllowed.part.0
                0x00005a7a       0x1a All_MegaRf_Atmega256rfr2_8Mhz_Gcc/Obj/stdPdsDataServer.o
 .text.PDS_Store
                0x00005a94       0x3e All_MegaRf_Atmega256rfr2_8Mhz_Gcc/Obj/stdPdsDataServer.o
                0x00005a94                PDS_Store
 .text.PDS_TaskHandler
                0x00005ad2        0x2 All_MegaRf_Atmega256rfr2_8Mhz_Gcc/Obj/stdPdsDataServer.o
                0x00005ad2                PDS_TaskHandler
 .text.sysIdleHandlerSleepConf
                0x00005ad4        0x2 All_MegaRf_Atmega256rfr2_8Mhz_Gcc/Obj/sysIdleHandler.o
 .text.SYS_IdleHandler
                0x00005ad6       0x5a All_MegaRf_Atmega256rfr2_8Mhz_Gcc/Obj/sysIdleHandler.o
                0x00005ad6                SYS_IdleHandler
 .text.SYS_IsSleepWhenIdleEnabled
                0x00005b30        0x6 All_MegaRf_Atmega256rfr2_8Mhz_Gcc/Obj/sysIdleHandler.o
                0x00005b30                SYS_IsSleepWhenIdleEnabled
 .text.SYS_Sleep
                0x00005b36        0x6 All_MegaRf_Atmega256rfr2_8Mhz_Gcc/Obj/sysSleep.o
                0x00005b36                SYS_Sleep
 .text.SYS_PostEvent
                0x00005b3c       0x9c All_MegaRf_Atmega256rfr2_8Mhz_Gcc/Obj/sysEventsHandler.o
                0x00005b3c                SYS_PostEvent
 .text.SYS_IsEventDeliverable
                0x00005bd8       0x34 All_MegaRf_Atmega256rfr2_8Mhz_Gcc/Obj/sysEventsHandler.o
                0x00005bd8                SYS_IsEventDeliverable
 .text.SYS_IsEventSubscriber
                0x00005c0c       0x2e All_MegaRf_Atmega256rfr2_8Mhz_Gcc/Obj/sysEventsHandler.o
                0x00005c0c                SYS_IsEventSubscriber
 .text.SYS_SubscribeToEvent
                0x00005c3a       0x82 All_MegaRf_Atmega256rfr2_8Mhz_Gcc/Obj/sysEventsHandler.o
                0x00005c3a                SYS_SubscribeToEvent
 .text.SYS_UnsubscribeFromEvent
                0x00005cbc       0x88 All_MegaRf_Atmega256rfr2_8Mhz_Gcc/Obj/sysEventsHandler.o
                0x00005cbc                SYS_UnsubscribeFromEvent
 .text.deleteHeadQueueElem
                0x00005d44       0x18 All_MegaRf_Atmega256rfr2_8Mhz_Gcc/Obj/sysQueue.o
                0x00005d44                deleteHeadQueueElem
 .text.deleteQueueElem
                0x00005d5c       0x40 All_MegaRf_Atmega256rfr2_8Mhz_Gcc/Obj/sysQueue.o
                0x00005d5c                deleteQueueElem
 .text.isQueueElem
                0x00005d9c       0x20 All_MegaRf_Atmega256rfr2_8Mhz_Gcc/Obj/sysQueue.o
                0x00005d9c                isQueueElem
 .text.putQueueElem
                0x00005dbc       0x56 All_MegaRf_Atmega256rfr2_8Mhz_Gcc/Obj/sysQueue.o
                0x00005dbc                putQueueElem
 .text.sysRndConfirm
                0x00005e12       0x46 All_MegaRf_Atmega256rfr2_8Mhz_Gcc/Obj/sysUtils.o
 .text.sysUpdateRndSeedTimerFired
                0x00005e58        0xa All_MegaRf_Atmega256rfr2_8Mhz_Gcc/Obj/sysUtils.o
 .text.sysStartUpdatingRandSeed
                0x00005e62       0x24 All_MegaRf_Atmega256rfr2_8Mhz_Gcc/Obj/sysUtils.o
                0x00005e62                sysStartUpdatingRandSeed
 .text.sysStopUpdatingRandSeed
                0x00005e86        0xa All_MegaRf_Atmega256rfr2_8Mhz_Gcc/Obj/sysUtils.o
                0x00005e86                sysStopUpdatingRandSeed
 .text.SYS_DefAssertCallbackError
                0x00005e90       0x30 All_MegaRf_Atmega256rfr2_8Mhz_Gcc/Obj/sysAssert.o
                0x00005e90                SYS_DefAssertCallbackError
 .text.SYS_DefAssertCallbackFatal
                0x00005ec0       0x30 All_MegaRf_Atmega256rfr2_8Mhz_Gcc/Obj/sysAssert.o
                0x00005ec0                SYS_DefAssertCallbackFatal
 .text.SYS_DuplicateTableReset
                0x00005ef0       0x64 All_MegaRf_Atmega256rfr2_8Mhz_Gcc/Obj/sysDuplicateTable.o
                0x00005ef0                SYS_DuplicateTableReset
 .text.SYS_DuplicateTableCheck
                0x00005f54      0x110 All_MegaRf_Atmega256rfr2_8Mhz_Gcc/Obj/sysDuplicateTable.o
                0x00005f54                SYS_DuplicateTableCheck
 .text.SYS_InitZsiLayer
                0x00006064        0x4 All_MegaRf_Atmega256rfr2_8Mhz_Gcc/Obj/sysInit.o
                0x00006064                SYS_InitZsiLayer
 .text.SYS_InitZclLayer
                0x00006068        0x2 All_MegaRf_Atmega256rfr2_8Mhz_Gcc/Obj/sysInit.o
                0x00006068                SYS_InitZclLayer
 .text.processManagerTask
                0x0000606a       0x88 All_MegaRf_Atmega256rfr2_8Mhz_Gcc/Obj/sysTaskManager.o
 .text.SYS_SysInit
                0x000060f2       0x2c All_MegaRf_Atmega256rfr2_8Mhz_Gcc/Obj/sysTaskManager.o
                0x000060f2                SYS_SysInit
 .text.SYS_RunTask
                0x0000611e       0x2a All_MegaRf_Atmega256rfr2_8Mhz_Gcc/Obj/sysTaskManager.o
                0x0000611e                SYS_RunTask
 .text.SYS_ForceRunTask
                0x00006148        0x4 All_MegaRf_Atmega256rfr2_8Mhz_Gcc/Obj/sysTaskManager.o
                0x00006148                SYS_ForceRunTask
 .text.SYS_StartTimer
                0x0000614c       0x14 All_MegaRf_Atmega256rfr2_8Mhz_Gcc/Obj/sysTimer.o
                0x0000614c                SYS_StartTimer
 .text.SYS_StopTimer
                0x00006160       0x12 All_MegaRf_Atmega256rfr2_8Mhz_Gcc/Obj/sysTimer.o
                0x00006160                SYS_StopTimer
 .text.SYS_InitTimer
                0x00006172       0x3e All_MegaRf_Atmega256rfr2_8Mhz_Gcc/Obj/sysTimer.o
                0x00006172                SYS_InitTimer
 .text.BSP_TaskHandler
                0x000061b0        0x2 All_MegaRf_Atmega256rfr2_8Mhz_Gcc/Obj/bspTaskManager.o
                0x000061b0                BSP_TaskHandler
 .text.BSP_OnLed
                0x000061b2       0x18 All_MegaRf_Atmega256rfr2_8Mhz_Gcc/Obj/leds.o
                0x000061b2                BSP_OnLed
 .text.BSP_OffLed
                0x000061ca       0x18 All_MegaRf_Atmega256rfr2_8Mhz_Gcc/Obj/leds.o
                0x000061ca                BSP_OffLed
 .text.BSP_OpenLeds
                0x000061e2       0x14 All_MegaRf_Atmega256rfr2_8Mhz_Gcc/Obj/leds.o
                0x000061e2                BSP_OpenLeds
 .text.csSetToDefault
                0x000061f6       0x82 All_MegaRf_Atmega256rfr2_8Mhz_Gcc/Obj/csMem.o
                0x000061f6                csSetToDefault
 .text.csGetItem
                0x00006278       0x84 All_MegaRf_Atmega256rfr2_8Mhz_Gcc/Obj/configServer.o
 .text.CS_Init  0x000062fc        0x6 All_MegaRf_Atmega256rfr2_8Mhz_Gcc/Obj/configServer.o
                0x000062fc                CS_Init
 .text.CS_GetMemory
                0x00006302       0x44 All_MegaRf_Atmega256rfr2_8Mhz_Gcc/Obj/configServer.o
                0x00006302                CS_GetMemory
 .text.CS_ReadParameter
                0x00006346       0x70 All_MegaRf_Atmega256rfr2_8Mhz_Gcc/Obj/configServer.o
                0x00006346                CS_ReadParameter
 .text.CS_WriteParameter
                0x000063b6       0x52 All_MegaRf_Atmega256rfr2_8Mhz_Gcc/Obj/configServer.o
                0x000063b6                CS_WriteParameter
 .text.apsIsFragmentationDataReq
                0x00006408       0x34 ../../../../BitCloud/lib/libBc_All_Atmega256rfr2_Atmega256rfr2_Gcc.a(aps.o)
 .text.apsPostTask
                0x0000643c       0x30 ../../../../BitCloud/lib/libBc_All_Atmega256rfr2_Atmega256rfr2_Gcc.a(aps.o)
 .text.apsFreeBuffer
                0x0000646c       0xce ../../../../BitCloud/lib/libBc_All_Atmega256rfr2_Atmega256rfr2_Gcc.a(aps.o)
 .text.apsMakeNwkDataResp
                0x0000653a       0x2e ../../../../BitCloud/lib/libBc_All_Atmega256rfr2_Atmega256rfr2_Gcc.a(aps.o)
 .text.apsGetBuffer
                0x00006568      0x10c ../../../../BitCloud/lib/libBc_All_Atmega256rfr2_Atmega256rfr2_Gcc.a(aps.o)
 .text.apsDataManagerNwkDataConf
                0x00006674       0x16 ../../../../BitCloud/lib/libBc_All_Atmega256rfr2_Atmega256rfr2_Gcc.a(aps.o)
 .text.apsProcessEvent
                0x0000668a       0x50 ../../../../BitCloud/lib/libBc_All_Atmega256rfr2_Atmega256rfr2_Gcc.a(aps.o)
 .text.dataIndAddrResolvingConf
                0x000066da       0x10 ../../../../BitCloud/lib/libBc_All_Atmega256rfr2_Atmega256rfr2_Gcc.a(aps.o)
 .text.dataReqAddrResolvingConf
                0x000066ea       0x10 ../../../../BitCloud/lib/libBc_All_Atmega256rfr2_Atmega256rfr2_Gcc.a(aps.o)
 .text.apsSendNwkDataReq
                0x000066fa        0xe ../../../../BitCloud/lib/libBc_All_Atmega256rfr2_Atmega256rfr2_Gcc.a(aps.o)
 .text.apsProcessShortAddrModeDataReq
                0x00006708      0x286 ../../../../BitCloud/lib/libBc_All_Atmega256rfr2_Atmega256rfr2_Gcc.a(aps.o)
 .text.apsSendNextBlock
                0x0000698e       0x10 ../../../../BitCloud/lib/libBc_All_Atmega256rfr2_Atmega256rfr2_Gcc.a(aps.o)
 .text.apsSendAckForFragmentedReceive
                0x0000699e       0xc8 ../../../../BitCloud/lib/libBc_All_Atmega256rfr2_Atmega256rfr2_Gcc.a(aps.o)
 .text.apsCalculateApsAckTimeout
                0x00006a66       0x4a ../../../../BitCloud/lib/libBc_All_Atmega256rfr2_Atmega256rfr2_Gcc.a(aps.o)
 .text.apsGroupNwkDataConf
                0x00006ab0       0x4e ../../../../BitCloud/lib/libBc_All_Atmega256rfr2_Atmega256rfr2_Gcc.a(aps.o)
 .text.apsResetMemoryManager
                0x00006afe       0xe6 ../../../../BitCloud/lib/libBc_All_Atmega256rfr2_Atmega256rfr2_Gcc.a(aps.o)
 .text.apsResetBindingTable
                0x00006be4       0x54 ../../../../BitCloud/lib/libBc_All_Atmega256rfr2_Atmega256rfr2_Gcc.a(aps.o)
 .text.apsStopConf
                0x00006c38       0x52 ../../../../BitCloud/lib/libBc_All_Atmega256rfr2_Atmega256rfr2_Gcc.a(aps.o)
 .text.apsStartAckTimer
                0x00006c8a      0x1e6 ../../../../BitCloud/lib/libBc_All_Atmega256rfr2_Atmega256rfr2_Gcc.a(aps.o)
 .text.apsAckForFragmentedReceiveConfirmHandler
                0x00006e70       0xa2 ../../../../BitCloud/lib/libBc_All_Atmega256rfr2_Atmega256rfr2_Gcc.a(aps.o)
 .text.apsAckOnTimerFired
                0x00006f12      0x166 ../../../../BitCloud/lib/libBc_All_Atmega256rfr2_Atmega256rfr2_Gcc.a(aps.o)
 .text.apsFindBindingEntry
                0x00007078      0x106 ../../../../BitCloud/lib/libBc_All_Atmega256rfr2_Atmega256rfr2_Gcc.a(aps.o)
 .text.apsIsValidBindingParameters
                0x0000717e       0x7e ../../../../BitCloud/lib/libBc_All_Atmega256rfr2_Atmega256rfr2_Gcc.a(aps.o)
 .text.apsMakeApsDataConf
                0x000071fc       0x68 ../../../../BitCloud/lib/libBc_All_Atmega256rfr2_Atmega256rfr2_Gcc.a(aps.o)
 .text.apsGetAckByDataBuffer.isra.5
                0x00007264       0x82 ../../../../BitCloud/lib/libBc_All_Atmega256rfr2_Atmega256rfr2_Gcc.a(aps.o)
 .text.apsProcessGroupAddrModeDataReq
                0x000072e6      0x1ac ../../../../BitCloud/lib/libBc_All_Atmega256rfr2_Atmega256rfr2_Gcc.a(aps.o)
 .text.apsPrepareFragmentedTransmission
                0x00007492       0x74 ../../../../BitCloud/lib/libBc_All_Atmega256rfr2_Atmega256rfr2_Gcc.a(aps.o)
 .text.apsNextBind
                0x00007506       0xc0 ../../../../BitCloud/lib/libBc_All_Atmega256rfr2_Atmega256rfr2_Gcc.a(aps.o)
 .text.apsSendToNextBoundDevice
                0x000075c6      0x140 ../../../../BitCloud/lib/libBc_All_Atmega256rfr2_Atmega256rfr2_Gcc.a(aps.o)
 .text.bindDataReqAddrResolvingConf
                0x00007706       0x7e ../../../../BitCloud/lib/libBc_All_Atmega256rfr2_Atmega256rfr2_Gcc.a(aps.o)
                0x00007706                bindDataReqAddrResolvingConf
 .text.apsProcessIndirectDataReq
                0x00007784       0x6c ../../../../BitCloud/lib/libBc_All_Atmega256rfr2_Atmega256rfr2_Gcc.a(aps.o)
 .text.apsHandleTransmittedData.constprop.13
                0x000077f0       0xc2 ../../../../BitCloud/lib/libBc_All_Atmega256rfr2_Atmega256rfr2_Gcc.a(aps.o)
 .text.APS_BindReq
                0x000078b2       0xbc ../../../../BitCloud/lib/libBc_All_Atmega256rfr2_Atmega256rfr2_Gcc.a(aps.o)
                0x000078b2                APS_BindReq
 .text.APS_FreeBindingEntry
                0x0000796e       0x64 ../../../../BitCloud/lib/libBc_All_Atmega256rfr2_Atmega256rfr2_Gcc.a(aps.o)
                0x0000796e                APS_FreeBindingEntry
 .text.APS_UnbindReq
                0x000079d2       0x28 ../../../../BitCloud/lib/libBc_All_Atmega256rfr2_Atmega256rfr2_Gcc.a(aps.o)
                0x000079d2                APS_UnbindReq
 .text.APS_NextBindingEntry
                0x000079fa       0x40 ../../../../BitCloud/lib/libBc_All_Atmega256rfr2_Atmega256rfr2_Gcc.a(aps.o)
                0x000079fa                APS_NextBindingEntry
 .text.APS_DataReq
                0x00007a3a       0x20 ../../../../BitCloud/lib/libBc_All_Atmega256rfr2_Atmega256rfr2_Gcc.a(aps.o)
                0x00007a3a                APS_DataReq
 .text.NWK_DataInd
                0x00007a5a       0x20 ../../../../BitCloud/lib/libBc_All_Atmega256rfr2_Atmega256rfr2_Gcc.a(aps.o)
                0x00007a5a                NWK_DataInd
 .text.APS_CalculateTimes
                0x00007a7a      0x1ca ../../../../BitCloud/lib/libBc_All_Atmega256rfr2_Atmega256rfr2_Gcc.a(aps.o)
                0x00007a7a                APS_CalculateTimes
 .text.apsResetDataManager
                0x00007c44       0xee ../../../../BitCloud/lib/libBc_All_Atmega256rfr2_Atmega256rfr2_Gcc.a(aps.o)
 .text.apsNwkResetConf
                0x00007d32      0x214 ../../../../BitCloud/lib/libBc_All_Atmega256rfr2_Atmega256rfr2_Gcc.a(aps.o)
 .text.apsStateMachineTaskHandler
                0x00007f46      0x120 ../../../../BitCloud/lib/libBc_All_Atmega256rfr2_Atmega256rfr2_Gcc.a(aps.o)
 .text.APS_IsProfileIdMatched
                0x00008066       0x74 ../../../../BitCloud/lib/libBc_All_Atmega256rfr2_Atmega256rfr2_Gcc.a(aps.o)
                0x00008066                APS_IsProfileIdMatched
 .text.APS_NextEndpoint
                0x000080da       0x16 ../../../../BitCloud/lib/libBc_All_Atmega256rfr2_Atmega256rfr2_Gcc.a(aps.o)
                0x000080da                APS_NextEndpoint
 .text.apsFindEndpoint
                0x000080f0       0x28 ../../../../BitCloud/lib/libBc_All_Atmega256rfr2_Atmega256rfr2_Gcc.a(aps.o)
 .text.apsGroupIndication
                0x00008118       0xa6 ../../../../BitCloud/lib/libBc_All_Atmega256rfr2_Atmega256rfr2_Gcc.a(aps.o)
 .text.apsUnicastDataInd
                0x000081be      0x26a ../../../../BitCloud/lib/libBc_All_Atmega256rfr2_Atmega256rfr2_Gcc.a(aps.o)
 .text.apsApduUnicastHandler.constprop.11
                0x00008428      0x596 ../../../../BitCloud/lib/libBc_All_Atmega256rfr2_Atmega256rfr2_Gcc.a(aps.o)
 .text.apsDataTaskHandler
                0x000089be      0xc04 ../../../../BitCloud/lib/libBc_All_Atmega256rfr2_Atmega256rfr2_Gcc.a(aps.o)
 .text.NWK_IntrpDataInd
                0x000095c2      0x12e ../../../../BitCloud/lib/libBc_All_Atmega256rfr2_Atmega256rfr2_Gcc.a(aps.o)
                0x000095c2                NWK_IntrpDataInd
 .text.APS_Init
                0x000096f0       0x2c ../../../../BitCloud/lib/libBc_All_Atmega256rfr2_Atmega256rfr2_Gcc.a(aps.o)
                0x000096f0                APS_Init
 .text.APS_ResetReq
                0x0000971c       0x40 ../../../../BitCloud/lib/libBc_All_Atmega256rfr2_Atmega256rfr2_Gcc.a(aps.o)
                0x0000971c                APS_ResetReq
 .text.APS_StartReq
                0x0000975c       0x1e ../../../../BitCloud/lib/libBc_All_Atmega256rfr2_Atmega256rfr2_Gcc.a(aps.o)
                0x0000975c                APS_StartReq
 .text.APS_StopReq
                0x0000977a       0x1e ../../../../BitCloud/lib/libBc_All_Atmega256rfr2_Atmega256rfr2_Gcc.a(aps.o)
                0x0000977a                APS_StopReq
 .text.APS_IsActiveTransaction
                0x00009798       0x7a ../../../../BitCloud/lib/libBc_All_Atmega256rfr2_Atmega256rfr2_Gcc.a(aps.o)
                0x00009798                APS_IsActiveTransaction
 .text.isApsBusyOrPollCheck
                0x00009812       0x60 ../../../../BitCloud/lib/libBc_All_Atmega256rfr2_Atmega256rfr2_Gcc.a(aps.o)
 .text.APS_HandleLeave
                0x00009872        0xc ../../../../BitCloud/lib/libBc_All_Atmega256rfr2_Atmega256rfr2_Gcc.a(aps.o)
                0x00009872                APS_HandleLeave
 .text.APS_TaskHandler
                0x0000987e       0xb4 ../../../../BitCloud/lib/libBc_All_Atmega256rfr2_Atmega256rfr2_Gcc.a(aps.o)
                0x0000987e                APS_TaskHandler
 .text.getSymbolsPerOctet
                0x00009932       0x30 ../../../../BitCloud/lib/libBc_All_Atmega256rfr2_Atmega256rfr2_Gcc.a(macenvPib.o)
 .text.storeTransmitPower
                0x00009962       0x44 ../../../../BitCloud/lib/libBc_All_Atmega256rfr2_Atmega256rfr2_Gcc.a(macenvPib.o)
 .text.calculateMaxFrameDuration
                0x000099a6       0x1c ../../../../BitCloud/lib/libBc_All_Atmega256rfr2_Atmega256rfr2_Gcc.a(macenvPib.o)
 .text.macenvGetPhySymbolDuration
                0x000099c2       0x46 ../../../../BitCloud/lib/libBc_All_Atmega256rfr2_Atmega256rfr2_Gcc.a(macenvPib.o)
                0x000099c2                macenvGetPhySymbolDuration
 .text.macenvConvertTransPersistTimeFromUnitsToMs
                0x00009a08       0x36 ../../../../BitCloud/lib/libBc_All_Atmega256rfr2_Atmega256rfr2_Gcc.a(macenvPib.o)
                0x00009a08                macenvConvertTransPersistTimeFromUnitsToMs
 .text.updateMaxFrameTxTime
                0x00009a3e       0x34 ../../../../BitCloud/lib/libBc_All_Atmega256rfr2_Atmega256rfr2_Gcc.a(macenvPib.o)
 .text.macenvResetPib
                0x00009a72      0x10e ../../../../BitCloud/lib/libBc_All_Atmega256rfr2_Atmega256rfr2_Gcc.a(macenvPib.o)
                0x00009a72                macenvResetPib
 .text.macenvSetPibAttr
                0x00009b80      0x26a ../../../../BitCloud/lib/libBc_All_Atmega256rfr2_Atmega256rfr2_Gcc.a(macenvPib.o)
                0x00009b80                macenvSetPibAttr
 .text.macenvCalculateMaxFrameTotalWaitTimeInMs
                0x00009dea      0x12a ../../../../BitCloud/lib/libBc_All_Atmega256rfr2_Atmega256rfr2_Gcc.a(macenvPib.o)
                0x00009dea                macenvCalculateMaxFrameTotalWaitTimeInMs
 .text.macenvCalculateResponceWaitTimeInMs
                0x00009f14       0x30 ../../../../BitCloud/lib/libBc_All_Atmega256rfr2_Atmega256rfr2_Gcc.a(macenvPib.o)
                0x00009f14                macenvCalculateResponceWaitTimeInMs
 .text.macenvGetPibAttr
                0x00009f44      0x1de ../../../../BitCloud/lib/libBc_All_Atmega256rfr2_Atmega256rfr2_Gcc.a(macenvPib.o)
                0x00009f44                macenvGetPibAttr
 .text.MAC_GetExtAddr
                0x0000a122        0x6 ../../../../BitCloud/lib/libBc_All_Atmega256rfr2_Atmega256rfr2_Gcc.a(macenvPib.o)
                0x0000a122                MAC_GetExtAddr
 .text.MAC_IsOwnExtAddr
                0x0000a128       0x1a ../../../../BitCloud/lib/libBc_All_Atmega256rfr2_Atmega256rfr2_Gcc.a(macenvPib.o)
                0x0000a128                MAC_IsOwnExtAddr
 .text.MAC_GetOctetsTransmissionTimeInMs
                0x0000a142       0x48 ../../../../BitCloud/lib/libBc_All_Atmega256rfr2_Atmega256rfr2_Gcc.a(macenvPib.o)
                0x0000a142                MAC_GetOctetsTransmissionTimeInMs
 .text.postNewMacRequest
                0x0000a18a       0x46 ../../../../BitCloud/lib/libBc_All_Atmega256rfr2_Atmega256rfr2_Gcc.a(machwdManager.o)
 .text.putReqInQueue
                0x0000a1d0       0x16 ../../../../BitCloud/lib/libBc_All_Atmega256rfr2_Atmega256rfr2_Gcc.a(machwdManager.o)
 .text.MACHWD_DataReq
                0x0000a1e6        0x6 ../../../../BitCloud/lib/libBc_All_Atmega256rfr2_Atmega256rfr2_Gcc.a(machwdManager.o)
                0x0000a1e6                MACHWD_DataReq
 .text.MACHWD_SetTrxStateReq
                0x0000a1ec        0x8 ../../../../BitCloud/lib/libBc_All_Atmega256rfr2_Atmega256rfr2_Gcc.a(machwdManager.o)
                0x0000a1ec                MACHWD_SetTrxStateReq
 .text.MACHWD_SetReq
                0x0000a1f4        0x8 ../../../../BitCloud/lib/libBc_All_Atmega256rfr2_Atmega256rfr2_Gcc.a(machwdManager.o)
                0x0000a1f4                MACHWD_SetReq
 .text.MACHWD_EdReq
                0x0000a1fc        0x8 ../../../../BitCloud/lib/libBc_All_Atmega256rfr2_Atmega256rfr2_Gcc.a(machwdManager.o)
                0x0000a1fc                MACHWD_EdReq
 .text.RF_RandomReq
                0x0000a204       0x10 ../../../../BitCloud/lib/libBc_All_Atmega256rfr2_Atmega256rfr2_Gcc.a(machwdManager.o)
                0x0000a204                RF_RandomReq
 .text.MACHWD_Reset
                0x0000a214       0x44 ../../../../BitCloud/lib/libBc_All_Atmega256rfr2_Atmega256rfr2_Gcc.a(machwdManager.o)
                0x0000a214                MACHWD_Reset
 .text.MAC_PHY_HWD_TaskHandler
                0x0000a258      0x1de ../../../../BitCloud/lib/libBc_All_Atmega256rfr2_Atmega256rfr2_Gcc.a(machwdManager.o)
                0x0000a258                MAC_PHY_HWD_TaskHandler
 .text.machwdRegAccessReqHandler
                0x0000a436       0x62 ../../../../BitCloud/lib/libBc_All_Atmega256rfr2_Atmega256rfr2_Gcc.a(machwdRegAccessHandler.o)
                0x0000a436                machwdRegAccessReqHandler
 .text.machwdRegAccessTaskHandler
                0x0000a498       0x46 ../../../../BitCloud/lib/libBc_All_Atmega256rfr2_Atmega256rfr2_Gcc.a(machwdRegAccessHandler.o)
                0x0000a498                machwdRegAccessTaskHandler
 .text.machwdReset
                0x0000a4de       0xa8 ../../../../BitCloud/lib/libBc_All_Atmega256rfr2_Atmega256rfr2_Gcc.a(machwdResetHandler.o)
                0x0000a4de                machwdReset
 .text.machwdRndReqHandler
                0x0000a586       0x38 ../../../../BitCloud/lib/libBc_All_Atmega256rfr2_Atmega256rfr2_Gcc.a(machwdRndHandler.o)
                0x0000a586                machwdRndReqHandler
 .text.machwdRndTaskHandler
                0x0000a5be       0x32 ../../../../BitCloud/lib/libBc_All_Atmega256rfr2_Atmega256rfr2_Gcc.a(machwdRndHandler.o)
                0x0000a5be                machwdRndTaskHandler
 .text.machwdResetRndHandler
                0x0000a5f0        0x6 ../../../../BitCloud/lib/libBc_All_Atmega256rfr2_Atmega256rfr2_Gcc.a(machwdRndHandler.o)
                0x0000a5f0                machwdResetRndHandler
 .text.machwdResetRxBuffers
                0x0000a5f6       0xb8 ../../../../BitCloud/lib/libBc_All_Atmega256rfr2_Atmega256rfr2_Gcc.a(machwdRxBuffer.o)
                0x0000a5f6                machwdResetRxBuffers
 .text.machwdNextBuffer
                0x0000a6ae       0x14 ../../../../BitCloud/lib/libBc_All_Atmega256rfr2_Atmega256rfr2_Gcc.a(machwdRxBuffer.o)
                0x0000a6ae                machwdNextBuffer
 .text.machwdReleaseBuffer
                0x0000a6c2       0x4a ../../../../BitCloud/lib/libBc_All_Atmega256rfr2_Atmega256rfr2_Gcc.a(machwdRxBuffer.o)
                0x0000a6c2                machwdReleaseBuffer
 .text.machwdNextBufferPresent
                0x0000a70c       0x26 ../../../../BitCloud/lib/libBc_All_Atmega256rfr2_Atmega256rfr2_Gcc.a(machwdRxBuffer.o)
                0x0000a70c                machwdNextBufferPresent
 .text.checkRxBuffer
                0x0000a732       0x8e ../../../../BitCloud/lib/libBc_All_Atmega256rfr2_Atmega256rfr2_Gcc.a(machwdRxFrameHandler.o)
 .text.machwdPerformIndicationFromBuffer.part.1
                0x0000a7c0       0xc4 ../../../../BitCloud/lib/libBc_All_Atmega256rfr2_Atmega256rfr2_Gcc.a(machwdRxFrameHandler.o)
 .text.machwdDataReqIndTaskHandler
                0x0000a884       0x12 ../../../../BitCloud/lib/libBc_All_Atmega256rfr2_Atmega256rfr2_Gcc.a(machwdRxFrameHandler.o)
                0x0000a884                machwdDataReqIndTaskHandler
 .text.machwdRxFrameIndTaskHandler
                0x0000a896       0x12 ../../../../BitCloud/lib/libBc_All_Atmega256rfr2_Atmega256rfr2_Gcc.a(machwdRxFrameHandler.o)
                0x0000a896                machwdRxFrameIndTaskHandler
 .text.executeSetReq
                0x0000a8a8       0x6c ../../../../BitCloud/lib/libBc_All_Atmega256rfr2_Atmega256rfr2_Gcc.a(machwdSetHandler.o)
 .text.machwdSetReqHandler
                0x0000a914       0xd4 ../../../../BitCloud/lib/libBc_All_Atmega256rfr2_Atmega256rfr2_Gcc.a(machwdSetHandler.o)
                0x0000a914                machwdSetReqHandler
 .text.machwdSetTaskHandler
                0x0000a9e8       0x38 ../../../../BitCloud/lib/libBc_All_Atmega256rfr2_Atmega256rfr2_Gcc.a(machwdSetHandler.o)
                0x0000a9e8                machwdSetTaskHandler
 .text.machwdResetSetHandler
                0x0000aa20        0xe ../../../../BitCloud/lib/libBc_All_Atmega256rfr2_Atmega256rfr2_Gcc.a(machwdSetHandler.o)
                0x0000aa20                machwdResetSetHandler
 .text.machwdGetPhyTrxCmd
                0x0000aa2e       0x14 ../../../../BitCloud/lib/libBc_All_Atmega256rfr2_Atmega256rfr2_Gcc.a(machwdTrxCtrl.o)
                0x0000aa2e                machwdGetPhyTrxCmd
 .text.machwdSendTrxCmd
                0x0000aa42        0xa ../../../../BitCloud/lib/libBc_All_Atmega256rfr2_Atmega256rfr2_Gcc.a(machwdTrxCtrl.o)
                0x0000aa42                machwdSendTrxCmd
 .text.machwdConvertTrxCmdToTrxState
                0x0000aa4c       0x14 ../../../../BitCloud/lib/libBc_All_Atmega256rfr2_Atmega256rfr2_Gcc.a(machwdTrxCtrl.o)
                0x0000aa4c                machwdConvertTrxCmdToTrxState
 .text.machwdConvertTrxStateToTrxCmd
                0x0000aa60       0x16 ../../../../BitCloud/lib/libBc_All_Atmega256rfr2_Atmega256rfr2_Gcc.a(machwdTrxCtrl.o)
                0x0000aa60                machwdConvertTrxStateToTrxCmd
 .text.machwdTrxReqHandler
                0x0000aa76       0x3c ../../../../BitCloud/lib/libBc_All_Atmega256rfr2_Atmega256rfr2_Gcc.a(machwdTrxHandler.o)
                0x0000aa76                machwdTrxReqHandler
 .text.machwdTrxTaskHandler
                0x0000aab2       0x3e ../../../../BitCloud/lib/libBc_All_Atmega256rfr2_Atmega256rfr2_Gcc.a(machwdTrxHandler.o)
                0x0000aab2                machwdTrxTaskHandler
 .text.machwdResetTrxHandler
                0x0000aaf0        0x6 ../../../../BitCloud/lib/libBc_All_Atmega256rfr2_Atmega256rfr2_Gcc.a(machwdTrxHandler.o)
                0x0000aaf0                machwdResetTrxHandler
 .text.executeDataReq
                0x0000aaf6       0x28 ../../../../BitCloud/lib/libBc_All_Atmega256rfr2_Atmega256rfr2_Gcc.a(machwdTxFrameHandler.o)
 .text.machwdTxFrameReqHandler
                0x0000ab1e       0x5a ../../../../BitCloud/lib/libBc_All_Atmega256rfr2_Atmega256rfr2_Gcc.a(machwdTxFrameHandler.o)
                0x0000ab1e                machwdTxFrameReqHandler
 .text.machwdTxFrameTaskHandler
                0x0000ab78       0x76 ../../../../BitCloud/lib/libBc_All_Atmega256rfr2_Atmega256rfr2_Gcc.a(machwdTxFrameHandler.o)
                0x0000ab78                machwdTxFrameTaskHandler
 .text.machwdResetTxFrameHandler
                0x0000abee        0xa ../../../../BitCloud/lib/libBc_All_Atmega256rfr2_Atmega256rfr2_Gcc.a(machwdTxFrameHandler.o)
                0x0000abee                machwdResetTxFrameHandler
 .text.machwdTxRetryHandler
                0x0000abf8       0x4e ../../../../BitCloud/lib/libBc_All_Atmega256rfr2_Atmega256rfr2_Gcc.a(machwdTxFrameHandler.o)
                0x0000abf8                machwdTxRetryHandler
 .text.postponeAction.part.0
                0x0000ac46       0x1a ../../../../BitCloud/lib/libBc_All_Atmega256rfr2_Atmega256rfr2_Gcc.a(machwiManager.o)
 .text.putReqInQueue
                0x0000ac60       0x2c ../../../../BitCloud/lib/libBc_All_Atmega256rfr2_Atmega256rfr2_Gcc.a(machwiManager.o)
 .text.machwiSendConfToUpperLayer
                0x0000ac8c       0xf4 ../../../../BitCloud/lib/libBc_All_Atmega256rfr2_Atmega256rfr2_Gcc.a(machwiManager.o)
                0x0000ac8c                machwiSendConfToUpperLayer
 .text.MAC_HWI_TaskHandler
                0x0000ad80       0xec ../../../../BitCloud/lib/libBc_All_Atmega256rfr2_Atmega256rfr2_Gcc.a(machwiManager.o)
                0x0000ad80                MAC_HWI_TaskHandler
 .text.MAC_AssociateReq
                0x0000ae6c        0x8 ../../../../BitCloud/lib/libBc_All_Atmega256rfr2_Atmega256rfr2_Gcc.a(machwiManager.o)
                0x0000ae6c                MAC_AssociateReq
 .text.MAC_AssociateResp
                0x0000ae74        0x8 ../../../../BitCloud/lib/libBc_All_Atmega256rfr2_Atmega256rfr2_Gcc.a(machwiManager.o)
                0x0000ae74                MAC_AssociateResp
 .text.MAC_OrphanResp
                0x0000ae7c        0x8 ../../../../BitCloud/lib/libBc_All_Atmega256rfr2_Atmega256rfr2_Gcc.a(machwiManager.o)
                0x0000ae7c                MAC_OrphanResp
 .text.MAC_GetReq
                0x0000ae84        0x8 ../../../../BitCloud/lib/libBc_All_Atmega256rfr2_Atmega256rfr2_Gcc.a(machwiManager.o)
                0x0000ae84                MAC_GetReq
 .text.MAC_ResetReq
                0x0000ae8c       0x66 ../../../../BitCloud/lib/libBc_All_Atmega256rfr2_Atmega256rfr2_Gcc.a(machwiManager.o)
                0x0000ae8c                MAC_ResetReq
 .text.MAC_RxEnableReq
                0x0000aef2        0x8 ../../../../BitCloud/lib/libBc_All_Atmega256rfr2_Atmega256rfr2_Gcc.a(machwiManager.o)
                0x0000aef2                MAC_RxEnableReq
 .text.MAC_ScanReq
                0x0000aefa        0x8 ../../../../BitCloud/lib/libBc_All_Atmega256rfr2_Atmega256rfr2_Gcc.a(machwiManager.o)
                0x0000aefa                MAC_ScanReq
 .text.MAC_SetReq
                0x0000af02        0x8 ../../../../BitCloud/lib/libBc_All_Atmega256rfr2_Atmega256rfr2_Gcc.a(machwiManager.o)
                0x0000af02                MAC_SetReq
 .text.MAC_StartReq
                0x0000af0a        0x8 ../../../../BitCloud/lib/libBc_All_Atmega256rfr2_Atmega256rfr2_Gcc.a(machwiManager.o)
                0x0000af0a                MAC_StartReq
 .text.MAC_PollReq
                0x0000af12        0x8 ../../../../BitCloud/lib/libBc_All_Atmega256rfr2_Atmega256rfr2_Gcc.a(machwiManager.o)
                0x0000af12                MAC_PollReq
 .text.MAC_DataReq
                0x0000af1a        0x8 ../../../../BitCloud/lib/libBc_All_Atmega256rfr2_Atmega256rfr2_Gcc.a(machwiManager.o)
                0x0000af1a                MAC_DataReq
 .text.machwiSendAssociateInd
                0x0000af22        0xe ../../../../BitCloud/lib/libBc_All_Atmega256rfr2_Atmega256rfr2_Gcc.a(machwiManager.o)
                0x0000af22                machwiSendAssociateInd
 .text.machwiSendDataInd
                0x0000af30        0xe ../../../../BitCloud/lib/libBc_All_Atmega256rfr2_Atmega256rfr2_Gcc.a(machwiManager.o)
                0x0000af30                machwiSendDataInd
 .text.machwiSendBeaconNotifyInd
                0x0000af3e        0xe ../../../../BitCloud/lib/libBc_All_Atmega256rfr2_Atmega256rfr2_Gcc.a(machwiManager.o)
                0x0000af3e                machwiSendBeaconNotifyInd
 .text.machwiSendSyncLossNotifyInd
                0x0000af4c        0xe ../../../../BitCloud/lib/libBc_All_Atmega256rfr2_Atmega256rfr2_Gcc.a(machwiManager.o)
                0x0000af4c                machwiSendSyncLossNotifyInd
 .text.machwiSendOrphanInd
                0x0000af5a        0xe ../../../../BitCloud/lib/libBc_All_Atmega256rfr2_Atmega256rfr2_Gcc.a(machwiManager.o)
                0x0000af5a                machwiSendOrphanInd
 .text.machwiSendPollInd
                0x0000af68        0xe ../../../../BitCloud/lib/libBc_All_Atmega256rfr2_Atmega256rfr2_Gcc.a(machwiManager.o)
                0x0000af68                machwiSendPollInd
 .text.machwiTxTransactionReq
                0x0000af76       0x16 ../../../../BitCloud/lib/libBc_All_Atmega256rfr2_Atmega256rfr2_Gcc.a(machwiManager.o)
                0x0000af76                machwiTxTransactionReq
 .text.machwiTxBeaconReq
                0x0000af8c       0x16 ../../../../BitCloud/lib/libBc_All_Atmega256rfr2_Atmega256rfr2_Gcc.a(machwiManager.o)
                0x0000af8c                machwiTxBeaconReq
 .text.machwiTxEmptyDataFrameReq
                0x0000afa2       0x12 ../../../../BitCloud/lib/libBc_All_Atmega256rfr2_Atmega256rfr2_Gcc.a(machwiManager.o)
                0x0000afa2                machwiTxEmptyDataFrameReq
 .text.MAC_IsActiveTransaction
                0x0000afb4       0x18 ../../../../BitCloud/lib/libBc_All_Atmega256rfr2_Atmega256rfr2_Gcc.a(machwiManager.o)
                0x0000afb4                MAC_IsActiveTransaction
 .text.isMacBusyRequest
                0x0000afcc       0x1c ../../../../BitCloud/lib/libBc_All_Atmega256rfr2_Atmega256rfr2_Gcc.a(machwiManager.o)
 .text.machwdDataConfirm
                0x0000afe8       0x20 ../../../../BitCloud/lib/libBc_All_Atmega256rfr2_Atmega256rfr2_Gcc.a(machwiOrphanHandler.o)
 .text.machwiOrphanRespHandler
                0x0000b008      0x158 ../../../../BitCloud/lib/libBc_All_Atmega256rfr2_Atmega256rfr2_Gcc.a(machwiOrphanHandler.o)
                0x0000b008                machwiOrphanRespHandler
 .text.machwiOrphanNotificationInd
                0x0000b160       0x42 ../../../../BitCloud/lib/libBc_All_Atmega256rfr2_Atmega256rfr2_Gcc.a(machwiOrphanHandler.o)
                0x0000b160                machwiOrphanNotificationInd
 .text.MACHWD_DataInd
                0x0000b1a2       0xc0 ../../../../BitCloud/lib/libBc_All_Atmega256rfr2_Atmega256rfr2_Gcc.a(machwiPanServer.o)
                0x0000b1a2                MACHWD_DataInd
 .text.machwiEnableBeaconTransmission
                0x0000b262        0x8 ../../../../BitCloud/lib/libBc_All_Atmega256rfr2_Atmega256rfr2_Gcc.a(machwiPanServer.o)
                0x0000b262                machwiEnableBeaconTransmission
 .text.machwiResetPanServer
                0x0000b26a        0x6 ../../../../BitCloud/lib/libBc_All_Atmega256rfr2_Atmega256rfr2_Gcc.a(machwiPanServer.o)
                0x0000b26a                machwiResetPanServer
 .text.completeHandling
                0x0000b270       0x16 ../../../../BitCloud/lib/libBc_All_Atmega256rfr2_Atmega256rfr2_Gcc.a(machwiPollHandler.o)
 .text.halPollTimerFired
                0x0000b286        0x4 ../../../../BitCloud/lib/libBc_All_Atmega256rfr2_Atmega256rfr2_Gcc.a(machwiPollHandler.o)
 .text.switchingCompleted
                0x0000b28a       0x10 ../../../../BitCloud/lib/libBc_All_Atmega256rfr2_Atmega256rfr2_Gcc.a(machwiPollHandler.o)
 .text.machwdDataConfirmEmptyData
                0x0000b29a       0x1e ../../../../BitCloud/lib/libBc_All_Atmega256rfr2_Atmega256rfr2_Gcc.a(machwiPollHandler.o)
 .text.machwdDataConfirm
                0x0000b2b8       0x68 ../../../../BitCloud/lib/libBc_All_Atmega256rfr2_Atmega256rfr2_Gcc.a(machwiPollHandler.o)
 .text.machwiResetPollHandler
                0x0000b320        0x6 ../../../../BitCloud/lib/libBc_All_Atmega256rfr2_Atmega256rfr2_Gcc.a(machwiPollHandler.o)
                0x0000b320                machwiResetPollHandler
 .text.machwiPollInd
                0x0000b326       0x4e ../../../../BitCloud/lib/libBc_All_Atmega256rfr2_Atmega256rfr2_Gcc.a(machwiPollHandler.o)
                0x0000b326                machwiPollInd
 .text.machwiDataIndication
                0x0000b374      0x160 ../../../../BitCloud/lib/libBc_All_Atmega256rfr2_Atmega256rfr2_Gcc.a(machwiPollHandler.o)
                0x0000b374                machwiDataIndication
 .text.machwiPollReqHandler
                0x0000b4d4      0x118 ../../../../BitCloud/lib/libBc_All_Atmega256rfr2_Atmega256rfr2_Gcc.a(machwiPollHandler.o)
                0x0000b4d4                machwiPollReqHandler
 .text.machwiPollHandlerReplyWithEmptyDataFrame
                0x0000b5ec       0x8a ../../../../BitCloud/lib/libBc_All_Atmega256rfr2_Atmega256rfr2_Gcc.a(machwiPollHandler.o)
                0x0000b5ec                machwiPollHandlerReplyWithEmptyDataFrame
 .text.machwiPurgeReqHandler
                0x0000b676       0x2c ../../../../BitCloud/lib/libBc_All_Atmega256rfr2_Atmega256rfr2_Gcc.a(machwiPurgeHandler.o)
                0x0000b676                machwiPurgeReqHandler
 .text.machwdSetConfirm
                0x0000b6a2       0x1a ../../../../BitCloud/lib/libBc_All_Atmega256rfr2_Atmega256rfr2_Gcc.a(machwiResetHandler.o)
 .text.machwdSetTrxStateConfirm
                0x0000b6bc        0xa ../../../../BitCloud/lib/libBc_All_Atmega256rfr2_Atmega256rfr2_Gcc.a(machwiResetHandler.o)
 .text.machwiResetReqHandler
                0x0000b6c6       0x96 ../../../../BitCloud/lib/libBc_All_Atmega256rfr2_Atmega256rfr2_Gcc.a(machwiResetHandler.o)
                0x0000b6c6                machwiResetReqHandler
 .text.machwdSetTrxStateConfirm
                0x0000b75c        0xe ../../../../BitCloud/lib/libBc_All_Atmega256rfr2_Atmega256rfr2_Gcc.a(machwiRxEnableHandler.o)
 .text.machwiRxEnableReqHandler
                0x0000b76a       0x3a ../../../../BitCloud/lib/libBc_All_Atmega256rfr2_Atmega256rfr2_Gcc.a(machwiRxEnableHandler.o)
                0x0000b76a                machwiRxEnableReqHandler
 .text.switchToActiveChannel
                0x0000b7a4       0x2a ../../../../BitCloud/lib/libBc_All_Atmega256rfr2_Atmega256rfr2_Gcc.a(machwiScanHandler.o)
 .text.trxStateHandling
                0x0000b7ce       0x18 ../../../../BitCloud/lib/libBc_All_Atmega256rfr2_Atmega256rfr2_Gcc.a(machwiScanHandler.o)
 .text.finishScan
                0x0000b7e6       0x18 ../../../../BitCloud/lib/libBc_All_Atmega256rfr2_Atmega256rfr2_Gcc.a(machwiScanHandler.o)
 .text.setNextChannel
                0x0000b7fe       0x74 ../../../../BitCloud/lib/libBc_All_Atmega256rfr2_Atmega256rfr2_Gcc.a(machwiScanHandler.o)
 .text.machwdSetConfirm
                0x0000b872      0x2c4 ../../../../BitCloud/lib/libBc_All_Atmega256rfr2_Atmega256rfr2_Gcc.a(machwiScanHandler.o)
 .text.halScanTimerFired
                0x0000bb36       0x24 ../../../../BitCloud/lib/libBc_All_Atmega256rfr2_Atmega256rfr2_Gcc.a(machwiScanHandler.o)
 .text.machwdDataConfirm
                0x0000bb5a       0x6e ../../../../BitCloud/lib/libBc_All_Atmega256rfr2_Atmega256rfr2_Gcc.a(machwiScanHandler.o)
 .text.machwdEdConfirm
                0x0000bbc8       0xde ../../../../BitCloud/lib/libBc_All_Atmega256rfr2_Atmega256rfr2_Gcc.a(machwiScanHandler.o)
 .text.machwdSetTrxStateConfirm
                0x0000bca6       0xfa ../../../../BitCloud/lib/libBc_All_Atmega256rfr2_Atmega256rfr2_Gcc.a(machwiScanHandler.o)
 .text.machwiScanReqHandler
                0x0000bda0      0x18e ../../../../BitCloud/lib/libBc_All_Atmega256rfr2_Atmega256rfr2_Gcc.a(machwiScanHandler.o)
                0x0000bda0                machwiScanReqHandler
 .text.machwiBeaconInd
                0x0000bf2e      0x278 ../../../../BitCloud/lib/libBc_All_Atmega256rfr2_Atmega256rfr2_Gcc.a(machwiScanHandler.o)
                0x0000bf2e                machwiBeaconInd
 .text.machwiCoordRealignmentCommandInd
                0x0000c1a6      0x11c ../../../../BitCloud/lib/libBc_All_Atmega256rfr2_Atmega256rfr2_Gcc.a(machwiScanHandler.o)
                0x0000c1a6                machwiCoordRealignmentCommandInd
 .text.machwiResetScanHandler
                0x0000c2c2        0x6 ../../../../BitCloud/lib/libBc_All_Atmega256rfr2_Atmega256rfr2_Gcc.a(machwiScanHandler.o)
                0x0000c2c2                machwiResetScanHandler
 .text.machwdSetConfirm
                0x0000c2c8        0xc ../../../../BitCloud/lib/libBc_All_Atmega256rfr2_Atmega256rfr2_Gcc.a(machwiSetGetHandler.o)
 .text.machwiGetReqHandler
                0x0000c2d4       0x4c ../../../../BitCloud/lib/libBc_All_Atmega256rfr2_Atmega256rfr2_Gcc.a(machwiSetGetHandler.o)
                0x0000c2d4                machwiGetReqHandler
 .text.machwiSetReqHandler
                0x0000c320       0xcc ../../../../BitCloud/lib/libBc_All_Atmega256rfr2_Atmega256rfr2_Gcc.a(machwiSetGetHandler.o)
                0x0000c320                machwiSetReqHandler
 .text.setHandling
                0x0000c3ec       0x64 ../../../../BitCloud/lib/libBc_All_Atmega256rfr2_Atmega256rfr2_Gcc.a(machwiStartHandler.o)
 .text.setStartReqParam
                0x0000c450       0xa2 ../../../../BitCloud/lib/libBc_All_Atmega256rfr2_Atmega256rfr2_Gcc.a(machwiStartHandler.o)
 .text.generateConfirm
                0x0000c4f2       0x38 ../../../../BitCloud/lib/libBc_All_Atmega256rfr2_Atmega256rfr2_Gcc.a(machwiStartHandler.o)
 .text.machwdSetConfirm
                0x0000c52a      0x15e ../../../../BitCloud/lib/libBc_All_Atmega256rfr2_Atmega256rfr2_Gcc.a(machwiStartHandler.o)
 .text.machwdDataConfirm
                0x0000c688       0x32 ../../../../BitCloud/lib/libBc_All_Atmega256rfr2_Atmega256rfr2_Gcc.a(machwiStartHandler.o)
 .text.machwiStartReqHandler
                0x0000c6ba       0x3c ../../../../BitCloud/lib/libBc_All_Atmega256rfr2_Atmega256rfr2_Gcc.a(machwiStartHandler.o)
                0x0000c6ba                machwiStartReqHandler
 .text.machwiResetStartHandler
                0x0000c6f6        0xa ../../../../BitCloud/lib/libBc_All_Atmega256rfr2_Atmega256rfr2_Gcc.a(machwiStartHandler.o)
                0x0000c6f6                machwiResetStartHandler
 .text.machwdSetTrxStateConfirm
                0x0000c700        0xc ../../../../BitCloud/lib/libBc_All_Atmega256rfr2_Atmega256rfr2_Gcc.a(machwiSwitchRxCtrl.o)
 .text.machwiSwitchRxAccordToRxOnWhenIdle
                0x0000c70c       0x28 ../../../../BitCloud/lib/libBc_All_Atmega256rfr2_Atmega256rfr2_Gcc.a(machwiSwitchRxCtrl.o)
                0x0000c70c                machwiSwitchRxAccordToRxOnWhenIdle
 .text.machwiResetTransactionHandler
                0x0000c734        0xa ../../../../BitCloud/lib/libBc_All_Atmega256rfr2_Atmega256rfr2_Gcc.a(machwiTransactionHandler.o)
                0x0000c734                machwiResetTransactionHandler
 .text.machwiSendTransactionEvent
                0x0000c73e      0x190 ../../../../BitCloud/lib/libBc_All_Atmega256rfr2_Atmega256rfr2_Gcc.a(machwiTransactionHandler.o)
                0x0000c73e                machwiSendTransactionEvent
 .text.finishTransactionHandling
                0x0000c8ce       0xbe ../../../../BitCloud/lib/libBc_All_Atmega256rfr2_Atmega256rfr2_Gcc.a(machwiTransactionHandler.o)
 .text.machwdDataConfirm
                0x0000c98c       0x54 ../../../../BitCloud/lib/libBc_All_Atmega256rfr2_Atmega256rfr2_Gcc.a(machwiTransactionHandler.o)
 .text.transactionTimerFired
                0x0000c9e0       0x4e ../../../../BitCloud/lib/libBc_All_Atmega256rfr2_Atmega256rfr2_Gcc.a(machwiTransactionQueue.o)
 .text.machwiPutTransactionToQueue
                0x0000ca2e       0x60 ../../../../BitCloud/lib/libBc_All_Atmega256rfr2_Atmega256rfr2_Gcc.a(machwiTransactionQueue.o)
                0x0000ca2e                machwiPutTransactionToQueue
 .text.machwiGetActivatedTransactionFromQueue
                0x0000ca8e       0x1c ../../../../BitCloud/lib/libBc_All_Atmega256rfr2_Atmega256rfr2_Gcc.a(machwiTransactionQueue.o)
                0x0000ca8e                machwiGetActivatedTransactionFromQueue
 .text.machwiTestAndKickQueueTransactions
                0x0000caaa      0x1ea ../../../../BitCloud/lib/libBc_All_Atmega256rfr2_Atmega256rfr2_Gcc.a(machwiTransactionQueue.o)
                0x0000caaa                machwiTestAndKickQueueTransactions
 .text.machwiFillPendingAddrSpecAndList
                0x0000cc94        0xa ../../../../BitCloud/lib/libBc_All_Atmega256rfr2_Atmega256rfr2_Gcc.a(machwiTransactionQueue.o)
                0x0000cc94                machwiFillPendingAddrSpecAndList
 .text.machwiDeleteTransactionFromQueue
                0x0000cc9e       0x30 ../../../../BitCloud/lib/libBc_All_Atmega256rfr2_Atmega256rfr2_Gcc.a(machwiTransactionQueue.o)
                0x0000cc9e                machwiDeleteTransactionFromQueue
 .text.machwiPurgeTransactionFromQueue
                0x0000ccce       0x36 ../../../../BitCloud/lib/libBc_All_Atmega256rfr2_Atmega256rfr2_Gcc.a(machwiTransactionQueue.o)
                0x0000ccce                machwiPurgeTransactionFromQueue
 .text.machwiResetTransactionQueue
                0x0000cd04       0x60 ../../../../BitCloud/lib/libBc_All_Atmega256rfr2_Atmega256rfr2_Gcc.a(machwiTransactionQueue.o)
                0x0000cd04                machwiResetTransactionQueue
 .text.machwiTransactionQueueEmpty
                0x0000cd64       0x12 ../../../../BitCloud/lib/libBc_All_Atmega256rfr2_Atmega256rfr2_Gcc.a(machwiTransactionQueue.o)
                0x0000cd64                machwiTransactionQueueEmpty
 .text.nwkAddressConflictIsIdle
                0x0000cd76        0xe ../../../../BitCloud/lib/libBc_All_Atmega256rfr2_Atmega256rfr2_Gcc.a(nwk.o)
 .text.nwkFindAddressMapEntryByShortAddr
                0x0000cd84       0x32 ../../../../BitCloud/lib/libBc_All_Atmega256rfr2_Atmega256rfr2_Gcc.a(nwk.o)
 .text.unlikely.nwkClearBTR
                0x0000cdb6       0x44 ../../../../BitCloud/lib/libBc_All_Atmega256rfr2_Atmega256rfr2_Gcc.a(nwk.o)
 .text.nwkDataReqIsIdle
                0x0000cdfa        0xe ../../../../BitCloud/lib/libBc_All_Atmega256rfr2_Atmega256rfr2_Gcc.a(nwk.o)
 .text.nwkDiscoveryIsIdle
                0x0000ce08        0xe ../../../../BitCloud/lib/libBc_All_Atmega256rfr2_Atmega256rfr2_Gcc.a(nwk.o)
 .text.nwkEDScanIsIdle
                0x0000ce16        0xe ../../../../BitCloud/lib/libBc_All_Atmega256rfr2_Atmega256rfr2_Gcc.a(nwk.o)
 .text.nwkFormationIsIdle
                0x0000ce24        0xe ../../../../BitCloud/lib/libBc_All_Atmega256rfr2_Atmega256rfr2_Gcc.a(nwk.o)
 .text.unlikely.nwkParseHeader
                0x0000ce32       0x9e ../../../../BitCloud/lib/libBc_All_Atmega256rfr2_Atmega256rfr2_Gcc.a(nwk.o)
 .text.nwkJoinIndIsIdle
                0x0000ced0       0x32 ../../../../BitCloud/lib/libBc_All_Atmega256rfr2_Atmega256rfr2_Gcc.a(nwk.o)
 .text.nwkJoinReqIsIdle
                0x0000cf02        0xe ../../../../BitCloud/lib/libBc_All_Atmega256rfr2_Atmega256rfr2_Gcc.a(nwk.o)
 .text.nwkJoinComplete
                0x0000cf10        0x8 ../../../../BitCloud/lib/libBc_All_Atmega256rfr2_Atmega256rfr2_Gcc.a(nwk.o)
 .text.nwkLeaveReqIsIdle
                0x0000cf18        0xe ../../../../BitCloud/lib/libBc_All_Atmega256rfr2_Atmega256rfr2_Gcc.a(nwk.o)
 .text.nwkLinkStatusIsIdle
                0x0000cf26        0xe ../../../../BitCloud/lib/libBc_All_Atmega256rfr2_Atmega256rfr2_Gcc.a(nwk.o)
 .text.nwkLoopbackIsIdle
                0x0000cf34        0xe ../../../../BitCloud/lib/libBc_All_Atmega256rfr2_Atmega256rfr2_Gcc.a(nwk.o)
 .text.nwkNextSleepingChildForIndirectTx
                0x0000cf42       0x4a ../../../../BitCloud/lib/libBc_All_Atmega256rfr2_Atmega256rfr2_Gcc.a(nwk.o)
 .text.nwkGetOutgoingCost
                0x0000cf8c       0x40 ../../../../BitCloud/lib/libBc_All_Atmega256rfr2_Atmega256rfr2_Gcc.a(nwk.o)
 .text.nwkClearNeighborTable
                0x0000cfcc       0x64 ../../../../BitCloud/lib/libBc_All_Atmega256rfr2_Atmega256rfr2_Gcc.a(nwk.o)
 .text.nwkFreeNeighbor
                0x0000d030       0x24 ../../../../BitCloud/lib/libBc_All_Atmega256rfr2_Atmega256rfr2_Gcc.a(nwk.o)
 .text.nwkFindEndDeviceChild
                0x0000d054       0x3e ../../../../BitCloud/lib/libBc_All_Atmega256rfr2_Atmega256rfr2_Gcc.a(nwk.o)
 .text.nwkOrphanMacCommStatusInd
                0x0000d092        0x8 ../../../../BitCloud/lib/libBc_All_Atmega256rfr2_Atmega256rfr2_Gcc.a(nwk.o)
 .text.nwkFindPassiveAck
                0x0000d09a       0x2e ../../../../BitCloud/lib/libBc_All_Atmega256rfr2_Atmega256rfr2_Gcc.a(nwk.o)
 .text.nwkNewPassiveAck
                0x0000d0c8      0x104 ../../../../BitCloud/lib/libBc_All_Atmega256rfr2_Atmega256rfr2_Gcc.a(nwk.o)
 .text.nwkFreePassiveAck
                0x0000d1cc       0x22 ../../../../BitCloud/lib/libBc_All_Atmega256rfr2_Atmega256rfr2_Gcc.a(nwk.o)
 .text.nwkPermitJoiningIsIdle
                0x0000d1ee       0x10 ../../../../BitCloud/lib/libBc_All_Atmega256rfr2_Atmega256rfr2_Gcc.a(nwk.o)
 .text.nwkResetIsIdle
                0x0000d1fe        0xe ../../../../BitCloud/lib/libBc_All_Atmega256rfr2_Atmega256rfr2_Gcc.a(nwk.o)
 .text.nwkRouteDiscoveryIsIdle
                0x0000d20c       0x12 ../../../../BitCloud/lib/libBc_All_Atmega256rfr2_Atmega256rfr2_Gcc.a(nwk.o)
 .text.nwkFindRouteDiscoveryEntry
                0x0000d21e       0x38 ../../../../BitCloud/lib/libBc_All_Atmega256rfr2_Atmega256rfr2_Gcc.a(nwk.o)
 .text.nwkFreeRouteDiscoveryEntry
                0x0000d256       0x3a ../../../../BitCloud/lib/libBc_All_Atmega256rfr2_Atmega256rfr2_Gcc.a(nwk.o)
 .text.nwkConfirmRouteRequestTx
                0x0000d290       0x5a ../../../../BitCloud/lib/libBc_All_Atmega256rfr2_Atmega256rfr2_Gcc.a(nwk.o)
 .text.nwkRouteDiscoveryTableIsIdle
                0x0000d2ea        0xc ../../../../BitCloud/lib/libBc_All_Atmega256rfr2_Atmega256rfr2_Gcc.a(nwk.o)
 .text.nwkFindRoutingEntry
                0x0000d2f6       0x4a ../../../../BitCloud/lib/libBc_All_Atmega256rfr2_Atmega256rfr2_Gcc.a(nwk.o)
 .text.nwkFreeRoutingEntry
                0x0000d340       0x10 ../../../../BitCloud/lib/libBc_All_Atmega256rfr2_Atmega256rfr2_Gcc.a(nwk.o)
 .text.nwkUpdateNextHop
                0x0000d350       0xb6 ../../../../BitCloud/lib/libBc_All_Atmega256rfr2_Atmega256rfr2_Gcc.a(nwk.o)
 .text.nwkStartRouterIsIdle
                0x0000d406        0xe ../../../../BitCloud/lib/libBc_All_Atmega256rfr2_Atmega256rfr2_Gcc.a(nwk.o)
 .text.nwkSendRouteErrorConf
                0x0000d414        0x6 ../../../../BitCloud/lib/libBc_All_Atmega256rfr2_Atmega256rfr2_Gcc.a(nwk.o)
 .text.nwkSyncIsIdle
                0x0000d41a        0xe ../../../../BitCloud/lib/libBc_All_Atmega256rfr2_Atmega256rfr2_Gcc.a(nwk.o)
 .text.nwkPostTask
                0x0000d428       0x4c ../../../../BitCloud/lib/libBc_All_Atmega256rfr2_Atmega256rfr2_Gcc.a(nwk.o)
 .text.nwkStartRouterMacStartConf
                0x0000d474       0x18 ../../../../BitCloud/lib/libBc_All_Atmega256rfr2_Atmega256rfr2_Gcc.a(nwk.o)
 .text.nwkClearTaskBit
                0x0000d48c       0x2e ../../../../BitCloud/lib/libBc_All_Atmega256rfr2_Atmega256rfr2_Gcc.a(nwk.o)
 .text.nwkTxDelayIsIdle
                0x0000d4ba       0x12 ../../../../BitCloud/lib/libBc_All_Atmega256rfr2_Atmega256rfr2_Gcc.a(nwk.o)
 .text.nwkPermitJoinTimerFired
                0x0000d4cc       0x24 ../../../../BitCloud/lib/libBc_All_Atmega256rfr2_Atmega256rfr2_Gcc.a(nwk.o)
 .text.nwkStatusConf
                0x0000d4f0       0x2e ../../../../BitCloud/lib/libBc_All_Atmega256rfr2_Atmega256rfr2_Gcc.a(nwk.o)
 .text.nwkEDScanMacEDScanConf
                0x0000d51e       0x8e ../../../../BitCloud/lib/libBc_All_Atmega256rfr2_Atmega256rfr2_Gcc.a(nwk.o)
 .text.nwkFormationMacRxEnableConf
                0x0000d5ac       0x72 ../../../../BitCloud/lib/libBc_All_Atmega256rfr2_Atmega256rfr2_Gcc.a(nwk.o)
 .text.nwkDiscoveryMacActiveScanConf
                0x0000d61e       0x7e ../../../../BitCloud/lib/libBc_All_Atmega256rfr2_Atmega256rfr2_Gcc.a(nwk.o)
 .text.NWK_JoinConf
                0x0000d69c       0x7c ../../../../BitCloud/lib/libBc_All_Atmega256rfr2_Atmega256rfr2_Gcc.a(nwk.o)
 .text.nwkFindAddressMapEntryByExtAddr
                0x0000d718       0x52 ../../../../BitCloud/lib/libBc_All_Atmega256rfr2_Atmega256rfr2_Gcc.a(nwk.o)
 .text.nwkAddToAddressMap
                0x0000d76a      0x11a ../../../../BitCloud/lib/libBc_All_Atmega256rfr2_Atmega256rfr2_Gcc.a(nwk.o)
 .text.findFreeJoinIndObjFor
                0x0000d884       0xbc ../../../../BitCloud/lib/libBc_All_Atmega256rfr2_Atmega256rfr2_Gcc.a(nwk.o)
 .text.nwkTxReq
                0x0000d940        0xe ../../../../BitCloud/lib/libBc_All_Atmega256rfr2_Atmega256rfr2_Gcc.a(nwk.o)
 .text.nwkResetTaskManager
                0x0000d94e       0x18 ../../../../BitCloud/lib/libBc_All_Atmega256rfr2_Atmega256rfr2_Gcc.a(nwk.o)
 .text.getEnddeviceLifeTimeInMs
                0x0000d966       0x60 ../../../../BitCloud/lib/libBc_All_Atmega256rfr2_Atmega256rfr2_Gcc.a(nwk.o)
 .text.nwkSetLifeTimeOfNeighbor
                0x0000d9c6       0xa2 ../../../../BitCloud/lib/libBc_All_Atmega256rfr2_Atmega256rfr2_Gcc.a(nwk.o)
 .text.nwkAddBTTEntry
                0x0000da68      0x1c8 ../../../../BitCloud/lib/libBc_All_Atmega256rfr2_Atmega256rfr2_Gcc.a(nwk.o)
 .text.nwkAddOwnBTR
                0x0000dc30        0xc ../../../../BitCloud/lib/libBc_All_Atmega256rfr2_Atmega256rfr2_Gcc.a(nwk.o)
 .text.nwkPermitJoiningMacSetConf
                0x0000dc3c       0x52 ../../../../BitCloud/lib/libBc_All_Atmega256rfr2_Atmega256rfr2_Gcc.a(nwk.o)
 .text.nwkResetAddressMap
                0x0000dc8e       0x86 ../../../../BitCloud/lib/libBc_All_Atmega256rfr2_Atmega256rfr2_Gcc.a(nwk.o)
 .text.nwkStopLinkStatusTimer
                0x0000dd14        0xc ../../../../BitCloud/lib/libBc_All_Atmega256rfr2_Atmega256rfr2_Gcc.a(nwk.o)
 .text.nwkResetRouteDiscoveryTable
                0x0000dd20       0x98 ../../../../BitCloud/lib/libBc_All_Atmega256rfr2_Atmega256rfr2_Gcc.a(nwk.o)
 .text.nwkRouteDiscoveryTableTimerFired
                0x0000ddb8       0x54 ../../../../BitCloud/lib/libBc_All_Atmega256rfr2_Atmega256rfr2_Gcc.a(nwk.o)
 .text.nwkResetNeighborTable
                0x0000de0c       0x4e ../../../../BitCloud/lib/libBc_All_Atmega256rfr2_Atmega256rfr2_Gcc.a(nwk.o)
 .text.nwkAllocPacket
                0x0000de5a       0xb8 ../../../../BitCloud/lib/libBc_All_Atmega256rfr2_Atmega256rfr2_Gcc.a(nwk.o)
 .text.nwkAllocOutputPacket
                0x0000df12       0x56 ../../../../BitCloud/lib/libBc_All_Atmega256rfr2_Atmega256rfr2_Gcc.a(nwk.o)
 .text.nwkTryToProcessCommandReq
                0x0000df68       0x2a ../../../../BitCloud/lib/libBc_All_Atmega256rfr2_Atmega256rfr2_Gcc.a(nwk.o)
 .text.nwkCommandReq
                0x0000df92       0x54 ../../../../BitCloud/lib/libBc_All_Atmega256rfr2_Atmega256rfr2_Gcc.a(nwk.o)
 .text.nwkFreePacket
                0x0000dfe6       0x4e ../../../../BitCloud/lib/libBc_All_Atmega256rfr2_Atmega256rfr2_Gcc.a(nwk.o)
 .text.nwkAllocInputPacket
                0x0000e034       0x26 ../../../../BitCloud/lib/libBc_All_Atmega256rfr2_Atmega256rfr2_Gcc.a(nwk.o)
 .text.nwkStartLinkStatusTimer
                0x0000e05a        0xe ../../../../BitCloud/lib/libBc_All_Atmega256rfr2_Atmega256rfr2_Gcc.a(nwk.o)
 .text.nwkAllocRouteDiscoveryEntry
                0x0000e068       0x92 ../../../../BitCloud/lib/libBc_All_Atmega256rfr2_Atmega256rfr2_Gcc.a(nwk.o)
 .text.nwkStartAgeTimerOfNeighborTable
                0x0000e0fa       0x30 ../../../../BitCloud/lib/libBc_All_Atmega256rfr2_Atmega256rfr2_Gcc.a(nwk.o)
 .text.nwkFormationMacStartConf
                0x0000e12a       0x9e ../../../../BitCloud/lib/libBc_All_Atmega256rfr2_Atmega256rfr2_Gcc.a(nwk.o)
 .text.unlikely.nwkInitInputPacket
                0x0000e1c8       0xac ../../../../BitCloud/lib/libBc_All_Atmega256rfr2_Atmega256rfr2_Gcc.a(nwk.o)
 .text.nwkPerformMacDataReq
                0x0000e274       0x28 ../../../../BitCloud/lib/libBc_All_Atmega256rfr2_Atmega256rfr2_Gcc.a(nwk.o)
 .text.nwkConfirmLeaveItselfTx
                0x0000e29c       0x20 ../../../../BitCloud/lib/libBc_All_Atmega256rfr2_Atmega256rfr2_Gcc.a(nwk.o)
 .text.nwkConfirmNetworkStatusTx
                0x0000e2bc       0x6a ../../../../BitCloud/lib/libBc_All_Atmega256rfr2_Atmega256rfr2_Gcc.a(nwk.o)
 .text.nwkOrphanTaskHandler
                0x0000e326       0x6c ../../../../BitCloud/lib/libBc_All_Atmega256rfr2_Atmega256rfr2_Gcc.a(nwk.o)
 .text.nwkLoopbackTaskHandler
                0x0000e392      0x124 ../../../../BitCloud/lib/libBc_All_Atmega256rfr2_Atmega256rfr2_Gcc.a(nwk.o)
 .text.nwkDiscoveryTaskHandler
                0x0000e4b6       0xfe ../../../../BitCloud/lib/libBc_All_Atmega256rfr2_Atmega256rfr2_Gcc.a(nwk.o)
 .text.nwkDataConfTaskHandler
                0x0000e5b4       0xa2 ../../../../BitCloud/lib/libBc_All_Atmega256rfr2_Atmega256rfr2_Gcc.a(nwk.o)
 .text.nwkBroadcastForMe
                0x0000e656       0x50 ../../../../BitCloud/lib/libBc_All_Atmega256rfr2_Atmega256rfr2_Gcc.a(nwk.o)
 .text.nwkMacEventHandler
                0x0000e6a6       0x1a ../../../../BitCloud/lib/libBc_All_Atmega256rfr2_Atmega256rfr2_Gcc.a(nwk.o)
 .text.nwkIsJoiningForbidden
                0x0000e6c0       0x4c ../../../../BitCloud/lib/libBc_All_Atmega256rfr2_Atmega256rfr2_Gcc.a(nwk.o)
 .text.unlikely.nwkIsPassiveAckDone.isra.6
                0x0000e70c       0x9e ../../../../BitCloud/lib/libBc_All_Atmega256rfr2_Atmega256rfr2_Gcc.a(nwk.o)
 .text.nwkRouteDiscoveryTaskHandler
                0x0000e7aa      0x17c ../../../../BitCloud/lib/libBc_All_Atmega256rfr2_Atmega256rfr2_Gcc.a(nwk.o)
 .text.nwkOrphanConfirmRequest
                0x0000e926       0xb2 ../../../../BitCloud/lib/libBc_All_Atmega256rfr2_Atmega256rfr2_Gcc.a(nwk.o)
 .text.nwkOrphanMacScanConf
                0x0000e9d8       0x3c ../../../../BitCloud/lib/libBc_All_Atmega256rfr2_Atmega256rfr2_Gcc.a(nwk.o)
 .text.nwkDataConf
                0x0000ea14       0x56 ../../../../BitCloud/lib/libBc_All_Atmega256rfr2_Atmega256rfr2_Gcc.a(nwk.o)
 .text.nwkConfirmDataTx
                0x0000ea6a       0x34 ../../../../BitCloud/lib/libBc_All_Atmega256rfr2_Atmega256rfr2_Gcc.a(nwk.o)
 .text.freeJoinIndObj
                0x0000ea9e       0x3e ../../../../BitCloud/lib/libBc_All_Atmega256rfr2_Atmega256rfr2_Gcc.a(nwk.o)
 .text.nwkJoinIndTaskHandler
                0x0000eadc      0x152 ../../../../BitCloud/lib/libBc_All_Atmega256rfr2_Atmega256rfr2_Gcc.a(nwk.o)
 .text.NWK_NetworkDiscoveryConf.part.20
                0x0000ec2e       0x2e ../../../../BitCloud/lib/libBc_All_Atmega256rfr2_Atmega256rfr2_Gcc.a(nwk.o)
 .text.NWK_NetworkDiscoveryConf
                0x0000ec5c       0x22 ../../../../BitCloud/lib/libBc_All_Atmega256rfr2_Atmega256rfr2_Gcc.a(nwk.o)
 .text.nwkBTTTimerFired
                0x0000ec7e       0xbe ../../../../BitCloud/lib/libBc_All_Atmega256rfr2_Atmega256rfr2_Gcc.a(nwk.o)
 .text.nwkLinkStatusTimerFired
                0x0000ed3c       0x14 ../../../../BitCloud/lib/libBc_All_Atmega256rfr2_Atmega256rfr2_Gcc.a(nwk.o)
 .text.nwkConfirmLinkStatusTx
                0x0000ed50       0x8e ../../../../BitCloud/lib/libBc_All_Atmega256rfr2_Atmega256rfr2_Gcc.a(nwk.o)
 .text.nwkOrphanMacRxEnableConf
                0x0000edde       0x2a ../../../../BitCloud/lib/libBc_All_Atmega256rfr2_Atmega256rfr2_Gcc.a(nwk.o)
 .text.nwkSilentJoinConfirmRequest
                0x0000ee08       0x8e ../../../../BitCloud/lib/libBc_All_Atmega256rfr2_Atmega256rfr2_Gcc.a(nwk.o)
 .text.nwkSilentJoinMacSetConf
                0x0000ee96       0xf0 ../../../../BitCloud/lib/libBc_All_Atmega256rfr2_Atmega256rfr2_Gcc.a(nwk.o)
 .text.nwkSilentJoinMacRxEnableConf
                0x0000ef86       0x12 ../../../../BitCloud/lib/libBc_All_Atmega256rfr2_Atmega256rfr2_Gcc.a(nwk.o)
 .text.nwkResetTaskHandler
                0x0000ef98       0x5e ../../../../BitCloud/lib/libBc_All_Atmega256rfr2_Atmega256rfr2_Gcc.a(nwk.o)
 .text.nwkOrphanMacSetConf
                0x0000eff6       0xda ../../../../BitCloud/lib/libBc_All_Atmega256rfr2_Atmega256rfr2_Gcc.a(nwk.o)
 .text.nwkEDScanTaskHandler
                0x0000f0d0       0xf2 ../../../../BitCloud/lib/libBc_All_Atmega256rfr2_Atmega256rfr2_Gcc.a(nwk.o)
 .text.nwkStartRouterTaskHandler
                0x0000f1c2       0xc8 ../../../../BitCloud/lib/libBc_All_Atmega256rfr2_Atmega256rfr2_Gcc.a(nwk.o)
 .text.nwkSyncMacPollConf
                0x0000f28a       0x5a ../../../../BitCloud/lib/libBc_All_Atmega256rfr2_Atmega256rfr2_Gcc.a(nwk.o)
 .text.nwkRemoveItself.constprop.75
                0x0000f2e4       0x2a ../../../../BitCloud/lib/libBc_All_Atmega256rfr2_Atmega256rfr2_Gcc.a(nwk.o)
 .text.nwkPermitJoiningTaskHandler
                0x0000f30e      0x134 ../../../../BitCloud/lib/libBc_All_Atmega256rfr2_Atmega256rfr2_Gcc.a(nwk.o)
 .text.NWK_LeaveConf
                0x0000f442       0x4a ../../../../BitCloud/lib/libBc_All_Atmega256rfr2_Atmega256rfr2_Gcc.a(nwk.o)
 .text.nwkPrepareCommonFrame
                0x0000f48c       0x4a ../../../../BitCloud/lib/libBc_All_Atmega256rfr2_Atmega256rfr2_Gcc.a(nwk.o)
 .text.nwkPrepareLeaveChildTx
                0x0000f4d6       0xb0 ../../../../BitCloud/lib/libBc_All_Atmega256rfr2_Atmega256rfr2_Gcc.a(nwk.o)
 .text.nwkPrepareLeaveItselfTx
                0x0000f586       0x96 ../../../../BitCloud/lib/libBc_All_Atmega256rfr2_Atmega256rfr2_Gcc.a(nwk.o)
 .text.nwkPrepareJoinRespTx
                0x0000f61c       0xf6 ../../../../BitCloud/lib/libBc_All_Atmega256rfr2_Atmega256rfr2_Gcc.a(nwk.o)
 .text.nwkPrepareJoinReqTx
                0x0000f712       0x82 ../../../../BitCloud/lib/libBc_All_Atmega256rfr2_Atmega256rfr2_Gcc.a(nwk.o)
 .text.nwkPrepareLinkStatusTx
                0x0000f794      0x30a ../../../../BitCloud/lib/libBc_All_Atmega256rfr2_Atmega256rfr2_Gcc.a(nwk.o)
 .text.nwkStatusReq
                0x0000fa9e       0x42 ../../../../BitCloud/lib/libBc_All_Atmega256rfr2_Atmega256rfr2_Gcc.a(nwk.o)
 .text.nwkSendRouteErrorStatus.constprop.65
                0x0000fae0       0x3a ../../../../BitCloud/lib/libBc_All_Atmega256rfr2_Atmega256rfr2_Gcc.a(nwk.o)
 .text.nwkLinkFrameFragmentationTimerFired
                0x0000fb1a       0x22 ../../../../BitCloud/lib/libBc_All_Atmega256rfr2_Atmega256rfr2_Gcc.a(nwk.o)
 .text.nwkSyncTaskHandler
                0x0000fb3c       0xa6 ../../../../BitCloud/lib/libBc_All_Atmega256rfr2_Atmega256rfr2_Gcc.a(nwk.o)
 .text.nwkUpdateCapacityBits
                0x0000fbe2       0x62 ../../../../BitCloud/lib/libBc_All_Atmega256rfr2_Atmega256rfr2_Gcc.a(nwk.o)
 .text.nwkUpdateCapacityBitsInBeacon
                0x0000fc44       0x36 ../../../../BitCloud/lib/libBc_All_Atmega256rfr2_Atmega256rfr2_Gcc.a(nwk.o)
 .text.nwkUpdateBeaconPayload
                0x0000fc7a       0x88 ../../../../BitCloud/lib/libBc_All_Atmega256rfr2_Atmega256rfr2_Gcc.a(nwk.o)
 .text.nwkOrphanMacGetConf
                0x0000fd02       0x94 ../../../../BitCloud/lib/libBc_All_Atmega256rfr2_Atmega256rfr2_Gcc.a(nwk.o)
 .text.nwkFormationMacSetConf
                0x0000fd96      0x18c ../../../../BitCloud/lib/libBc_All_Atmega256rfr2_Atmega256rfr2_Gcc.a(nwk.o)
 .text.nwkReloadNibFromConfigServer
                0x0000ff22       0xf6 ../../../../BitCloud/lib/libBc_All_Atmega256rfr2_Atmega256rfr2_Gcc.a(nwk.o)
 .text.nwkSilentJoinTaskHandler
                0x00010018       0x70 ../../../../BitCloud/lib/libBc_All_Atmega256rfr2_Atmega256rfr2_Gcc.a(nwk.o)
 .text.nwkFormationTaskHandler
                0x00010088      0x202 ../../../../BitCloud/lib/libBc_All_Atmega256rfr2_Atmega256rfr2_Gcc.a(nwk.o)
 .text.nwkTxConf
                0x0001028a      0x1c4 ../../../../BitCloud/lib/libBc_All_Atmega256rfr2_Atmega256rfr2_Gcc.a(nwk.o)
 .text.nwkProcessDelayStatus
                0x0001044e      0x212 ../../../../BitCloud/lib/libBc_All_Atmega256rfr2_Atmega256rfr2_Gcc.a(nwk.o)
 .text.nwkTxDelayTimerFired
                0x00010660       0x80 ../../../../BitCloud/lib/libBc_All_Atmega256rfr2_Atmega256rfr2_Gcc.a(nwk.o)
 .text.nwkAddressConflictMacSetConf
                0x000106e0       0xc8 ../../../../BitCloud/lib/libBc_All_Atmega256rfr2_Atmega256rfr2_Gcc.a(nwk.o)
 .text.nwkRemoveAllChildren.constprop.73
                0x000107a8       0xbc ../../../../BitCloud/lib/libBc_All_Atmega256rfr2_Atmega256rfr2_Gcc.a(nwk.o)
 .text.nwkConfirmLeaveChildTx
                0x00010864       0x34 ../../../../BitCloud/lib/libBc_All_Atmega256rfr2_Atmega256rfr2_Gcc.a(nwk.o)
 .text.nwkFormationMacEDScanConf
                0x00010898      0x17a ../../../../BitCloud/lib/libBc_All_Atmega256rfr2_Atmega256rfr2_Gcc.a(nwk.o)
 .text.nwkFormationMacActiveScanConf
                0x00010a12      0x29e ../../../../BitCloud/lib/libBc_All_Atmega256rfr2_Atmega256rfr2_Gcc.a(nwk.o)
 .text.NWK_GetShortAddr
                0x00010cb0        0xa ../../../../BitCloud/lib/libBc_All_Atmega256rfr2_Atmega256rfr2_Gcc.a(nwk.o)
                0x00010cb0                NWK_GetShortAddr
 .text.NWK_IsStaticAddressingMode
                0x00010cba        0x6 ../../../../BitCloud/lib/libBc_All_Atmega256rfr2_Atmega256rfr2_Gcc.a(nwk.o)
                0x00010cba                NWK_IsStaticAddressingMode
 .text.NWK_RemoveFromAddressMap
                0x00010cc0       0x12 ../../../../BitCloud/lib/libBc_All_Atmega256rfr2_Atmega256rfr2_Gcc.a(nwk.o)
                0x00010cc0                NWK_RemoveFromAddressMap
 .text.NWK_NetworkDiscoveryReq
                0x00010cd2       0x40 ../../../../BitCloud/lib/libBc_All_Atmega256rfr2_Atmega256rfr2_Gcc.a(nwk.o)
                0x00010cd2                NWK_NetworkDiscoveryReq
 .text.nwkJoinReqTaskHandler
                0x00010d12      0x188 ../../../../BitCloud/lib/libBc_All_Atmega256rfr2_Atmega256rfr2_Gcc.a(nwk.o)
 .text.NWK_EDScanReq
                0x00010e9a       0x40 ../../../../BitCloud/lib/libBc_All_Atmega256rfr2_Atmega256rfr2_Gcc.a(nwk.o)
                0x00010e9a                NWK_EDScanReq
 .text.NWK_NetworkFormationReq
                0x00010eda       0x40 ../../../../BitCloud/lib/libBc_All_Atmega256rfr2_Atmega256rfr2_Gcc.a(nwk.o)
                0x00010eda                NWK_NetworkFormationReq
 .text.NWK_IsGroupMember
                0x00010f1a       0x50 ../../../../BitCloud/lib/libBc_All_Atmega256rfr2_Atmega256rfr2_Gcc.a(nwk.o)
                0x00010f1a                NWK_IsGroupMember
 .text.nwkRetransmitInputPacket
                0x00010f6a      0x152 ../../../../BitCloud/lib/libBc_All_Atmega256rfr2_Atmega256rfr2_Gcc.a(nwk.o)
 .text.unlikely.nwkRxRetransmit
                0x000110bc       0x90 ../../../../BitCloud/lib/libBc_All_Atmega256rfr2_Atmega256rfr2_Gcc.a(nwk.o)
 .text.NWK_DataResp
                0x0001114c       0x18 ../../../../BitCloud/lib/libBc_All_Atmega256rfr2_Atmega256rfr2_Gcc.a(nwk.o)
                0x0001114c                NWK_DataResp
 .text.NWK_ResetGroups
                0x00011164       0x56 ../../../../BitCloud/lib/libBc_All_Atmega256rfr2_Atmega256rfr2_Gcc.a(nwk.o)
                0x00011164                NWK_ResetGroups
 .text.nwkLeaveReqMacResetConf
                0x000111ba      0x11e ../../../../BitCloud/lib/libBc_All_Atmega256rfr2_Atmega256rfr2_Gcc.a(nwk.o)
 .text.nwkResetMacResetConf
                0x000112d8      0x4e8 ../../../../BitCloud/lib/libBc_All_Atmega256rfr2_Atmega256rfr2_Gcc.a(nwk.o)
 .text.NWK_GetParentShortAddr
                0x000117c0        0xa ../../../../BitCloud/lib/libBc_All_Atmega256rfr2_Atmega256rfr2_Gcc.a(nwk.o)
                0x000117c0                NWK_GetParentShortAddr
 .text.NWK_GetPanId
                0x000117ca        0xa ../../../../BitCloud/lib/libBc_All_Atmega256rfr2_Atmega256rfr2_Gcc.a(nwk.o)
                0x000117ca                NWK_GetPanId
 .text.NWK_GetExtPanId
                0x000117d4       0x16 ../../../../BitCloud/lib/libBc_All_Atmega256rfr2_Atmega256rfr2_Gcc.a(nwk.o)
                0x000117d4                NWK_GetExtPanId
 .text.NWK_SetExtPanId
                0x000117ea       0x28 ../../../../BitCloud/lib/libBc_All_Atmega256rfr2_Atmega256rfr2_Gcc.a(nwk.o)
                0x000117ea                NWK_SetExtPanId
 .text.NWK_GetDeviceType
                0x00011812        0x6 ../../../../BitCloud/lib/libBc_All_Atmega256rfr2_Atmega256rfr2_Gcc.a(nwk.o)
                0x00011812                NWK_GetDeviceType
 .text.NWK_GetLogicalChannel
                0x00011818        0x6 ../../../../BitCloud/lib/libBc_All_Atmega256rfr2_Atmega256rfr2_Gcc.a(nwk.o)
                0x00011818                NWK_GetLogicalChannel
 .text.NWK_SetLogicalChannel
                0x0001181e        0xe ../../../../BitCloud/lib/libBc_All_Atmega256rfr2_Atmega256rfr2_Gcc.a(nwk.o)
                0x0001181e                NWK_SetLogicalChannel
 .text.NWK_GetBroadcastDeliveryTime
                0x0001182c       0x12 ../../../../BitCloud/lib/libBc_All_Atmega256rfr2_Atmega256rfr2_Gcc.a(nwk.o)
                0x0001182c                NWK_GetBroadcastDeliveryTime
 .text.NWK_SetManagerAddr
                0x0001183e        0xa ../../../../BitCloud/lib/libBc_All_Atmega256rfr2_Atmega256rfr2_Gcc.a(nwk.o)
                0x0001183e                NWK_SetManagerAddr
 .text.NWK_SetUpdateId
                0x00011848       0x12 ../../../../BitCloud/lib/libBc_All_Atmega256rfr2_Atmega256rfr2_Gcc.a(nwk.o)
                0x00011848                NWK_SetUpdateId
 .text.NWK_GetTransmitCouner
                0x0001185a        0xa ../../../../BitCloud/lib/libBc_All_Atmega256rfr2_Atmega256rfr2_Gcc.a(nwk.o)
                0x0001185a                NWK_GetTransmitCouner
 .text.NWK_GetTransmitFailureCounter
                0x00011864        0xa ../../../../BitCloud/lib/libBc_All_Atmega256rfr2_Atmega256rfr2_Gcc.a(nwk.o)
                0x00011864                NWK_GetTransmitFailureCounter
 .text.NWK_ResetTransmitCounters
                0x0001186e       0x12 ../../../../BitCloud/lib/libBc_All_Atmega256rfr2_Atmega256rfr2_Gcc.a(nwk.o)
                0x0001186e                NWK_ResetTransmitCounters
 .text.NWK_IsNewUpdateIdNonLess
                0x00011880       0x38 ../../../../BitCloud/lib/libBc_All_Atmega256rfr2_Atmega256rfr2_Gcc.a(nwk.o)
                0x00011880                NWK_IsNewUpdateIdNonLess
 .text.nwkFindDeviceToJoin
                0x000118b8      0x17a ../../../../BitCloud/lib/libBc_All_Atmega256rfr2_Atmega256rfr2_Gcc.a(nwk.o)
 .text.nwkAssociate
                0x00011a32       0x9c ../../../../BitCloud/lib/libBc_All_Atmega256rfr2_Atmega256rfr2_Gcc.a(nwk.o)
 .text.nwkGetSuitableParent
                0x00011ace       0x7e ../../../../BitCloud/lib/libBc_All_Atmega256rfr2_Atmega256rfr2_Gcc.a(nwk.o)
 .text.nwkRejoinResponseFrameInd
                0x00011b4c      0x14a ../../../../BitCloud/lib/libBc_All_Atmega256rfr2_Atmega256rfr2_Gcc.a(nwk.o)
 .text.nwkRejoinCmdPrepareAndSend
                0x00011c96       0x2a ../../../../BitCloud/lib/libBc_All_Atmega256rfr2_Atmega256rfr2_Gcc.a(nwk.o)
 .text.nwkJoinReqMacRxEnableConf
                0x00011cc0       0x6c ../../../../BitCloud/lib/libBc_All_Atmega256rfr2_Atmega256rfr2_Gcc.a(nwk.o)
 .text.nwkJoinReqMacGetConf
                0x00011d2c       0x3a ../../../../BitCloud/lib/libBc_All_Atmega256rfr2_Atmega256rfr2_Gcc.a(nwk.o)
 .text.nwkConfirmJoinReqTx
                0x00011d66       0x5e ../../../../BitCloud/lib/libBc_All_Atmega256rfr2_Atmega256rfr2_Gcc.a(nwk.o)
 .text.responseWaitTimerFired
                0x00011dc4       0x4a ../../../../BitCloud/lib/libBc_All_Atmega256rfr2_Atmega256rfr2_Gcc.a(nwk.o)
 .text.nwkJoinReqMacPollConf
                0x00011e0e       0x5c ../../../../BitCloud/lib/libBc_All_Atmega256rfr2_Atmega256rfr2_Gcc.a(nwk.o)
 .text.macLatencyFired
                0x00011e6a        0x4 ../../../../BitCloud/lib/libBc_All_Atmega256rfr2_Atmega256rfr2_Gcc.a(nwk.o)
 .text.NWK_JoinReq
                0x00011e6e       0x62 ../../../../BitCloud/lib/libBc_All_Atmega256rfr2_Atmega256rfr2_Gcc.a(nwk.o)
                0x00011e6e                NWK_JoinReq
 .text.NWK_RemoveNeighbor
                0x00011ed0       0x8e ../../../../BitCloud/lib/libBc_All_Atmega256rfr2_Atmega256rfr2_Gcc.a(nwk.o)
                0x00011ed0                NWK_RemoveNeighbor
 .text.neighborTimerFired
                0x00011f5e       0xd8 ../../../../BitCloud/lib/libBc_All_Atmega256rfr2_Atmega256rfr2_Gcc.a(nwk.o)
 .text.NWK_LeaveReq
                0x00012036       0x20 ../../../../BitCloud/lib/libBc_All_Atmega256rfr2_Atmega256rfr2_Gcc.a(nwk.o)
                0x00012036                NWK_LeaveReq
 .text.nwkUpdateOutgoingCostAndLifeTime
                0x00012056       0x46 ../../../../BitCloud/lib/libBc_All_Atmega256rfr2_Atmega256rfr2_Gcc.a(nwk.o)
                0x00012056                nwkUpdateOutgoingCostAndLifeTime
 .text.NWK_ForceLinkStatusSending
                0x0001209c       0x18 ../../../../BitCloud/lib/libBc_All_Atmega256rfr2_Atmega256rfr2_Gcc.a(nwk.o)
                0x0001209c                NWK_ForceLinkStatusSending
 .text.NWK_LoopbackTxReq
                0x000120b4       0x20 ../../../../BitCloud/lib/libBc_All_Atmega256rfr2_Atmega256rfr2_Gcc.a(nwk.o)
                0x000120b4                NWK_LoopbackTxReq
 .text.NWK_DataReq
                0x000120d4      0x2ba ../../../../BitCloud/lib/libBc_All_Atmega256rfr2_Atmega256rfr2_Gcc.a(nwk.o)
                0x000120d4                NWK_DataReq
 .text.NWK_NextEDChild
                0x0001238e       0x4a ../../../../BitCloud/lib/libBc_All_Atmega256rfr2_Atmega256rfr2_Gcc.a(nwk.o)
                0x0001238e                NWK_NextEDChild
 .text.NWK_FindNeighborByShortAddr
                0x000123d8       0x44 ../../../../BitCloud/lib/libBc_All_Atmega256rfr2_Atmega256rfr2_Gcc.a(nwk.o)
                0x000123d8                NWK_FindNeighborByShortAddr
 .text.NWK_GetExtByShortAddress
                0x0001241c       0x58 ../../../../BitCloud/lib/libBc_All_Atmega256rfr2_Atmega256rfr2_Gcc.a(nwk.o)
                0x0001241c                NWK_GetExtByShortAddress
 .text.nwkPrepareRouteRequestTx
                0x00012474      0x14e ../../../../BitCloud/lib/libBc_All_Atmega256rfr2_Atmega256rfr2_Gcc.a(nwk.o)
 .text.nwkAllocNonConflAddr
                0x000125c2       0xdc ../../../../BitCloud/lib/libBc_All_Atmega256rfr2_Atmega256rfr2_Gcc.a(nwk.o)
 .text.nwkAllocateShortAddr.isra.55
                0x0001269e       0x92 ../../../../BitCloud/lib/libBc_All_Atmega256rfr2_Atmega256rfr2_Gcc.a(nwk.o)
 .text.nwkResolveAddressConflict
                0x00012730      0x21e ../../../../BitCloud/lib/libBc_All_Atmega256rfr2_Atmega256rfr2_Gcc.a(nwk.o)
 .text.nwkStatusFrameInd
                0x0001294e       0x44 ../../../../BitCloud/lib/libBc_All_Atmega256rfr2_Atmega256rfr2_Gcc.a(nwk.o)
 .text.nwkAddressConflictTaskHandler
                0x00012992       0x9e ../../../../BitCloud/lib/libBc_All_Atmega256rfr2_Atmega256rfr2_Gcc.a(nwk.o)
 .text.nwkJoinReqMacSetConf
                0x00012a30      0x20a ../../../../BitCloud/lib/libBc_All_Atmega256rfr2_Atmega256rfr2_Gcc.a(nwk.o)
 .text.nwkGetNextHop
                0x00012c3a      0x1da ../../../../BitCloud/lib/libBc_All_Atmega256rfr2_Atmega256rfr2_Gcc.a(nwk.o)
 .text.nwkPrepareNetworkStatusTx
                0x00012e14      0x132 ../../../../BitCloud/lib/libBc_All_Atmega256rfr2_Atmega256rfr2_Gcc.a(nwk.o)
 .text.nwkPrepareRouteReplyTx
                0x00012f46      0x2dc ../../../../BitCloud/lib/libBc_All_Atmega256rfr2_Atmega256rfr2_Gcc.a(nwk.o)
 .text.nwkTxDelayReq
                0x00013222      0x29e ../../../../BitCloud/lib/libBc_All_Atmega256rfr2_Atmega256rfr2_Gcc.a(nwk.o)
 .text.MAC_DataConf
                0x000134c0       0x2e ../../../../BitCloud/lib/libBc_All_Atmega256rfr2_Atmega256rfr2_Gcc.a(nwk.o)
 .text.nwkTransmitOutputPacket.constprop.61
                0x000134ee       0x46 ../../../../BitCloud/lib/libBc_All_Atmega256rfr2_Atmega256rfr2_Gcc.a(nwk.o)
 .text.nwkMeshRouteDiscoveryConf
                0x00013534       0x5e ../../../../BitCloud/lib/libBc_All_Atmega256rfr2_Atmega256rfr2_Gcc.a(nwk.o)
 .text.nwkSendDiscoveryCommand
                0x00013592       0x6c ../../../../BitCloud/lib/libBc_All_Atmega256rfr2_Atmega256rfr2_Gcc.a(nwk.o)
 .text.nwkRouteDiscoveryTableTaskHandler
                0x000135fe       0xae ../../../../BitCloud/lib/libBc_All_Atmega256rfr2_Atmega256rfr2_Gcc.a(nwk.o)
 .text.NWK_FindNeighborByExtAddr
                0x000136ac       0x64 ../../../../BitCloud/lib/libBc_All_Atmega256rfr2_Atmega256rfr2_Gcc.a(nwk.o)
                0x000136ac                NWK_FindNeighborByExtAddr
 .text.NWK_LinkShortAndExtAddress
                0x00013710       0xd0 ../../../../BitCloud/lib/libBc_All_Atmega256rfr2_Atmega256rfr2_Gcc.a(nwk.o)
                0x00013710                NWK_LinkShortAndExtAddress
 .text.nwkRouteReplyFrameInd
                0x000137e0      0x18c ../../../../BitCloud/lib/libBc_All_Atmega256rfr2_Atmega256rfr2_Gcc.a(nwk.o)
 .text.NWK_GetShortByExtAddress
                0x0001396c       0x66 ../../../../BitCloud/lib/libBc_All_Atmega256rfr2_Atmega256rfr2_Gcc.a(nwk.o)
                0x0001396c                NWK_GetShortByExtAddress
 .text.nwkJoinIndMacCommStatusInd
                0x000139d2       0x74 ../../../../BitCloud/lib/libBc_All_Atmega256rfr2_Atmega256rfr2_Gcc.a(nwk.o)